serverVersion:1.1.3 clientVersion:1.1.3
serverVersion:1.1.3 clientVersion:1.1.3
2022-09-27 12:14:07.849 5808-1/com.marsmarch.cookos I/CookOS: RemoteLogger: clientVersion:1.1.3 serverVersion:1.1.3
2022-09-27 12:14:07.851 1042-1/com.robotfood.cookv1 D/CookApp: DataCleanManager: killCookOSProcess cookOs.logger
2022-09-27 12:14:07.852 1042-1/com.robotfood.cookv1 D/CookApp: DataCleanManager: killCookOSProcess cookOs.ota
2022-09-27 12:14:07.854 1042-1/com.robotfood.cookv1 D/CookApp: DataCleanManager: killCookOSProcess cookOs.analytics
2022-09-27 12:14:07.856 1042-1/com.robotfood.cookv1 D/CookApp: DataCleanManager: killCookOSProcess com.marsmarch.cookos
2022-09-27 12:14:07.857 1042-121/com.robotfood.cookv1 W/CookApp: ClientCore: AIDL SERVER DIED
2022-09-27 12:14:07.858 1042-1/com.robotfood.cookv1 D/CookApp: ClientCore: ModuleClientCore server is reconnect : com.robotfood.cookv1
2022-09-27 12:14:07.859 1042-1/com.robotfood.cookv1 D/CookApp: LoginAgainTipsFragment: fragment on Attach
2022-09-27 12:14:07.865 1042-1/com.robotfood.cookv1 D/CookApp: AboutDeviceFragment: fragment on Destroy
2022-09-27 12:14:07.867 1042-1/com.robotfood.cookv1 I/CookApp: RemoteLogger: clientVersion:1.1.3 serverVersion:1.1.3
serverVersion:1.1.3 clientVersion:1.1.3
2022-09-27 12:14:08.277 5793-1/com.marsmarch.cookos I/CookOS: RemoteControlManager: Pid = 5793
2022-09-27 12:14:08.279 5793-1/com.marsmarch.cookos I/CookOS: PersistenceConfigProvider: getInt key:http_model defValue:1
2022-09-27 12:14:08.280 5793-1/com.marsmarch.cookos I/CookOS: PersistenceConfigProvider: getInt key:http_model defValue:1
2022-09-27 12:14:08.281 5793-1/com.marsmarch.cookos I/CookOS: PersistenceConfigProvider: getInt key:http_model defValue:1
2022-09-27 12:14:08.282 5793-1/com.marsmarch.cookos D/CookOS: OtaMcuInstallRegistry: register
2022-09-27 12:14:08.284 5793-1/com.marsmarch.cookos I/CookOS: RemoteLogger: clientVersion:1.1.3 serverVersion:1.1.3
2022-09-27 12:14:08.334 1042-1/com.robotfood.cookv1 D/CookApp: ClientCore: ModuleClientCore server is connected : com.robotfood.cookv1
2022-09-27 12:14:08.337 5793-127/com.marsmarch.cookos V/CookOS: CommandProcess: receive command: {"command_action":"COMMAND_GET_ENCRYPT_KEY","command_param1":false}
2022-09-27 12:14:08.337 5808-149/com.marsmarch.cookos I/CookOS: PersistenceConfigProvider: getInt key:http_model defValue:1
2022-09-27 12:14:08.337 1042-1/com.robotfood.cookv1 D/CookApp: TraceLinker: reportStartLink with linkName = OS重连 linkId = 58ee2f14-cb71-4671-95e2-0dd2e8e2104f_49
2022-09-27 12:14:08.338 1042-1/com.robotfood.cookv1 D/CookApp: TraceLogRecord: all recode size =0
2022-09-27 12:14:08.339 1042-1/com.robotfood.cookv1 I/CookApp: PersistenceConfigProvider: getString key:operator_id defValue:
2022-09-27 12:14:08.339 1042-89/com.robotfood.cookv1 D/CookApp: TraceLogRecord: reportLog = {"body":{"action":1,"c_time":1664252048332,"link_id":"58ee2f14-cb71-4671-95e2-0dd2e8e2104f_49","link_name":"OS重连","node_id":0,"node_name":"","status":1,"type":1},"id":"1664252048332","time":1664252048332,"type":"trace_event"}
2022-09-27 12:14:08.340 1042-1/com.robotfood.cookv1 I/CookApp: PersistenceConfigProvider: getString key:store_id defValue:
2022-09-27 12:14:08.341 1042-1/com.robotfood.cookv1 D/CookApp: TraceLinker: reportNode with nodeName = OS重连成功 nodeId = 1
2022-09-27 12:14:08.344 5808-149/com.marsmarch.cookos I/CookOS: Analytics: AnalyticsFileCache: Report fail table_name = {"table_name":"pot_cookos_reboot","body":"{\"ctime\":1664252048332,\"operator_id\":\"liuyanzheng\",\"store_id\":\"392719\"}"} saved file = true
2022-09-27 12:14:08.344 1042-1/com.robotfood.cookv1 D/CookApp: TraceLogRecord: all recode size =0
2022-09-27 12:14:08.347 5793-128/com.marsmarch.cookos D/CookOS: RemoteControlManager: publishsys/v1/cooking/C01NCNA0320228303565/trace/event/pusherror
2022-09-27 12:14:08.347 1042-1/com.robotfood.cookv1 D/CookApp: StartUpManager: app and cookOs reconnect success
2022-09-27 12:14:08.348 1042-1/com.robotfood.cookv1 D/CookApp: StartUpManager: onServiceConnectedInit invoked
2022-09-27 12:14:08.350 1042-1/com.robotfood.cookv1 I/CookApp: PersistenceConfigProvider: putInt key:http_model
2022-09-27 12:14:08.351 5793-127/com.marsmarch.cookos V/CookOS: CommandProcess: receive command: {"command_action":"COMMAND_GET_ENCRYPT_KEY","command_param1":false}
2022-09-27 12:14:08.351 1042-1/com.robotfood.cookv1 D/CookApp: InitComponent: isHardwareDebug:false
2022-09-27 12:14:08.352 5793-149/com.marsmarch.cookos D/CookOS: RemoteControlManager: reportMqttState = false
2022-09-27 12:14:08.353 5793-127/com.marsmarch.cookos V/CookOS: CommandProcess: receive command: {"command_action":"COMMAND_UPINIT","command_param1":"{\"baudrateString\":\"115200\",\"debugMode\":0,\"devicePath\":\"\/dev\/ttyS1\",\"generation\":\"TOB_V1\",\"isEntrypted\":true,\"isHardwareDebug\":false}"}
2022-09-27 12:14:08.355 1042-1/com.robotfood.cookv1 D/CookApp: InitComponent: 初始化上位机配置:true
2022-09-27 12:14:08.356 5793-127/com.marsmarch.cookos I/CookOS: PersistenceConfigProvider: getInt key:http_model defValue:1
2022-09-27 12:14:08.358 5793-127/com.marsmarch.cookos I/CookOS: PersistenceConfigProvider: getInt key:http_model defValue:1
2022-09-27 12:14:08.359 5793-127/com.marsmarch.cookos V/CookOS: CommandProcess: receive command: {"command_action":"COMMAND_OPENDEVICE","command_param1":"\/dev\/ttyS1","command_param2":"115200"}
2022-09-27 12:14:08.365 5793-127/com.marsmarch.cookos D/CookOS: HardwareManager: HEART_BREAK_TIME = 200
2022-09-27 12:14:08.369 1042-1/com.robotfood.cookv1 D/CookApp: InitComponent: 打开串口:true
2022-09-27 12:14:08.370 1042-1/com.robotfood.cookv1 D/CookApp: StartUpManager: initHardwareParamAndSerialPort result ,code -> 1
2022-09-27 12:14:08.371 1042-1/com.robotfood.cookv1 D/CookApp: MainActivity: start init success
2022-09-27 12:14:08.372 1042-1/com.robotfood.cookv1 D/CookApp: MainActivity: hardware init already success
2022-09-27 12:14:08.372 1042-1/com.robotfood.cookv1 D/CookApp: TraceLinker: reportNode with nodeName = OS重连后初始化成功 nodeId = 2
2022-09-27 12:14:08.373 1042-1/com.robotfood.cookv1 D/CookApp: TraceLogRecord: all recode size =1
2022-09-27 12:14:08.374 5793-149/com.marsmarch.cookos D/CookOS: RemoteControlManager: reportMqttState = false
2022-09-27 12:14:08.376 1042-1/com.robotfood.cookv1 D/CookApp: TraceLinker: reportEndLink with linkId = 58ee2f14-cb71-4671-95e2-0dd2e8e2104f_49
2022-09-27 12:14:08.378 1042-1/com.robotfood.cookv1 D/CookApp: TraceLogRecord: all recode size =2
serverVersion:1.1.3 clientVersion:1.1.3
2022-09-27 12:14:08.446 5873-1/com.marsmarch.cookos D/CookOS: OtaService: onStartCommand:1
2022-09-27 12:14:08.447 5873-152/com.marsmarch.cookos I/CookOS: PersistenceConfigProvider: getString key:ota_task_key defValue:null
2022-09-27 12:14:08.448 5873-1/com.marsmarch.cookos I/CookOS: RemoteLogger: clientVersion:1.1.3 serverVersion:1.1.3
2022-09-27 12:14:08.448 5873-1/com.marsmarch.cookos D/CookOS: OtaService: NetConnectionReceiver close connect
2022-09-27 12:15:00.079 5793-1/com.marsmarch.cookos D/CookOS: RemoteControlManager: reportMqttState = false
2022-09-27 12:16:00.067 5793-1/com.marsmarch.cookos D/CookOS: RemoteControlManager: reportMqttState = false
2022-09-27 12:17:00.091 5793-1/com.marsmarch.cookos D/CookOS: RemoteControlManager: reportMqttState = false
2022-09-27 12:17:47.592 1042-121/com.robotfood.cookv1 D/CookApp: HwApiSupply: onTemp: 30
2022-09-27 12:18:00.072 5793-1/com.marsmarch.cookos D/CookOS: RemoteControlManager: reportMqttState = false
2022-09-27 12:19:00.051 5793-1/com.marsmarch.cookos D/CookOS: RemoteControlManager: reportMqttState = false
2022-09-27 12:20:00.075 5793-1/com.marsmarch.cookos D/CookOS: RemoteControlManager: reportMqttState = false
2022-09-27 12:21:00.089 5793-1/com.marsmarch.cookos D/CookOS: RemoteControlManager: reportMqttState = false
2022-09-27 12:22:00.075 5793-1/com.marsmarch.cookos D/CookOS: RemoteControlManager: reportMqttState = false
2022-09-27 12:22:48.643 1042-121/com.robotfood.cookv1 D/CookApp: HwApiSupply: onTemp: 30
2022-09-27 12:23:00.071 5793-1/com.marsmarch.cookos D/CookOS: RemoteControlManager: reportMqttState = false
2022-09-27 12:24:00.088 5793-1/com.marsmarch.cookos D/CookOS: RemoteControlManager: reportMqttState = false
2022-09-27 12:25:00.050 5793-1/com.marsmarch.cookos D/CookOS: RemoteControlManager: reportMqttState = false
2022-09-27 12:26:00.068 5793-1/com.marsmarch.cookos D/CookOS: RemoteControlManager: reportMqttState = false
2022-09-27 12:27:00.067 5793-1/com.marsmarch.cookos D/CookOS: RemoteControlManager: reportMqttState = false
2022-09-27 12:27:49.580 1042-86/com.robotfood.cookv1 D/CookApp: HwApiSupply: onTemp: 31
2022-09-27 12:28:00.079 5793-1/com.marsmarch.cookos D/CookOS: RemoteControlManager: reportMqttState = false
2022-09-27 12:29:00.090 5793-1/com.marsmarch.cookos D/CookOS: RemoteControlManager: reportMqttState = false
2022-09-27 12:30:00.069 5793-1/com.marsmarch.cookos D/CookOS: RemoteControlManager: reportMqttState = false
2022-09-27 12:31:00.084 5793-1/com.marsmarch.cookos D/CookOS: RemoteControlManager: reportMqttState = false
2022-09-27 12:32:00.088 5793-1/com.marsmarch.cookos D/CookOS: RemoteControlManager: reportMqttState = false
2022-09-27 12:32:49.659 1042-121/com.robotfood.cookv1 D/CookApp: HwApiSupply: onTemp: 31
2022-09-27 12:33:00.039 5793-1/com.marsmarch.cookos D/CookOS: RemoteControlManager: reportMqttState = false
2022-09-27 12:34:00.083 5793-1/com.marsmarch.cookos D/CookOS: RemoteControlManager: reportMqttState = false
2022-09-27 12:35:00.067 5793-1/com.marsmarch.cookos D/CookOS: RemoteControlManager: reportMqttState = false
2022-09-27 12:36:00.076 5793-1/com.marsmarch.cookos D/CookOS: RemoteControlManager: reportMqttState = false
2022-09-27 12:37:00.087 5793-1/com.marsmarch.cookos D/CookOS: RemoteControlManager: reportMqttState = false
2022-09-27 12:37:50.539 1042-121/com.robotfood.cookv1 D/CookApp: HwApiSupply: onTemp: 31
2022-09-27 12:38:00.072 5793-1/com.marsmarch.cookos D/CookOS: RemoteControlManager: reportMqttState = false
2022-09-27 12:39:00.067 5793-1/com.marsmarch.cookos D/CookOS: RemoteControlManager: reportMqttState = false
2022-09-27 12:40:00.102 5793-1/com.marsmarch.cookos D/CookOS: RemoteControlManager: reportMqttState = false
2022-09-27 12:41:00.075 5793-1/com.marsmarch.cookos D/CookOS: RemoteControlManager: reportMqttState = false
2022-09-27 12:42:00.084 5793-1/com.marsmarch.cookos D/CookOS: RemoteControlManager: reportMqttState = false
2022-09-27 12:42:50.648 1042-121/com.robotfood.cookv1 D/CookApp: HwApiSupply: onTemp: 31
2022-09-27 12:43:00.087 5793-1/com.marsmarch.cookos D/CookOS: RemoteControlManager: reportMqttState = false
2022-09-27 12:44:00.083 5793-1/com.marsmarch.cookos D/CookOS: RemoteControlManager: reportMqttState = false
2022-09-27 12:45:00.068 5793-1/com.marsmarch.cookos D/CookOS: RemoteControlManager: reportMqttState = false
2022-09-27 12:46:00.077 5793-1/com.marsmarch.cookos D/CookOS: RemoteControlManager: reportMqttState = false
2022-09-27 12:47:00.054 5793-1/com.marsmarch.cookos D/CookOS: RemoteControlManager: reportMqttState = false
2022-09-27 12:47:51.657 1042-86/com.robotfood.cookv1 D/CookApp: HwApiSupply: onTemp: 31
2022-09-27 12:48:00.086 5793-1/com.marsmarch.cookos D/CookOS: RemoteControlManager: reportMqttState = false
2022-09-27 12:49:00.077 5793-1/com.marsmarch.cookos D/CookOS: RemoteControlManager: reportMqttState = false
2022-09-27 12:50:00.077 5793-1/com.marsmarch.cookos D/CookOS: RemoteControlManager: reportMqttState = false
2022-09-27 12:51:00.048 5793-1/com.marsmarch.cookos D/CookOS: RemoteControlManager: reportMqttState = false
2022-09-27 12:52:00.066 5793-1/com.marsmarch.cookos D/CookOS: RemoteControlManager: reportMqttState = false
2022-09-27 12:52:51.685 1042-86/com.robotfood.cookv1 D/CookApp: HwApiSupply: onTemp: 31
2022-09-27 12:53:00.082 5793-1/com.marsmarch.cookos D/CookOS: RemoteControlManager: reportMqttState = false
2022-09-27 12:54:00.112 5793-1/com.marsmarch.cookos D/CookOS: RemoteControlManager: reportMqttState = false
2022-09-27 12:55:00.075 5793-1/com.marsmarch.cookos D/CookOS: RemoteControlManager: reportMqttState = false
2022-09-27 12:56:00.066 5793-1/com.marsmarch.cookos D/CookOS: RemoteControlManager: reportMqttState = false
2022-09-27 12:57:00.079 5793-1/com.marsmarch.cookos D/CookOS: RemoteControlManager: reportMqttState = false
2022-09-27 12:57:52.775 1042-121/com.robotfood.cookv1 D/CookApp: HwApiSupply: onTemp: 31
2022-09-27 12:58:00.091 5793-1/com.marsmarch.cookos D/CookOS: RemoteControlManager: reportMqttState = false
2022-09-27 12:59:00.072 5793-1/com.marsmarch.cookos D/CookOS: RemoteControlManager: reportMqttState = false
2022-09-27 13:00:00.072 5793-1/com.marsmarch.cookos D/CookOS: RemoteControlManager: reportMqttState = false
2022-09-27 13:01:00.081 5793-1/com.marsmarch.cookos D/CookOS: RemoteControlManager: reportMqttState = false
2022-09-27 13:02:00.073 5793-1/com.marsmarch.cookos D/CookOS: RemoteControlManager: reportMqttState = false
2022-09-27 13:02:53.615 1042-86/com.robotfood.cookv1 D/CookApp: HwApiSupply: onTemp: 31
2022-09-27 13:03:00.068 5793-1/com.marsmarch.cookos D/CookOS: RemoteControlManager: reportMqttState = false
2022-09-27 13:04:00.080 5793-1/com.marsmarch.cookos D/CookOS: RemoteControlManager: reportMqttState = false
2022-09-27 13:05:00.075 5793-1/com.marsmarch.cookos D/CookOS: RemoteControlManager: reportMqttState = false
2022-09-27 13:06:00.066 5793-1/com.marsmarch.cookos D/CookOS: RemoteControlManager: reportMqttState = false
2022-09-27 13:07:00.069 5793-1/com.marsmarch.cookos D/CookOS: RemoteControlManager: reportMqttState = false
2022-09-27 13:07:53.712 1042-86/com.robotfood.cookv1 D/CookApp: HwApiSupply: onTemp: 31
2022-09-27 13:08:00.072 5793-1/com.marsmarch.cookos D/CookOS: RemoteControlManager: reportMqttState = false
2022-09-27 13:09:00.035 5793-1/com.marsmarch.cookos D/CookOS: RemoteControlManager: reportMqttState = false
2022-09-27 13:10:00.063 5793-1/com.marsmarch.cookos D/CookOS: RemoteControlManager: reportMqttState = false
2022-09-27 13:11:00.074 5793-1/com.marsmarch.cookos D/CookOS: RemoteControlManager: reportMqttState = false
2022-09-27 13:12:00.075 5793-1/com.marsmarch.cookos D/CookOS: RemoteControlManager: reportMqttState = false
2022-09-27 13:12:53.833 1042-86/com.robotfood.cookv1 D/CookApp: HwApiSupply: onTemp: 31
2022-09-27 13:13:00.076 5793-1/com.marsmarch.cookos D/CookOS: RemoteControlManager: reportMqttState = false
2022-09-27 13:14:00.079 5793-1/com.marsmarch.cookos D/CookOS: RemoteControlManager: reportMqttState = false
2022-09-27 13:15:00.079 5793-1/com.marsmarch.cookos D/CookOS: RemoteControlManager: reportMqttState = false
2022-09-27 13:16:00.058 5793-1/com.marsmarch.cookos D/CookOS: RemoteControlManager: reportMqttState = false
2022-09-27 13:17:00.072 5793-1/com.marsmarch.cookos D/CookOS: RemoteControlManager: reportMqttState = false
2022-09-27 13:17:53.851 1042-86/com.robotfood.cookv1 D/CookApp: HwApiSupply: onTemp: 31
2022-09-27 13:18:00.129 5793-1/com.marsmarch.cookos D/CookOS: RemoteControlManager: reportMqttState = false
2022-09-27 13:19:00.074 5793-1/com.marsmarch.cookos D/CookOS: RemoteControlManager: reportMqttState = false
2022-09-27 13:20:00.051 5793-1/com.marsmarch.cookos D/CookOS: RemoteControlManager: reportMqttState = false
2022-09-27 13:21:00.084 5793-1/com.marsmarch.cookos D/CookOS: RemoteControlManager: reportMqttState = false
2022-09-27 13:22:00.077 5793-1/com.marsmarch.cookos D/CookOS: RemoteControlManager: reportMqttState = false
2022-09-27 13:22:54.811 1042-121/com.robotfood.cookv1 D/CookApp: HwApiSupply: onTemp: 31
2022-09-27 13:23:00.098 5793-1/com.marsmarch.cookos D/CookOS: RemoteControlManager: reportMqttState = false
2022-09-27 13:24:00.085 5793-1/com.marsmarch.cookos D/CookOS: RemoteControlManager: reportMqttState = false
2022-09-27 13:25:00.083 5793-1/com.marsmarch.cookos D/CookOS: RemoteControlManager: reportMqttState = false
2022-09-27 13:26:00.097 5793-1/com.marsmarch.cookos D/CookOS: RemoteControlManager: reportMqttState = false
2022-09-27 13:27:00.059 5793-1/com.marsmarch.cookos D/CookOS: RemoteControlManager: reportMqttState = false
2022-09-27 13:27:55.869 1042-121/com.robotfood.cookv1 D/CookApp: HwApiSupply: onTemp: 31
2022-09-27 13:28:00.069 5793-1/com.marsmarch.cookos D/CookOS: RemoteControlManager: reportMqttState = false
2022-09-27 13:29:00.077 5793-1/com.marsmarch.cookos D/CookOS: RemoteControlManager: reportMqttState = false
2022-09-27 13:30:00.106 5793-1/com.marsmarch.cookos D/CookOS: RemoteControlManager: reportMqttState = false
2022-09-27 13:31:00.067 5793-1/com.marsmarch.cookos D/CookOS: RemoteControlManager: reportMqttState = false
2022-09-27 13:32:00.047 5793-1/com.marsmarch.cookos D/CookOS: RemoteControlManager: reportMqttState = false
2022-09-27 13:32:56.719 1042-121/com.robotfood.cookv1 D/CookApp: HwApiSupply: onTemp: 31
2022-09-27 13:33:00.075 5793-1/com.marsmarch.cookos D/CookOS: RemoteControlManager: reportMqttState = false
2022-09-27 13:34:00.081 5793-1/com.marsmarch.cookos D/CookOS: RemoteControlManager: reportMqttState = false
2022-09-27 13:35:00.048 5793-1/com.marsmarch.cookos D/CookOS: RemoteControlManager: reportMqttState = false
2022-09-27 13:36:00.068 5793-1/com.marsmarch.cookos D/CookOS: RemoteControlManager: reportMqttState = false
2022-09-27 13:37:00.084 5793-1/com.marsmarch.cookos D/CookOS: RemoteControlManager: reportMqttState = false
2022-09-27 13:37:56.847 1042-121/com.robotfood.cookv1 D/CookApp: HwApiSupply: onTemp: 31
2022-09-27 13:38:00.085 5793-1/com.marsmarch.cookos D/CookOS: RemoteControlManager: reportMqttState = false
2022-09-27 13:39:00.066 5793-1/com.marsmarch.cookos D/CookOS: RemoteControlManager: reportMqttState = false
2022-09-27 13:40:00.063 5793-1/com.marsmarch.cookos D/CookOS: RemoteControlManager: reportMqttState = false
2022-09-27 13:41:00.075 5793-1/com.marsmarch.cookos D/CookOS: RemoteControlManager: reportMqttState = false
2022-09-27 13:42:00.074 5793-1/com.marsmarch.cookos D/CookOS: RemoteControlManager: reportMqttState = false
2022-09-27 13:42:57.909 1042-288/com.robotfood.cookv1 D/CookApp: HwApiSupply: onTemp: 31
2022-09-27 13:43:00.066 5793-1/com.marsmarch.cookos D/CookOS: RemoteControlManager: reportMqttState = false
2022-09-27 13:44:00.076 5793-1/com.marsmarch.cookos D/CookOS: RemoteControlManager: reportMqttState = false
2022-09-27 13:45:00.083 5793-1/com.marsmarch.cookos D/CookOS: RemoteControlManager: reportMqttState = false
2022-09-27 13:46:00.053 5793-1/com.marsmarch.cookos D/CookOS: RemoteControlManager: reportMqttState = false
2022-09-27 13:47:00.084 5793-1/com.marsmarch.cookos D/CookOS: RemoteControlManager: reportMqttState = false
2022-09-27 13:47:58.876 1042-288/com.robotfood.cookv1 D/CookApp: HwApiSupply: onTemp: 31
2022-09-27 13:48:00.104 5793-1/com.marsmarch.cookos D/CookOS: RemoteControlManager: reportMqttState = false
2022-09-27 13:49:00.078 5793-1/com.marsmarch.cookos D/CookOS: RemoteControlManager: reportMqttState = false
2022-09-27 13:50:00.076 5793-1/com.marsmarch.cookos D/CookOS: RemoteControlManager: reportMqttState = false
2022-09-27 13:51:00.079 5793-1/com.marsmarch.cookos D/CookOS: RemoteControlManager: reportMqttState = false
2022-09-27 13:52:00.051 5793-1/com.marsmarch.cookos D/CookOS: RemoteControlManager: reportMqttState = false
2022-09-27 13:52:59.947 1042-121/com.robotfood.cookv1 D/CookApp: HwApiSupply: onTemp: 31
2022-09-27 13:53:00.081 5793-1/com.marsmarch.cookos D/CookOS: RemoteControlManager: reportMqttState = false
2022-09-27 13:54:00.087 5793-1/com.marsmarch.cookos D/CookOS: RemoteControlManager: reportMqttState = false
2022-09-27 13:55:00.077 5793-1/com.marsmarch.cookos D/CookOS: RemoteControlManager: reportMqttState = false
2022-09-27 13:56:00.084 5793-1/com.marsmarch.cookos D/CookOS: RemoteControlManager: reportMqttState = false
2022-09-27 13:57:00.073 5793-1/com.marsmarch.cookos D/CookOS: RemoteControlManager: reportMqttState = false
2022-09-27 13:58:00.077 5793-1/com.marsmarch.cookos D/CookOS: RemoteControlManager: reportMqttState = false
2022-09-27 13:58:00.984 1042-288/com.robotfood.cookv1 D/CookApp: HwApiSupply: onTemp: 32
2022-09-27 13:59:00.072 5793-1/com.marsmarch.cookos D/CookOS: RemoteControlManager: reportMqttState = false
2022-09-27 14:00:00.076 5793-1/com.marsmarch.cookos D/CookOS: RemoteControlManager: reportMqttState = false
2022-09-27 14:01:00.080 5793-1/com.marsmarch.cookos D/CookOS: RemoteControlManager: reportMqttState = false
2022-09-27 14:02:00.088 5793-1/com.marsmarch.cookos D/CookOS: RemoteControlManager: reportMqttState = false
2022-09-27 14:03:00.108 5793-1/com.marsmarch.cookos D/CookOS: RemoteControlManager: reportMqttState = false
2022-09-27 14:03:01.944 1042-288/com.robotfood.cookv1 D/CookApp: HwApiSupply: onTemp: 32
2022-09-27 14:04:00.051 5793-1/com.marsmarch.cookos D/CookOS: RemoteControlManager: reportMqttState = false
2022-09-27 14:05:00.089 5793-1/com.marsmarch.cookos D/CookOS: RemoteControlManager: reportMqttState = false
2022-09-27 14:06:00.107 5793-1/com.marsmarch.cookos D/CookOS: RemoteControlManager: reportMqttState = false
2022-09-27 14:07:00.077 5793-1/com.marsmarch.cookos D/CookOS: RemoteControlManager: reportMqttState = false
2022-09-27 14:08:00.064 5793-1/com.marsmarch.cookos D/CookOS: RemoteControlManager: reportMqttState = false
2022-09-27 14:08:02.964 1042-288/com.robotfood.cookv1 D/CookApp: HwApiSupply: onTemp: 32
2022-09-27 14:09:00.066 5793-1/com.marsmarch.cookos D/CookOS: RemoteControlManager: reportMqttState = false
2022-09-27 14:10:00.066 5793-1/com.marsmarch.cookos D/CookOS: RemoteControlManager: reportMqttState = false
2022-09-27 14:11:00.075 5793-1/com.marsmarch.cookos D/CookOS: RemoteControlManager: reportMqttState = false
2022-09-27 14:12:00.074 5793-1/com.marsmarch.cookos D/CookOS: RemoteControlManager: reportMqttState = false
2022-09-27 14:13:00.070 5793-1/com.marsmarch.cookos D/CookOS: RemoteControlManager: reportMqttState = false
2022-09-27 14:13:03.961 1042-288/com.robotfood.cookv1 D/CookApp: HwApiSupply: onTemp: 32
2022-09-27 14:14:00.071 5793-1/com.marsmarch.cookos D/CookOS: RemoteControlManager: reportMqttState = false
2022-09-27 14:15:00.074 5793-1/com.marsmarch.cookos D/CookOS: RemoteControlManager: reportMqttState = false
2022-09-27 14:16:00.064 5793-1/com.marsmarch.cookos D/CookOS: RemoteControlManager: reportMqttState = false
2022-09-27 14:17:00.077 5793-1/com.marsmarch.cookos D/CookOS: RemoteControlManager: reportMqttState = false
2022-09-27 14:18:00.083 5793-1/com.marsmarch.cookos D/CookOS: RemoteControlManager: reportMqttState = false
2022-09-27 14:18:04.043 1042-121/com.robotfood.cookv1 D/CookApp: HwApiSupply: onTemp: 32
2022-09-27 14:19:00.077 5793-1/com.marsmarch.cookos D/CookOS: RemoteControlManager: reportMqttState = false
2022-09-27 14:20:00.073 5793-1/com.marsmarch.cookos D/CookOS: RemoteControlManager: reportMqttState = false
2022-09-27 14:21:00.077 5793-1/com.marsmarch.cookos D/CookOS: RemoteControlManager: reportMqttState = false
2022-09-27 14:22:00.075 5793-1/com.marsmarch.cookos D/CookOS: RemoteControlManager: reportMqttState = false
2022-09-27 14:23:00.057 5793-1/com.marsmarch.cookos D/CookOS: RemoteControlManager: reportMqttState = false
2022-09-27 14:23:05.020 1042-288/com.robotfood.cookv1 D/CookApp: HwApiSupply: onTemp: 32
2022-09-27 14:24:00.071 5793-1/com.marsmarch.cookos D/CookOS: RemoteControlManager: reportMqttState = false
2022-09-27 14:25:00.093 5793-1/com.marsmarch.cookos D/CookOS: RemoteControlManager: reportMqttState = false
2022-09-27 14:25:32.690 5793-150/com.marsmarch.cookos V/CookOS: SerialReadThread: read hex str: 6A630100010001005F2F040003000000000001000000000000000000000000006CDE
2022-09-27 14:25:32.695 1042-288/com.robotfood.cookv1 D/CookApp: StartUpManager: hwStatus listener receive error arg1Code = 0 arg2Code = 1
2022-09-27 14:25:32.701 5793-150/com.marsmarch.cookos V/CookOS: SerialReadThread: Response{seqNumber=12127, actionGroup=4, action=3, arg1=0, arg2=1, arg3=0, arg4=0}
2022-09-27 14:25:32.705 1042-288/com.robotfood.cookv1 D/CookApp: AppExceptionManager: AppExceptionManager receive exception ,exceptionData -> ExceptionData{exceptionType=HARDWARE_EXCEPTION, exceptionCode='0&1', level=''}
2022-09-27 14:25:32.730 1042-288/com.robotfood.cookv1 I/CookApp: PersistenceConfigProvider: putInt key:robotfood.flag.TEMP_DEVICE_ERROR
2022-09-27 14:25:32.731 1042-1/com.robotfood.cookv1 I/CookApp: PersistenceConfigProvider: ContentObserver change key:robotfood.flag.TEMP_DEVICE_ERROR
2022-09-27 14:25:32.736 1042-1/com.robotfood.cookv1 I/CookApp: PersistenceConfigProvider: getInt key:robotfood.flag.TEMP_DEVICE_ERROR defValue:0
2022-09-27 14:25:32.739 1042-288/com.robotfood.cookv1 D/CookApp: HardwareException: errorCodeList.size -> 1
2022-09-27 14:25:32.740 1042-288/com.robotfood.cookv1 D/CookApp: ReportService: [doReportWork] tag:nullcla:ReportErrorWork
2022-09-27 14:25:32.743 1042-288/com.robotfood.cookv1 D/CookApp: StartUpManager: hwStatus listener receive error arg1Code = 0 arg2Code = 1
2022-09-27 14:25:32.744 1042-288/com.robotfood.cookv1 E/CookApp: AppExceptionManager: same error not handle
2022-09-27 14:25:32.752 1042-289/com.robotfood.cookv1 D/CookApp: : _OkHttp_--> POST http://cr-robotapi-pro.roboofood.com/v1/device_log/report
2022-09-27 14:25:32.753 1042-289/com.robotfood.cookv1 D/CookApp: : _OkHttp_Content-Type: application/json; charset=UTF-8
2022-09-27 14:25:32.755 1042-289/com.robotfood.cookv1 D/CookApp: : _OkHttp_Content-Length: 133
2022-09-27 14:25:32.756 1042-289/com.robotfood.cookv1 D/CookApp: : _OkHttp_
2022-09-27 14:25:32.758 1042-289/com.robotfood.cookv1 D/CookApp: : _OkHttp_{
  "list":[
    {
      "level":"warn",
      "log_content":"温度采集模块通讯异常",
      "log_key":"bit0",
      "log_type":2,
      "trigger_time":1664259932732
    }
  ]
}
2022-09-27 14:25:32.760 1042-289/com.robotfood.cookv1 D/CookApp: : _OkHttp_--> END POST (133-byte body)
2022-09-27 14:25:32.761 1042-289/com.robotfood.cookv1 D/CookApp: AppUtil: app package name com.robotfood.cookv1
2022-09-27 14:25:32.763 1042-289/com.robotfood.cookv1 D/CookApp: AppUtil: versionCode 12601
2022-09-27 14:25:32.764 1042-289/com.robotfood.cookv1 D/CookApp: : _OkHttp_<-- HTTP FAILED: java.net.UnknownHostException: Unable to resolve host "cr-robotapi-pro.roboofood.com": No address associated with hostname
2022-09-27 14:25:32.765 1042-289/com.robotfood.cookv1 D/CookApp: ReportErrorWork: report error

2022-09-27 14:25:32.766 1042-289/com.robotfood.cookv1 D/CookApp: ReportService: 异常上报失败
2022-09-27 14:25:34.027 5793-150/com.marsmarch.cookos V/CookOS: SerialReadThread: read hex str: 6A63010001000100612F040003000000000001000000000000000000000000001475
2022-09-27 14:25:34.038 5793-150/com.marsmarch.cookos V/CookOS: SerialReadThread: Response{seqNumber=12129, actionGroup=4, action=3, arg1=0, arg2=1, arg3=0, arg4=0}
2022-09-27 14:25:34.045 1042-121/com.robotfood.cookv1 D/CookApp: StartUpManager: hwStatus listener receive error arg1Code = 0 arg2Code = 1
2022-09-27 14:25:34.050 1042-121/com.robotfood.cookv1 E/CookApp: AppExceptionManager: same error not handle
serverVersion:1.1.3 clientVersion:1.1.3
2022-09-27 14:25:51.768 1189-1/com.marsmarch.cookos I/CookOS: RemoteLogger: clientVersion:1.1.3 serverVersion:1.1.3
serverVersion:1.1.3 clientVersion:1.1.3
2022-09-27 14:25:51.826 1043-1/com.robotfood.cookv1 I/CookApp: SystemConfig: flag:952680007
2022-09-27 14:25:51.827 1043-1/com.robotfood.cookv1 I/CookApp: SystemConfig: uid:1000
2022-09-27 14:25:51.828 1043-1/com.robotfood.cookv1 D/CookApp: SystemConfig: is system app :true
2022-09-27 14:25:51.829 1043-1/com.robotfood.cookv1 E/CookApp: TraceLinker: repeated start link action!
2022-09-27 14:25:51.830 1043-1/com.robotfood.cookv1 D/CookApp: TraceLinker: reportStartLink with linkName = 设备开机 linkId = bf65bbb0-2e55-46d8-823e-cd671c35fbb6_1
2022-09-27 14:25:51.831 1043-1/com.robotfood.cookv1 D/CookApp: TraceLogRecord: all recode size =0
2022-09-27 14:25:51.831 1043-1/com.robotfood.cookv1 D/CookApp: StartUpManager: startUp start
2022-09-27 14:25:51.833 1043-1/com.robotfood.cookv1 I/CookApp: RemoteLogger: clientVersion:1.1.3 serverVersion:1.1.3
serverVersion:1.1.3 clientVersion:1.1.3
2022-09-27 14:25:52.116 968-1/com.marsmarch.cookos I/CookOS: RemoteControlManager: Pid = 968
2022-09-27 14:25:52.117 968-1/com.marsmarch.cookos I/CookOS: PersistenceConfigProvider: getInt key:http_model defValue:1
2022-09-27 14:25:52.118 968-1/com.marsmarch.cookos I/CookOS: PersistenceConfigProvider: getInt key:http_model defValue:1
2022-09-27 14:25:52.118 968-1/com.marsmarch.cookos I/CookOS: PersistenceConfigProvider: getInt key:http_model defValue:1
2022-09-27 14:25:52.119 968-1/com.marsmarch.cookos D/CookOS: OtaMcuInstallRegistry: register
2022-09-27 14:25:52.120 968-1/com.marsmarch.cookos I/CookOS: RemoteLogger: clientVersion:1.1.3 serverVersion:1.1.3
2022-09-27 14:25:52.167 1043-1/com.robotfood.cookv1 D/CookApp: ClientCore: ModuleClientCore server is connected : com.robotfood.cookv1
2022-09-27 14:25:52.174 1043-1/com.robotfood.cookv1 D/CookApp: TraceLinker: reportNode with nodeName = OS连接成功 nodeId = 1
2022-09-27 14:25:52.176 1043-1/com.robotfood.cookv1 D/CookApp: TraceLogRecord: all recode size =1
2022-09-27 14:25:52.177 1043-1/com.robotfood.cookv1 D/CookApp: StartUpManager: app and cookOs connect success
2022-09-27 14:25:52.179 1043-1/com.robotfood.cookv1 D/CookApp: StartUpManager: onServiceConnectedInit invoked
2022-09-27 14:25:52.179 1043-1/com.robotfood.cookv1 I/CookApp: PersistenceConfigProvider: putInt key:http_model
2022-09-27 14:25:52.203 968-63/com.marsmarch.cookos V/CookOS: CommandProcess: receive command: {"command_action":"COMMAND_GET_ENCRYPT_KEY","command_param1":false}
2022-09-27 14:25:52.212 968-44/com.marsmarch.cookos D/CookOS: RemoteControlManager: reportMqttState = false
2022-09-27 14:25:52.213 1043-1/com.robotfood.cookv1 D/CookApp: InitComponent: isHardwareDebug:false
2022-09-27 14:25:52.219 968-64/com.marsmarch.cookos V/CookOS: CommandProcess: receive command: {"command_action":"COMMAND_UPINIT","command_param1":"{\"baudrateString\":\"115200\",\"debugMode\":0,\"devicePath\":\"\/dev\/ttyS1\",\"generation\":\"TOB_V1\",\"isEntrypted\":true,\"isHardwareDebug\":false}"}
2022-09-27 14:25:52.221 968-64/com.marsmarch.cookos I/CookOS: PersistenceConfigProvider: getInt key:http_model defValue:1
2022-09-27 14:25:52.222 1043-1/com.robotfood.cookv1 D/CookApp: InitComponent: 初始化上位机配置:true
2022-09-27 14:25:52.230 968-64/com.marsmarch.cookos I/CookOS: PersistenceConfigProvider: getInt key:http_model defValue:1
2022-09-27 14:25:52.231 968-63/com.marsmarch.cookos V/CookOS: CommandProcess: receive command: {"command_action":"COMMAND_OPENDEVICE","command_param1":"\/dev\/ttyS1","command_param2":"115200"}
2022-09-27 14:25:52.235 968-44/com.marsmarch.cookos D/CookOS: RemoteControlManager: reportMqttState = false
2022-09-27 14:25:52.236 968-63/com.marsmarch.cookos D/CookOS: HardwareManager: HEART_BREAK_TIME = 200
2022-09-27 14:25:52.240 1043-1/com.robotfood.cookv1 D/CookApp: InitComponent: 打开串口:true
2022-09-27 14:25:52.241 1043-1/com.robotfood.cookv1 D/CookApp: StartUpManager: initHardwareParamAndSerialPort result ,code -> 1
2022-09-27 14:25:52.242 1043-1/com.robotfood.cookv1 D/CookApp: MainActivity: start init success
2022-09-27 14:25:52.249 1043-1/com.robotfood.cookv1 D/CookApp: TraceLinker: reportNode with nodeName = 初始化成功 nodeId = 2
2022-09-27 14:25:52.250 1043-1/com.robotfood.cookv1 D/CookApp: TraceLogRecord: all recode size =2
2022-09-27 14:25:52.251 1043-1/com.robotfood.cookv1 D/CookApp: TraceLinker: reportEndLink with linkId = bf65bbb0-2e55-46d8-823e-cd671c35fbb6_1
2022-09-27 14:25:52.254 1043-1/com.robotfood.cookv1 D/CookApp: TraceLogRecord: all recode size =3
2022-09-27 14:25:52.274 1043-1/com.robotfood.cookv1 D/CookApp: WifiManagerFragment: fragment on Attach
serverVersion:1.1.3 clientVersion:1.1.3
2022-09-27 14:25:52.315 1258-1/com.marsmarch.cookos D/CookOS: OtaService: onStartCommand:1
2022-09-27 14:25:52.316 1258-96/com.marsmarch.cookos I/CookOS: PersistenceConfigProvider: getString key:ota_task_key defValue:null
2022-09-27 14:25:52.318 1258-1/com.marsmarch.cookos I/CookOS: RemoteLogger: clientVersion:1.1.3 serverVersion:1.1.3
2022-09-27 14:25:52.356 1043-1/com.robotfood.cookv1 W/CookApp: WifiManagerFragment: fragmentData is not correct, fragmentData -> com.robotfood.cook.entity.fragmentData.BaseFragmentData@56952d1
2022-09-27 14:25:52.453 1043-59/com.robotfood.cookv1 D/CookApp: HwApiSupply: onTemp: 32
2022-09-27 14:25:53.525 1043-1/com.robotfood.cookv1 D/CookApp: wifiState: xianglukeji_2.4G
2022-09-27 14:25:53.527 1043-1/com.robotfood.cookv1 D/CookApp: wifiState: xianglukeji
2022-09-27 14:25:53.531 1043-1/com.robotfood.cookv1 D/CookApp: wifiState: xianglukeji-guest
2022-09-27 14:25:53.532 1043-1/com.robotfood.cookv1 D/CookApp: wifiState: cyc
2022-09-27 14:25:53.535 1043-1/com.robotfood.cookv1 D/CookApp: wifiState: STB_GB3U
2022-09-27 14:25:53.537 1043-1/com.robotfood.cookv1 D/CookApp: wifiState: DIRECT-3A-HP Laser 178nw
2022-09-27 14:25:53.539 1043-1/com.robotfood.cookv1 D/CookApp: wifiState: CU_GB3U
2022-09-27 14:25:53.540 1043-1/com.robotfood.cookv1 D/CookApp: wifiState: 天姬互联
2022-09-27 14:25:53.541 1043-1/com.robotfood.cookv1 D/CookApp: wifiState: 
2022-09-27 14:25:53.543 1043-1/com.robotfood.cookv1 D/CookApp: wifiState: 2304
2022-09-27 14:25:53.544 1043-1/com.robotfood.cookv1 D/CookApp: wifiState: jiudianceshi
2022-09-27 14:25:53.545 1043-1/com.robotfood.cookv1 D/CookApp: wifiState: 智信堂
2022-09-27 14:25:53.551 1043-1/com.robotfood.cookv1 D/CookApp: onBindChildViewHolder: xianglukeji_2.4G
2022-09-27 14:25:53.564 1043-1/com.robotfood.cookv1 D/CookApp: onBindChildViewHolder: xianglukeji
2022-09-27 14:25:53.572 1043-1/com.robotfood.cookv1 D/CookApp: onBindChildViewHolder: xianglukeji-guest
2022-09-27 14:25:53.580 1043-1/com.robotfood.cookv1 D/CookApp: onBindChildViewHolder: cyc
2022-09-27 14:25:53.590 1043-1/com.robotfood.cookv1 D/CookApp: onBindChildViewHolder: STB_GB3U
2022-09-27 14:25:53.598 1043-1/com.robotfood.cookv1 D/CookApp: onBindChildViewHolder: DIRECT-3A-HP Laser 178nw
2022-09-27 14:25:53.607 1043-1/com.robotfood.cookv1 D/CookApp: onBindChildViewHolder: CU_GB3U
2022-09-27 14:25:53.616 1043-1/com.robotfood.cookv1 D/CookApp: onBindChildViewHolder: 天姬互联
2022-09-27 14:25:53.629 1043-1/com.robotfood.cookv1 D/CookApp: onBindChildViewHolder: 
2022-09-27 14:25:53.636 1043-1/com.robotfood.cookv1 D/CookApp: onBindChildViewHolder: 2304
2022-09-27 14:25:53.644 1043-1/com.robotfood.cookv1 D/CookApp: onBindChildViewHolder: jiudianceshi
2022-09-27 14:25:53.725 968-1/com.marsmarch.cookos D/CookOS: BootReceiver: android.intent.action.BOOT_COMPLETED
2022-09-27 14:25:53.732 968-1/com.marsmarch.cookos I/CookOS: Iap: update mcuVersion
2022-09-27 14:25:53.734 968-1/com.marsmarch.cookos V/CookOS: HardwareManager: Request{seqNumber=7, actionGroup=7, action=2, arg1=0, arg2=0, arg3=0, arg4=0}
2022-09-27 14:25:53.735 968-66/com.marsmarch.cookos V/CookOS: Command: command hex str: 6A6301007B007B00070007000200000000000000000000000000000000000000AF24
2022-09-27 14:25:53.746 968-65/com.marsmarch.cookos V/CookOS: SerialReadThread: read hex str: 6A6301007B007B00070007000200887E000000000000000000000000000000004516
2022-09-27 14:25:53.747 968-65/com.marsmarch.cookos V/CookOS: SerialReadThread: Response{seqNumber=7, actionGroup=7, action=2, arg1=32392, arg2=0, arg3=0, arg4=0}
2022-09-27 14:25:53.795 968-1/com.marsmarch.cookos D/CookOS: BootReceiver: {"info":[{"app_id":"com.marsmarch.cookos","type":2,"version":"1.26.01"},{"type":3,"version":"0"},{"app_id":"com.robotfood.cookv1","type":1,"version":"12601"},{"type":4,"version":"3.2"},{"type":5,"version":"0.0.1"}],"cr-status":{"state":1}}
2022-09-27 14:25:53.799 968-1/com.marsmarch.cookos I/CookOS: PersistenceConfigProvider: getString key:ota_task_key defValue:null
2022-09-27 14:26:00.087 968-1/com.marsmarch.cookos D/CookOS: RemoteControlManager: reportMqttState = false
2022-09-27 14:26:30.042 1043-1/com.robotfood.cookv1 D/CookApp: WIfiManagerViewModel: connectWifi success
2022-09-27 14:26:30.045 1043-1/com.robotfood.cookv1 D/CookApp: WifiManagerFragment: wifi connect success
2022-09-27 14:26:30.195 968-1/com.marsmarch.cookos D/CookOS: RemoteControlManager: onWifiConnected to connect mqtt
2022-09-27 14:26:30.198 1258-1/com.marsmarch.cookos D/CookOS: OtaService: NetConnectionReceiver connect
2022-09-27 14:26:30.200 1043-1/com.robotfood.cookv1 D/CookApp: ipReport: ipReport
2022-09-27 14:26:30.205 1043-1/com.robotfood.cookv1 I/CookApp: PersistenceConfigProvider: getString key:operator_id defValue:
2022-09-27 14:26:30.206 1043-1/com.robotfood.cookv1 I/CookApp: PersistenceConfigProvider: getString key:store_id defValue:
2022-09-27 14:26:30.207 1043-1/com.robotfood.cookv1 D/CookApp: WifiManagerFragment: wifi conect
2022-09-27 14:26:30.208 1189-92/com.marsmarch.cookos I/CookOS: PersistenceConfigProvider: getInt key:http_model defValue:1
2022-09-27 14:26:30.210 968-1/com.marsmarch.cookos D/CookOS: RemoteControlManager: onWifiConnected to connect mqtt
2022-09-27 14:26:30.215 1043-1/com.robotfood.cookv1 D/CookApp: ipReport: ipReport
2022-09-27 14:26:30.216 1043-1/com.robotfood.cookv1 I/CookApp: PersistenceConfigProvider: getString key:operator_id defValue:
2022-09-27 14:26:30.218 1043-1/com.robotfood.cookv1 I/CookApp: PersistenceConfigProvider: getString key:store_id defValue:
2022-09-27 14:26:30.219 1043-1/com.robotfood.cookv1 D/CookApp: WifiManagerFragment: wifi conect
2022-09-27 14:26:30.230 1189-92/com.marsmarch.cookos I/CookOS: Analytics: AnalyticsReportManager: report event table name = pot_first_address_ip
2022-09-27 14:26:30.233 1189-92/com.marsmarch.cookos I/CookOS: PersistenceConfigProvider: getInt key:http_model defValue:1
2022-09-27 14:26:30.236 968-69/com.marsmarch.cookos I/CookOS: PersistenceConfigProvider: getInt key:http_model defValue:1
2022-09-27 14:26:30.237 1189-92/com.marsmarch.cookos I/CookOS: PersistenceConfigProvider: getInt key:http_model defValue:1
2022-09-27 14:26:30.299 968-69/com.marsmarch.cookos I/CookOS: PersistenceConfigProvider: getInt key:http_model defValue:1
2022-09-27 14:26:30.321 1189-92/com.marsmarch.cookos I/CookOS: PersistenceConfigProvider: getInt key:http_model defValue:1
2022-09-27 14:26:30.325 1189-92/com.marsmarch.cookos I/CookOS: PersistenceConfigProvider: getInt key:http_model defValue:1
2022-09-27 14:26:30.365 1189-92/com.marsmarch.cookos D/CookOS: Analytics: Repository: _OkHttp_--> POST https://robot-dm-buried.hi-walle.com/buried/api/app/add (274-byte body)
2022-09-27 14:26:30.391 968-70/com.marsmarch.cookos D/CookOS: MarsMarch_MQTT_MarsMarch_MQTT: response status:200 url: https://robot-dm-robotapi.hi-walle.com/v1/api/robot/token
2022-09-27 14:26:30.393 968-70/com.marsmarch.cookos I/CookOS: MarsMarch_MQTT_MarsMarch_MQTT-WebClient: response={"header":{"msg":"OK","code":0,"time":1664259990,"request_id":"e94299023e20766f09569ff1d56ceded"},"data":{"access_token":"OTllODdmNzZlM2Y4M2VhMmRiMTRjYTg2ZDg1N2ViNjc1ZTU2M2YzMw==","refresh_token":"MWYxNTZlN2Q3N2YyNGZkNmIyMjI4MjI1YTZlZGVjNzcxN2NiMmMzNA==","expires_in":7200,"scope":"all","token_type":"robot"}}
2022-09-27 14:26:30.406 968-70/com.marsmarch.cookos D/CookOS: MarsMarch_MQTT_MarsMarch_MQTT: finally url: https://robot-dm-robotapi.hi-walle.com/v1/api/robot/token callback: com.marsmarch.network.WebClient$1@bd8715b
2022-09-27 14:26:30.439 968-75/com.marsmarch.cookos D/CookOS: MarsMarch_MQTT_MarsMarch_MQTT: response status:200 url: https://robot-dm-robotapi.hi-walle.com/v1/api/ca/sign_csr
2022-09-27 14:26:30.440 968-75/com.marsmarch.cookos I/CookOS: MarsMarch_MQTT_MarsMarch_MQTT-WebClient: response={"header":{"msg":"OK","code":0,"time":1664259990,"request_id":"670f189b6a285e3f35c6eed179248aea"},"data":{"cert":"-----BEGIN CERTIFICATE-----\nMIIDczCCAlugAwIBAgIRAOIcxtq1PQc1SWusKw/0uP8wDQYJKoZIhvcNAQELBQAw\nPzELMAkGA1UEBhMCQ04xETAPBgNVBAgMCGhhbmd6aG91MQwwCgYDVQQKDANFTVEx\nDzANBgNVBAMMBlJvb3RDQTAgFw0yMjA5MDUwMTU5MzJaGA8yMDcyMDgyMzAxNTkz\nMlowXzELMAkGA1UEBhMCQ04xEDAOBgNVBAgTB2JlaWppbmcxEDAOBgNVBAcTB2Jl\naWppbmcxLDAqBgNVBAMTI3JvYm90LWRtLXJvYm90YXBpLXRlc3QuaGktd2FsbGUu\nY29tMIIBIjANBgkqhkiG9w0BAQEFAAOCAQ8AMIIBCgKCAQEAso0dyStqvOncIZp6\nfrRkjoxdJb7MW5HwXLooJgTPswjZTsO4Ray6Qw49kQ5lgkT/uhghxD3fud0JZXaS\n8qARcaLj1NPRmj/Ux/bAIlnnbAEzZ8talpfBDTf6z2R45YM5IgUqTHRw92G3SciV\n0xVWt6uYPqYWDUQd05UZ54wZ/igL7Awr76c6nNSvJM00lEEngHEWObtpmwnuOWeq\n3KZ7w/PJIQiKmSR5la842Kg3BTozx2Ij0q42Q4ICW0k22RPgLxZEHu48syudDiwO\nJqH+cf9LF5GC9viuPeKxiRc6lr7b0RKC04UDNWSy9xubrviaUpoV+QwlGGmjnxhK\nlQEyxwIDAQABo0gwRjAOBgNVHQ8BAf8EBAMCAqQwEwYDVR0lBAwwCgYIKwYBBQUH\nAwIwHwYDVR0jBBgwFoAUGBmW+iDzxctWAWxmhgdlE8PjEbQwDQYJKoZIhvcNAQEL\nBQADggEBAKq4R97MiHCTkjM/Vn5CuiISXYCoz8LdE56Xu32cyW9wVGThiKhAQJXZ\n7WvakifITJgMLo1CxO2caQy6oeoIU92s2llQS9zST0Bz2BreD0O59UwyFbu4UFOp\nOP4QqVEuW9lEtETqpAw/0m5D8VUD7FBTxpqenRHjakxBsO/wtILLcp4wnzb3Ij6X\noOfL9ECLeCvT4Fr22ngUrQPZR6LqDAj4BlCSQI1Sfq5WX4Zh8TCzx5QInlT1ztOk\n7IjwSguQXcNzoTynijOUh9BTgbtO9MNvoSFwmNGL0dbw97dokviJrY06TL2bVtJf\nH85Oji/KrLpUvvVUpPqGdLR2Jcb4PP8=\n-----END CERTIFICATE-----\n","expiration":"2072-08-23 01:59:33 +0000 UTC"}}
2022-09-27 14:26:30.446 968-75/com.marsmarch.cookos D/CookOS: RemoteControlManager: get token cert info etc success
2022-09-27 14:26:30.447 968-76/com.marsmarch.cookos D/CookOS: AppUtil: app package name com.marsmarch.cookos
2022-09-27 14:26:30.450 968-75/com.marsmarch.cookos D/CookOS: RemoteControlManager: reportMqttState = false
2022-09-27 14:26:30.452 968-75/com.marsmarch.cookos D/CookOS: MarsMarch_MQTT_requestMqttInfo: requestMqttInfo
2022-09-27 14:26:30.454 968-76/com.marsmarch.cookos D/CookOS: AppUtil: versionCode 12601
2022-09-27 14:26:30.455 1043-87/com.robotfood.cookv1 D/CookApp: RemoteManager:  connectRemote success
2022-09-27 14:26:30.457 968-76/com.marsmarch.cookos D/CookOS: AppUtil: versionCode 12601
2022-09-27 14:26:30.458 968-76/com.marsmarch.cookos D/CookOS: DeviceConfigApi: _OkHttp_--> POST https://cr-robotapi-pro.roboofood.com/v1/auth/encrypt
2022-09-27 14:26:30.459 968-76/com.marsmarch.cookos D/CookOS: DeviceConfigApi: _OkHttp_Content-Length: 0
2022-09-27 14:26:30.460 968-76/com.marsmarch.cookos D/CookOS: DeviceConfigApi: _OkHttp_X-Common-Lang: zh
2022-09-27 14:26:30.462 968-76/com.marsmarch.cookos D/CookOS: DeviceConfigApi: _OkHttp_X-Common-Device-ID: C01NCNA0320228303565
2022-09-27 14:26:30.463 968-76/com.marsmarch.cookos D/CookOS: DeviceConfigApi: _OkHttp_X-Request-Source: com.marsmarch.cookos
2022-09-27 14:26:30.465 968-76/com.marsmarch.cookos D/CookOS: DeviceConfigApi: _OkHttp_X-System-Version: 12601
2022-09-27 14:26:30.467 968-76/com.marsmarch.cookos D/CookOS: DeviceConfigApi: _OkHttp_X-App-Version: 12601
2022-09-27 14:26:30.468 968-75/com.marsmarch.cookos D/CookOS: MarsMarch_MQTT_MarsMarch_MQTT: finally url: https://robot-dm-robotapi.hi-walle.com/v1/api/ca/sign_csr callback: com.marsmarch.network.WebClient$1@fdac410
2022-09-27 14:26:30.470 968-76/com.marsmarch.cookos D/CookOS: DeviceConfigApi: _OkHttp_X-Request-ID: c45720ef-36cc-4d6e-b0a4-7c139d397117
2022-09-27 14:26:30.470 968-76/com.marsmarch.cookos D/CookOS: DeviceConfigApi: _OkHttp_X-System-Timestamp: 1664259990
2022-09-27 14:26:30.472 968-76/com.marsmarch.cookos D/CookOS: DeviceConfigApi: _OkHttp_--> END POST
2022-09-27 14:26:30.488 968-70/com.marsmarch.cookos D/CookOS: MarsMarch_MQTT_MarsMarch_MQTT: response status:200 url: https://robot-dm-robotapi.hi-walle.com/v1/api/robot/mqtt/info
2022-09-27 14:26:30.489 968-70/com.marsmarch.cookos I/CookOS: MarsMarch_MQTT_MarsMarch_MQTT-WebClient: response={"header":{"msg":"OK","code":0,"time":1664259991,"request_id":"e5996dd90c2bc3b9a18453418262b230"},"data":{"config":{"user_name":"KmfieGLwLA/cqRB92s18LAD8QvyUOZBlfj/qJ3TlDXnl2zHYkUKOOUxuBGQ5/vB1+bbx/OItfSv4KrEGnRaa+Iben4rd3jm6nXNPPbwiMUAPW1aU23gHoNmV9+LPiI6dcOo0ZjVAplc601pp/ZejAw1D8HJTUh/M67FT6ea8iPZw6yiunt0etdbru/0jfLmvHm4hFopRfRvcuErwIx9FBvZ2PhWz7wvdgORoFxYwqJFDhQuY2hiNN9sMb1sp+AxqsH515OFLP2gtz4vzWUqAvI6QFdQcuSZET2MYi4ovTCmB5NOfBl1Y8vfJgZQ7t/bUxREHBtvS7uxA7utvjaUPLQ==","password":"Uq/kWfCwDjX4tbP89wsZEj1MqFag7OAC4gTtF6NdERigyYdjfSyCkEhJ4pPRRXsIl5ErdEnPXQk9VrMN2VEbBlqTWB19lYKH0yjI/RpVmyoRgTrndIdnh+hpUFlJWHt2VRhiDrUvYYAgkUGhqR4moo7ch1QjNYMYR6tL7OxpaVMiIRDTroCT1lIZTZHVk3YU8FpeY+n45cNff1Q8awwRknmLkKKfUNBFOnT3UePuQZDjuGWpZaKgL9WKxANK3Rb+2b5pOGhXGH77mtNCfZQA77p5s6PbvVG8dHRfl8It/GcikrLpd5NP6Ij1tYxhdcYLM/iL+JuGGw3DLoE+2ucAiQ==","client_id":"device.C01NCNA0320228303565.z_794640685101109248","broker":["mqtts://123.56.247.223:8883"]},"topic":{"debug":["sys/v1/cooking/C01NCNA0320228303565/vpn/debug"],"device_event":["sys/v1/cooking/C01NCNA0320228303565/device_event"],"log":["sys/v1/cooking/C01NCNA0320228303565/log/push"],"ota_upgrade":["sys/v1/cooking/C01NCNA0320228303565/ota/push","sys/v1/cooking/{device}/ota/push"],"recipe":["sys/v1/cooking/C01NCNA0320228303565/recipe/push"],"status":["sys/v1/cooking/C01NCNA0320228303565/info/status"],"status_reply":["sys/v1/cooking/C01NCNA0320228303565/task_status_event"],"trace_event":["sys/v1/cooking/C01NCNA0320228303565/trace/event/push"],"ware":["sys/v1/cooking/C01NCNA0320228303565/ware/update"]}}}
2022-09-27 14:26:30.553 968-70/com.marsmarch.cookos D/CookOS: MarsMarch_MQTT_MarsMarch_MQTTMqttClient: user connect to incert
2022-09-27 14:26:30.560 1189-92/com.marsmarch.cookos D/CookOS: Analytics: Repository: _OkHttp_<-- 200 https://robot-dm-buried.hi-walle.com/buried/api/app/add (195ms, 154-byte body)
2022-09-27 14:26:30.577 1189-92/com.marsmarch.cookos D/CookOS: Analytics: Repository: _OkHttp_--> POST https://robot-dm-robotapi.hi-walle.com/v1/api/robot/token (20-byte body)
2022-09-27 14:26:30.701 1189-92/com.marsmarch.cookos D/CookOS: Analytics: Repository: _OkHttp_<-- 200 https://robot-dm-robotapi.hi-walle.com/v1/api/robot/token (123ms, 309-byte body)
2022-09-27 14:26:30.708 1189-92/com.marsmarch.cookos D/CookOS: Analytics: Repository: _OkHttp_--> POST https://robot-dm-buried.hi-walle.com/buried/api/app/add (274-byte body)
2022-09-27 14:26:30.731 968-76/com.marsmarch.cookos D/CookOS: DeviceConfigApi: _OkHttp_<-- 200 https://cr-robotapi-pro.roboofood.com/v1/auth/encrypt (269ms)
2022-09-27 14:26:30.735 968-76/com.marsmarch.cookos D/CookOS: DeviceConfigApi: _OkHttp_date: Tue,
 27 Sep 2022 06:26:31 GMT
2022-09-27 14:26:30.737 968-76/com.marsmarch.cookos D/CookOS: DeviceConfigApi: _OkHttp_content-type: application/json; charset=utf-8
2022-09-27 14:26:30.737 1189-92/com.marsmarch.cookos D/CookOS: Analytics: Repository: _OkHttp_<-- 200 https://robot-dm-buried.hi-walle.com/buried/api/app/add (27ms, 178-byte body)
2022-09-27 14:26:30.738 968-76/com.marsmarch.cookos D/CookOS: DeviceConfigApi: _OkHttp_content-length: 464
2022-09-27 14:26:30.740 968-76/com.marsmarch.cookos D/CookOS: DeviceConfigApi: _OkHttp_x-request-id: c45720ef-36cc-4d6e-b0a4-7c139d397117
2022-09-27 14:26:30.740 1189-92/com.marsmarch.cookos I/CookOS: PersistenceConfigProvider: getInt key:http_model defValue:1
2022-09-27 14:26:30.741 968-76/com.marsmarch.cookos D/CookOS: DeviceConfigApi: _OkHttp_strict-transport-security: max-age=15724800; includeSubDomains
2022-09-27 14:26:30.743 968-76/com.marsmarch.cookos D/CookOS: DeviceConfigApi: _OkHttp_access-control-allow-origin: *
2022-09-27 14:26:30.749 968-76/com.marsmarch.cookos D/CookOS: DeviceConfigApi: _OkHttp_access-control-allow-credentials: true
2022-09-27 14:26:30.750 968-76/com.marsmarch.cookos D/CookOS: DeviceConfigApi: _OkHttp_<-- END HTTP
2022-09-27 14:26:30.765 968-82/com.marsmarch.cookos D/CookOS: InitManager: getEncryptKey{"key":"csweq+ip/hGaMDAiuVNc/kvc2CzcWtn+DfTZt+akUnVs4r9cEFmR6ODEyFXVM/iySXA5GvORYtFjzxcXIYRKQWBkRNARcQGjoPc+xnA3TqecNQ0Q6kU4lq985FQGU+OppvpOzCzRMYm8hFW6aR+ciug6heI4B8GynPQpbwiKb26wiXMe2OyRr5F+aap7WgtJm+mLIOVi41ob+IBRLMa/4A9N0J8wkKuRD+CHM6Y+E8VGI6z7SnQ17DlAZfdt1HNy7u3B6rZoCy0EArmMtd/iP7OE/mwPnnJPQfWxiA1pjOB6/15TzJ5iDgIuVYXYJGsg9qrqR2H+CZfEa5aHIOH34A=="}
2022-09-27 14:26:30.780 1189-92/com.marsmarch.cookos I/CookOS: Analytics: AnalyticsReportManager: report event table name = pot_first_address_ip
2022-09-27 14:26:30.783 1189-92/com.marsmarch.cookos D/CookOS: Analytics: Repository: _OkHttp_--> POST https://robot-dm-buried.hi-walle.com/buried/api/app/add (274-byte body)
2022-09-27 14:26:30.815 1189-92/com.marsmarch.cookos D/CookOS: Analytics: Repository: _OkHttp_<-- 200 https://robot-dm-buried.hi-walle.com/buried/api/app/add (31ms, 178-byte body)
2022-09-27 14:26:30.888 968-70/com.marsmarch.cookos D/CookOS: MarsMarch_MQTT_MarsMarch_MQTTSslUtils: Unencrypted key - no password needed
2022-09-27 14:26:31.043 968-70/com.marsmarch.cookos D/CookOS: MarsMarch_MQTT_MarsMarch_MQTTMqttClient: mqttClient  begin connect
2022-09-27 14:26:31.842 968-86/com.marsmarch.cookos D/CookOS: MarsMarch_MQTT_MarsMarch_MQTTMqttClient: mqtt 连接成功！！！ string s = ssl://123.56.247.223:8883
2022-09-27 14:26:31.852 968-86/com.marsmarch.cookos D/CookOS: RemoteControlManager: mqtt connect success
2022-09-27 14:26:31.856 968-86/com.marsmarch.cookos D/CookOS: topic_log: sys/v1/cooking/C01NCNA0320228303565/log/push
2022-09-27 14:26:31.859 968-70/com.marsmarch.cookos D/CookOS: MarsMarch_MQTT_MarsMarch_MQTT: finally url: https://robot-dm-robotapi.hi-walle.com/v1/api/robot/mqtt/info callback: com.marsmarch.network.WebClient$1@ca33a2c
2022-09-27 14:26:31.866 1043-1/com.robotfood.cookv1 D/CookApp: WifiManagerFragment: android.intent.action.TIME_SET
2022-09-27 14:26:31.867 1043-1/com.robotfood.cookv1 D/CookApp: WifiManagerFragment: getDateTime: 2022-09-27 14:26:31
2022-09-27 14:26:31.868 1043-1/com.robotfood.cookv1 D/CookApp: WifiManagerFragment: goToInitPage
2022-09-27 14:26:31.881 968-86/com.marsmarch.cookos D/CookOS: topic_reply: sys/v1/cooking/C01NCNA0320228303565/task_status_event
2022-09-27 14:26:31.883 1043-1/com.robotfood.cookv1 D/CookApp: InitFragment: fragment on Attach
2022-09-27 14:26:31.884 968-86/com.marsmarch.cookos D/CookOS: topic_debug: sys/v1/cooking/C01NCNA0320228303565/vpn/debug
2022-09-27 14:26:31.887 968-86/com.marsmarch.cookos D/CookOS: topic_reply: sys/v1/cooking/C01NCNA0320228303565/task_status_event
2022-09-27 14:26:31.993 968-86/com.marsmarch.cookos D/CookOS: topic_status: sys/v1/cooking/C01NCNA0320228303565/info/status
