2022-09-27 15:02:46.074 968-65/com.marsmarch.cookos V/CookOS: SerialReadThread: Response{seqNumber=10159, actionGroup=7, action=6, arg1=1, arg2=0, arg3=0, arg4=0}
2022-09-27 15:02:46.075 968-64/com.marsmarch.cookos V/CookOS: CommandProcess: receive command: {"command_action":"COMMAND_HW","command_param1":7,"command_param2":1,"command_param3":0}
2022-09-27 15:02:46.085 968-64/com.marsmarch.cookos V/CookOS: HardwareManager: Request{seqNumber=10161, actionGroup=7, action=1, arg1=0, arg2=0, arg3=0, arg4=0}
2022-09-27 15:02:46.086 968-66/com.marsmarch.cookos V/CookOS: Command: command hex str: 6A6301007B007B00B12707000100000000000000000000000000000000000000EFB7
2022-09-27 15:02:46.098 968-65/com.marsmarch.cookos V/CookOS: SerialReadThread: read hex str: 6A6301007B007B00B12707000100010000000000000000000000000000000000BE4B
2022-09-27 15:02:46.099 968-65/com.marsmarch.cookos V/CookOS: SerialReadThread: Response{seqNumber=10161, actionGroup=7, action=1, arg1=1, arg2=0, arg3=0, arg4=0}
2022-09-27 15:02:46.099 1043-123/com.robotfood.cookv1 D/CookApp: StopCookComponent: query status isBoxMoving -> false,isStirMoving -> false, isPotMoving -> false
2022-09-27 15:02:46.100 968-64/com.marsmarch.cookos V/CookOS: CommandProcess: receive command: {"command_action":"COMMAND_HW","command_param1":3,"command_param2":1,"command_param3":0}
2022-09-27 15:02:46.102 968-64/com.marsmarch.cookos V/CookOS: HardwareManager: Request{seqNumber=10162, actionGroup=3, action=1, arg1=0, arg2=0, arg3=0, arg4=0}
2022-09-27 15:02:46.102 968-66/com.marsmarch.cookos V/CookOS: Command: command hex str: 6A6301007B007B00B227030001000000000000000000000000000000000000004EBB
2022-09-27 15:02:46.112 968-65/com.marsmarch.cookos V/CookOS: SerialReadThread: read hex str: 6A6301007B007B00B227030001000000000000000000000000000000000000004EBB
2022-09-27 15:02:46.113 968-65/com.marsmarch.cookos V/CookOS: SerialReadThread: Response{seqNumber=10162, actionGroup=3, action=1, arg1=0, arg2=0, arg3=0, arg4=0}
2022-09-27 15:02:46.114 968-64/com.marsmarch.cookos V/CookOS: CommandProcess: receive command: {"command_action":"COMMAND_HW","command_param1":3,"command_param2":2,"command_param3":103,"command_param4":0,"command_param5":0}
2022-09-27 15:02:46.115 968-64/com.marsmarch.cookos V/CookOS: HardwareManager: Request{seqNumber=10163, actionGroup=3, action=2, arg1=103, arg2=0, arg3=0, arg4=0}
2022-09-27 15:02:46.116 968-66/com.marsmarch.cookos V/CookOS: Command: command hex str: 6A6301007B007B00B32703000200670000000000000000000000000000000000F876
2022-09-27 15:02:46.132 968-65/com.marsmarch.cookos V/CookOS: SerialReadThread: read hex str: 6A630100010001000E380400020001000000000000000000000000000000000009FF
2022-09-27 15:02:46.133 968-65/com.marsmarch.cookos V/CookOS: SerialReadThread: Response{seqNumber=14350, actionGroup=4, action=2, arg1=1, arg2=0, arg3=0, arg4=0}
2022-09-27 15:02:46.134 968-88/com.marsmarch.cookos V/CookOS: CommandProcess: receive command: {"command_action":"COMMAND_HW","command_param1":7,"command_param2":4,"command_param3":0}
2022-09-27 15:02:46.137 968-65/com.marsmarch.cookos V/CookOS: SerialReadThread: read hex str: 6A6301007B007B00B32703000200670000000000000000000000000000000000F876
2022-09-27 15:02:46.139 968-65/com.marsmarch.cookos V/CookOS: SerialReadThread: Response{seqNumber=10163, actionGroup=3, action=2, arg1=103, arg2=0, arg3=0, arg4=0}
2022-09-27 15:02:46.139 968-88/com.marsmarch.cookos V/CookOS: HardwareManager: Request{seqNumber=10164, actionGroup=7, action=4, arg1=0, arg2=0, arg3=0, arg4=0}
2022-09-27 15:02:46.140 968-66/com.marsmarch.cookos V/CookOS: Command: command hex str: 6A6301007B007B00B427070004000000000000000000000000000000000000000CA2
2022-09-27 15:02:46.141 968-64/com.marsmarch.cookos V/CookOS: CommandProcess: receive command: {"command_action":"COMMAND_HW","command_param1":3,"command_param2":2,"command_param3":102,"command_param4":0,"command_param5":0}
2022-09-27 15:02:46.151 968-65/com.marsmarch.cookos V/CookOS: SerialReadThread: read hex str: 6A6301007B007B00B42707000400020000000000000000000000000000000000AD1A
2022-09-27 15:02:46.152 968-65/com.marsmarch.cookos V/CookOS: SerialReadThread: Response{seqNumber=10164, actionGroup=7, action=4, arg1=2, arg2=0, arg3=0, arg4=0}
2022-09-27 15:02:46.153 1043-89/com.robotfood.cookv1 D/CookApp: StopCookComponent: boxPosition -> 2, action -> ACT_BOX_X
2022-09-27 15:02:46.153 968-64/com.marsmarch.cookos V/CookOS: HardwareManager: Request{seqNumber=10165, actionGroup=3, action=2, arg1=102, arg2=0, arg3=0, arg4=0}
2022-09-27 15:02:46.154 968-66/com.marsmarch.cookos V/CookOS: Command: command hex str: 6A6301007B007B00B527030002006600000000000000000000000000000000006235
2022-09-27 15:02:46.158 1043-89/com.robotfood.cookv1 D/CookApp: ForceStopViewModel: stopCookComponent finish
2022-09-27 15:02:46.159 968-88/com.marsmarch.cookos D/CookOS: MarsMarch_MQTT_MarsMarch_MQTTMqttClient: publish topic: =sys/v1/cooking/C01NCNA0320228303565/trace/event/push
2022-09-27 15:02:46.164 968-65/com.marsmarch.cookos V/CookOS: SerialReadThread: read hex str: 6A6301007B007B00B527030002006600000000000000000000000000000000006235
2022-09-27 15:02:46.165 1043-1/com.robotfood.cookv1 D/CookApp: TraceLinker: reportNode with nodeName = 退出停止界面 nodeId = 3
2022-09-27 15:02:46.165 968-65/com.marsmarch.cookos V/CookOS: SerialReadThread: Response{seqNumber=10165, actionGroup=3, action=2, arg1=102, arg2=0, arg3=0, arg4=0}
2022-09-27 15:02:46.167 968-64/com.marsmarch.cookos V/CookOS: CommandProcess: receive command: {"command_action":"COMMAND_HW","command_param1":3,"command_param2":2,"command_param3":101,"command_param4":0,"command_param5":0}
2022-09-27 15:02:46.168 1043-1/com.robotfood.cookv1 D/CookApp: TraceLogRecord: all recode size =0
2022-09-27 15:02:46.168 968-64/com.marsmarch.cookos V/CookOS: HardwareManager: Request{seqNumber=10166, actionGroup=3, action=2, arg1=101, arg2=0, arg3=0, arg4=0}
2022-09-27 15:02:46.168 1043-1/com.robotfood.cookv1 D/CookApp: ForceStopFragment: go to home page
2022-09-27 15:02:46.169 1043-88/com.robotfood.cookv1 D/CookApp: TraceLogRecord: reportLog = {"body":{"action":1,"c_time":1664262166152,"link_id":"bf65bbb0-2e55-46d8-823e-cd671c35fbb6_12","link_name":"手动炒制","node_id":3,"node_name":"退出停止界面","status":1,"type":2},"id":"1664262166152","time":1664262166152,"type":"trace_event"}
2022-09-27 15:02:46.171 1043-1/com.robotfood.cookv1 D/CookApp: HomeFragment: fragment on Attach
2022-09-27 15:02:46.171 968-66/com.marsmarch.cookos V/CookOS: Command: command hex str: 6A6301007B007B00B62703000200650000000000000000000000000000000000768E
2022-09-27 15:02:46.184 1043-1/com.robotfood.cookv1 D/CookApp: TraceLinker: reportEndLink with linkId = bf65bbb0-2e55-46d8-823e-cd671c35fbb6_12
2022-09-27 15:02:46.185 1043-1/com.robotfood.cookv1 D/CookApp: TraceLogRecord: all recode size =0
2022-09-27 15:02:46.186 1043-88/com.robotfood.cookv1 D/CookApp: TraceLogRecord: reportLog = {"body":{"action":2,"c_time":1664262166184,"link_id":"bf65bbb0-2e55-46d8-823e-cd671c35fbb6_12","link_name":"手动炒制","node_id":0,"node_name":"","status":1,"type":1},"id":"1664262166184","time":1664262166184,"type":"trace_event"}
2022-09-27 15:02:46.187 1043-1/com.robotfood.cookv1 I/CookApp: PersistenceConfigProvider: getString key:operator_id defValue:
2022-09-27 15:02:46.187 1043-1/com.robotfood.cookv1 I/CookApp: PersistenceConfigProvider: getString key:store_id defValue:
2022-09-27 15:02:46.188 968-44/com.marsmarch.cookos D/CookOS: DeviceState: status = 1 ,cookBookid = , time = 0 , errcode =
2022-09-27 15:02:46.189 1189-92/com.marsmarch.cookos I/CookOS: PersistenceConfigProvider: getInt key:http_model defValue:1
2022-09-27 15:02:46.191 1043-1/com.robotfood.cookv1 D/CookApp: HomeFragment: user permission = [11600, 11603, 11604, 11600, 11601, 11603, 11604, 14700]
2022-09-27 15:02:46.193 968-44/com.marsmarch.cookos D/CookOS: MarsMarch_MQTT_MarsMarch_MQTTMqttClient: publish topic: =sys/v1/cooking/C01NCNA0320228303565/trace/event/push
2022-09-27 15:02:46.194 968-65/com.marsmarch.cookos V/CookOS: SerialReadThread: read hex str: 6A6301007B007B00B62703000200650000000000000000000000000000000000768E
2022-09-27 15:02:46.196 968-65/com.marsmarch.cookos V/CookOS: SerialReadThread: Response{seqNumber=10166, actionGroup=3, action=2, arg1=101, arg2=0, arg3=0, arg4=0}
2022-09-27 15:02:46.197 968-88/com.marsmarch.cookos V/CookOS: CommandProcess: receive command: {"command_action":"COMMAND_HW","command_param1":3,"command_param2":2,"command_param3":1,"command_param4":0,"command_param5":0}
2022-09-27 15:02:46.197 1189-92/com.marsmarch.cookos I/CookOS: Analytics: AnalyticsFileCache: Report fail table_name = {"table_name":"pot_first_app_mainpage","body":"{\"click\":1,\"ctime\":1664262166185,\"operator_id\":\"zhangziqiang\",\"store_id\":\"392719\"}"} saved file = true
2022-09-27 15:02:46.198 968-88/com.marsmarch.cookos V/CookOS: HardwareManager: Request{seqNumber=10167, actionGroup=3, action=2, arg1=1, arg2=0, arg3=0, arg4=0}
2022-09-27 15:02:46.198 1043-1/com.robotfood.cookv1 D/CookApp: HomeFragment: current wifi rssi -> -51
2022-09-27 15:02:46.198 968-66/com.marsmarch.cookos V/CookOS: Command: command hex str: 6A6301007B007B00B727030002000100000000000000000000000000000000007434
2022-09-27 15:02:46.201 1043-1/com.robotfood.cookv1 D/CookApp: ForceStopFragment: fragment on Destroy
2022-09-27 15:02:46.203 1043-1/com.robotfood.cookv1 D/CookApp: HomeFragment: onResume
2022-09-27 15:02:46.207 968-65/com.marsmarch.cookos V/CookOS: SerialReadThread: read hex str: 6A6301007B007B00B727030002000100000000000000000000000000000000007434
2022-09-27 15:02:46.208 968-65/com.marsmarch.cookos V/CookOS: SerialReadThread: Response{seqNumber=10167, actionGroup=3, action=2, arg1=1, arg2=0, arg3=0, arg4=0}
2022-09-27 15:02:46.209 968-88/com.marsmarch.cookos V/CookOS: CommandProcess: receive command: {"command_action":"COMMAND_HW","command_param1":3,"command_param2":2,"command_param3":2,"command_param4":0,"command_param5":0}
2022-09-27 15:02:46.210 968-88/com.marsmarch.cookos V/CookOS: HardwareManager: Request{seqNumber=10168, actionGroup=3, action=2, arg1=2, arg2=0, arg3=0, arg4=0}
2022-09-27 15:02:46.211 968-66/com.marsmarch.cookos V/CookOS: Command: command hex str: 6A6301007B007B00B82703000200020000000000000000000000000000000000F5B0
2022-09-27 15:02:46.221 968-65/com.marsmarch.cookos V/CookOS: SerialReadThread: read hex str: 6A6301007B007B00B82703000200020000000000000000000000000000000000F5B0
2022-09-27 15:02:46.225 968-65/com.marsmarch.cookos V/CookOS: SerialReadThread: Response{seqNumber=10168, actionGroup=3, action=2, arg1=2, arg2=0, arg3=0, arg4=0}
2022-09-27 15:02:46.226 968-88/com.marsmarch.cookos V/CookOS: CommandProcess: receive command: {"command_action":"COMMAND_HW","command_param1":3,"command_param2":2,"command_param3":3,"command_param4":0,"command_param5":0}
2022-09-27 15:02:46.227 968-88/com.marsmarch.cookos V/CookOS: HardwareManager: Request{seqNumber=10169, actionGroup=3, action=2, arg1=3, arg2=0, arg3=0, arg4=0}
2022-09-27 15:02:46.229 968-66/com.marsmarch.cookos V/CookOS: Command: command hex str: 6A6301007B007B00B92703000200030000000000000000000000000000000000F9D9
2022-09-27 15:02:46.231 968-44/com.marsmarch.cookos I/CookOS: ReleaseCookBookManager: queryCategory
2022-09-27 15:02:46.247 968-65/com.marsmarch.cookos V/CookOS: SerialReadThread: read hex str: 6A6301007B007B00B92703000200030000000000000000000000000000000000F9D9
2022-09-27 15:02:46.253 968-65/com.marsmarch.cookos V/CookOS: SerialReadThread: Response{seqNumber=10169, actionGroup=3, action=2, arg1=3, arg2=0, arg3=0, arg4=0}
2022-09-27 15:02:46.254 968-88/com.marsmarch.cookos V/CookOS: CommandProcess: receive command: {"command_action":"COMMAND_HW","command_param1":3,"command_param2":2,"command_param3":4,"command_param4":0,"command_param5":0}
2022-09-27 15:02:46.255 968-88/com.marsmarch.cookos V/CookOS: HardwareManager: Request{seqNumber=10170, actionGroup=3, action=2, arg1=4, arg2=0, arg3=0, arg4=0}
2022-09-27 15:02:46.256 968-66/com.marsmarch.cookos V/CookOS: Command: command hex str: 6A6301007B007B00BA2703000200040000000000000000000000000000000000AC53
2022-09-27 15:02:46.263 968-65/com.marsmarch.cookos V/CookOS: SerialReadThread: read hex str: 6A6301007B007B00BA2703000200040000000000000000000000000000000000AC53
2022-09-27 15:02:46.265 968-65/com.marsmarch.cookos V/CookOS: SerialReadThread: Response{seqNumber=10170, actionGroup=3, action=2, arg1=4, arg2=0, arg3=0, arg4=0}
2022-09-27 15:02:46.266 968-88/com.marsmarch.cookos V/CookOS: CommandProcess: receive command: {"command_action":"COMMAND_HW","command_param1":3,"command_param2":2,"command_param3":5,"command_param4":0,"command_param5":0}
2022-09-27 15:02:46.267 968-88/com.marsmarch.cookos V/CookOS: HardwareManager: Request{seqNumber=10171, actionGroup=3, action=2, arg1=5, arg2=0, arg3=0, arg4=0}
2022-09-27 15:02:46.269 968-66/com.marsmarch.cookos V/CookOS: Command: command hex str: 6A6301007B007B00BB2703000200050000000000000000000000000000000000A03A
2022-09-27 15:02:46.276 968-65/com.marsmarch.cookos V/CookOS: SerialReadThread: read hex str: 6A6301007B007B00BB2703000200050000000000000000000000000000000000A03A
2022-09-27 15:02:46.277 968-65/com.marsmarch.cookos V/CookOS: SerialReadThread: Response{seqNumber=10171, actionGroup=3, action=2, arg1=5, arg2=0, arg3=0, arg4=0}
2022-09-27 15:02:46.278 968-88/com.marsmarch.cookos V/CookOS: CommandProcess: receive command: {"command_action":"COMMAND_HW","command_param1":3,"command_param2":2,"command_param3":6,"command_param4":0,"command_param5":0}
2022-09-27 15:02:46.279 968-88/com.marsmarch.cookos V/CookOS: HardwareManager: Request{seqNumber=10172, actionGroup=3, action=2, arg1=6, arg2=0, arg3=0, arg4=0}
2022-09-27 15:02:46.280 968-66/com.marsmarch.cookos V/CookOS: Command: command hex str: 6A6301007B007B00BC2703000200060000000000000000000000000000000000C654
2022-09-27 15:02:46.290 968-65/com.marsmarch.cookos V/CookOS: SerialReadThread: read hex str: 6A6301007B007B00BC2703000200060000000000000000000000000000000000C654
2022-09-27 15:02:46.291 968-65/com.marsmarch.cookos V/CookOS: SerialReadThread: Response{seqNumber=10172, actionGroup=3, action=2, arg1=6, arg2=0, arg3=0, arg4=0}
2022-09-27 15:02:46.341 1043-1/com.robotfood.cookv1 D/CookApp: HomeViewModel: app receive cookos data, size -> 24
2022-09-27 15:02:46.342 1043-1/com.robotfood.cookv1 D/CookApp: HomeViewModel: stick size is 0, home data size greater than 15,sublist 14
2022-09-27 15:02:46.346 968-88/com.marsmarch.cookos I/CookOS: ReleaseCookBookManager: queryCategory
2022-09-27 15:02:46.479 1043-1/com.robotfood.cookv1 D/CookApp: HomeViewModel: app receive cookos data, size -> 24
2022-09-27 15:02:46.481 1043-1/com.robotfood.cookv1 D/CookApp: HomeViewModel: stick size is 0, home data size greater than 15,sublist 14
2022-09-27 15:02:46.880 1043-1/com.robotfood.cookv1 I/CookApp: PersistenceConfigProvider: getString key:operator_id defValue:
2022-09-27 15:02:46.881 1043-1/com.robotfood.cookv1 I/CookApp: PersistenceConfigProvider: getString key:store_id defValue:
2022-09-27 15:02:46.882 1043-1/com.robotfood.cookv1 D/CookApp: TraceLinker: reportStartLink with linkName = 菜品研发 linkId = bf65bbb0-2e55-46d8-823e-cd671c35fbb6_13
2022-09-27 15:02:46.883 1043-1/com.robotfood.cookv1 D/CookApp: TraceLogRecord: all recode size =0
2022-09-27 15:02:46.883 1043-88/com.robotfood.cookv1 D/CookApp: TraceLogRecord: reportLog = {"body":{"action":1,"c_time":1664262166880,"link_id":"bf65bbb0-2e55-46d8-823e-cd671c35fbb6_13","link_name":"菜品研发","node_id":0,"node_name":"","status":1,"type":1},"id":"1664262166880","time":1664262166880,"type":"trace_event"}
2022-09-27 15:02:46.884 968-88/com.marsmarch.cookos D/CookOS: MarsMarch_MQTT_MarsMarch_MQTTMqttClient: publish topic: =sys/v1/cooking/C01NCNA0320228303565/trace/event/push
2022-09-27 15:02:46.886 1043-1/com.robotfood.cookv1 D/CookApp: HomeFragment: onPause
2022-09-27 15:02:46.889 1189-92/com.marsmarch.cookos I/CookOS: PersistenceConfigProvider: getInt key:http_model defValue:1
2022-09-27 15:02:46.890 1043-1/com.robotfood.cookv1 D/CookApp: HomeFragment: onStop
2022-09-27 15:02:46.891 1189-92/com.marsmarch.cookos I/CookOS: Analytics: AnalyticsFileCache: Report fail table_name = {"table_name":"pot_first_app_mainpage","body":"{\"click\":4,\"ctime\":1664262166879,\"operator_id\":\"zhangziqiang\",\"store_id\":\"392719\"}"} saved file = true
2022-09-27 15:02:46.891 1043-1/com.robotfood.cookv1 D/CookApp: DishDevelopFragment: fragment on Attach
2022-09-27 15:02:46.969 1043-1/com.robotfood.cookv1 I/CookApp: PersistenceConfigProvider: getString key:operator_id defValue:
2022-09-27 15:02:46.971 1189-92/com.marsmarch.cookos I/CookOS: PersistenceConfigProvider: getInt key:http_model defValue:1
2022-09-27 15:02:46.972 1043-1/com.robotfood.cookv1 I/CookApp: PersistenceConfigProvider: getString key:store_id defValue:
2022-09-27 15:02:46.975 1043-163/com.robotfood.cookv1 D/CookApp: AppUtil: app package name com.robotfood.cookv1
2022-09-27 15:02:46.976 1043-89/com.robotfood.cookv1 D/CookApp: DevelopRecipeSyncManager: queryLocalRecipe size = 0
2022-09-27 15:02:46.977 1189-92/com.marsmarch.cookos I/CookOS: Analytics: AnalyticsFileCache: Report fail table_name = {"table_name":"pot_first_research_local","body":"{\"click\":\"1\",\"ctime\":1664262166969,\"operator_id\":\"zhangziqiang\",\"store_id\":\"392719\"}"} saved file = true
2022-09-27 15:02:46.979 1043-163/com.robotfood.cookv1 D/CookApp: AppUtil: versionCode 12601
2022-09-27 15:02:46.980 1043-160/com.robotfood.cookv1 D/CookApp: RxException: The exception was not handled due to missing onError handler in the subscribe() method call. Further reading: https://github.com/ReactiveX/RxJava/wiki/Error-Handling | java.lang.NullPointerException: Attempt to invoke virtual method 'java.util.List com.robotfood.cook.network.bean.response.RecipeStatusList.getList()' on a null object reference
2022-09-27 15:02:46.980 1043-163/com.robotfood.cookv1 D/CookApp: cookos-: _OkHttp_--> POST http://cr-robotapi-pro.roboofood.com/v2/develop/ware/list/developing
2022-09-27 15:02:46.981 1043-163/com.robotfood.cookv1 D/CookApp: cookos-: _OkHttp_Content-Type: application/json; charset=utf-8
2022-09-27 15:02:46.982 1043-163/com.robotfood.cookv1 D/CookApp: cookos-: _OkHttp_Content-Length: 29
2022-09-27 15:02:46.983 1043-163/com.robotfood.cookv1 D/CookApp: cookos-: _OkHttp_X-Common-Lang: zh
2022-09-27 15:02:46.985 1043-163/com.robotfood.cookv1 D/CookApp: cookos-: _OkHttp_X-Common-Device-ID: C01NCNA0320228303565
2022-09-27 15:02:46.987 1043-1/com.robotfood.cookv1 D/CookApp: HomeFragment: onDestroyView
2022-09-27 15:02:46.988 1043-163/com.robotfood.cookv1 D/CookApp: cookos-: _OkHttp_X-Request-Source: com.robotfood.cookv1
2022-09-27 15:02:46.989 1043-163/com.robotfood.cookv1 D/CookApp: cookos-: _OkHttp_X-System-Version: 12601
2022-09-27 15:02:46.990 1043-163/com.robotfood.cookv1 D/CookApp: cookos-: _OkHttp_X-App-Version: 12601
2022-09-27 15:02:46.991 1043-163/com.robotfood.cookv1 D/CookApp: cookos-: _OkHttp_X-Request-ID: ad0160a7-d0be-4a9b-b5b0-142e91b6044f
2022-09-27 15:02:46.993 1043-163/com.robotfood.cookv1 D/CookApp: cookos-: _OkHttp_X-Auth-Token: 5f028643-625b-49fa-8186-d5e730d05295
2022-09-27 15:02:46.995 1043-163/com.robotfood.cookv1 D/CookApp: cookos-: _OkHttp_X-System-Timestamp: 1664262166
2022-09-27 15:02:46.996 1043-163/com.robotfood.cookv1 D/CookApp: cookos-: _OkHttp_--> END POST
2022-09-27 15:02:46.998 1043-1/com.robotfood.cookv1 D/CookApp: HomeFragment: fragment on Destroy
2022-09-27 15:02:47.026 1043-163/com.robotfood.cookv1 D/CookApp: cookos-: _OkHttp_<-- 400 Bad Request http://cr-robotapi-pro.roboofood.com/v2/develop/ware/list/developing (46ms)
2022-09-27 15:02:47.027 1043-163/com.robotfood.cookv1 D/CookApp: cookos-: _OkHttp_Date: Tue,
 27 Sep 2022 07:02:46 GMT
2022-09-27 15:02:47.028 1043-163/com.robotfood.cookv1 D/CookApp: cookos-: _OkHttp_Content-Type: application/json; charset=utf-8
2022-09-27 15:02:47.029 1043-163/com.robotfood.cookv1 D/CookApp: cookos-: _OkHttp_Content-Length: 149
2022-09-27 15:02:47.031 1043-163/com.robotfood.cookv1 D/CookApp: cookos-: _OkHttp_Connection: keep-alive
2022-09-27 15:02:47.032 1043-163/com.robotfood.cookv1 D/CookApp: cookos-: _OkHttp_Access-Control-Allow-Origin: *
2022-09-27 15:02:47.032 1043-163/com.robotfood.cookv1 D/CookApp: cookos-: _OkHttp_Access-Control-Allow-Credentials: true
2022-09-27 15:02:47.033 1043-163/com.robotfood.cookv1 D/CookApp: cookos-: _OkHttp_<-- END HTTP
2022-09-27 15:02:47.033 1043-164/com.robotfood.cookv1 E/CookApp: : retrofit2.adapter.rxjava2.HttpException: HTTP 400 Bad Request
2022-09-27 15:02:48.364 1043-160/com.robotfood.cookv1 D/CookApp: AppUtil: app package name com.robotfood.cookv1
2022-09-27 15:02:48.365 1043-160/com.robotfood.cookv1 D/CookApp: AppUtil: versionCode 12601
2022-09-27 15:02:48.366 1043-160/com.robotfood.cookv1 D/CookApp: cookos-: _OkHttp_--> POST http://cr-robotapi-pro.roboofood.com/v2/develop/ware/list/developing
2022-09-27 15:02:48.367 1043-160/com.robotfood.cookv1 D/CookApp: cookos-: _OkHttp_Content-Type: application/json; charset=utf-8
2022-09-27 15:02:48.368 1043-160/com.robotfood.cookv1 D/CookApp: cookos-: _OkHttp_Content-Length: 29
2022-09-27 15:02:48.373 1043-160/com.robotfood.cookv1 D/CookApp: cookos-: _OkHttp_X-Common-Lang: zh
2022-09-27 15:02:48.374 1043-160/com.robotfood.cookv1 D/CookApp: cookos-: _OkHttp_X-Common-Device-ID: C01NCNA0320228303565
2022-09-27 15:02:48.375 1043-160/com.robotfood.cookv1 D/CookApp: cookos-: _OkHttp_X-Request-Source: com.robotfood.cookv1
2022-09-27 15:02:48.376 1043-160/com.robotfood.cookv1 D/CookApp: cookos-: _OkHttp_X-System-Version: 12601
2022-09-27 15:02:48.377 1043-160/com.robotfood.cookv1 D/CookApp: cookos-: _OkHttp_X-App-Version: 12601
2022-09-27 15:02:48.378 1043-160/com.robotfood.cookv1 D/CookApp: cookos-: _OkHttp_X-Request-ID: 65e4be31-449f-4885-8e5e-ddca26130aa0
2022-09-27 15:02:48.379 1043-160/com.robotfood.cookv1 D/CookApp: cookos-: _OkHttp_X-Auth-Token: 5f028643-625b-49fa-8186-d5e730d05295
2022-09-27 15:02:48.380 1043-160/com.robotfood.cookv1 D/CookApp: cookos-: _OkHttp_X-System-Timestamp: 1664262168
2022-09-27 15:02:48.380 1043-160/com.robotfood.cookv1 D/CookApp: cookos-: _OkHttp_--> END POST
2022-09-27 15:02:48.381 1043-1/com.robotfood.cookv1 D/CookApp: HomeFragment: fragment on Attach
2022-09-27 15:02:48.393 1043-160/com.robotfood.cookv1 D/CookApp: cookos-: _OkHttp_<-- 400 Bad Request http://cr-robotapi-pro.roboofood.com/v2/develop/ware/list/developing (24ms)
2022-09-27 15:02:48.395 1043-160/com.robotfood.cookv1 D/CookApp: cookos-: _OkHttp_Date: Tue,
 27 Sep 2022 07:02:48 GMT
2022-09-27 15:02:48.395 1043-160/com.robotfood.cookv1 D/CookApp: cookos-: _OkHttp_Content-Type: application/json; charset=utf-8
2022-09-27 15:02:48.397 1043-160/com.robotfood.cookv1 D/CookApp: cookos-: _OkHttp_Content-Length: 149
2022-09-27 15:02:48.399 1043-160/com.robotfood.cookv1 D/CookApp: cookos-: _OkHttp_Connection: keep-alive
2022-09-27 15:02:48.400 1043-160/com.robotfood.cookv1 D/CookApp: cookos-: _OkHttp_Access-Control-Allow-Origin: *
2022-09-27 15:02:48.400 1043-160/com.robotfood.cookv1 D/CookApp: cookos-: _OkHttp_Access-Control-Allow-Credentials: true
2022-09-27 15:02:48.401 1043-160/com.robotfood.cookv1 D/CookApp: cookos-: _OkHttp_<-- END HTTP
2022-09-27 15:02:48.402 1043-151/com.robotfood.cookv1 E/CookApp: : retrofit2.adapter.rxjava2.HttpException: HTTP 400 Bad Request
2022-09-27 15:02:48.405 1043-1/com.robotfood.cookv1 D/CookApp: TraceLinker: reportEndLink with linkId = bf65bbb0-2e55-46d8-823e-cd671c35fbb6_13
2022-09-27 15:02:48.408 968-88/com.marsmarch.cookos D/CookOS: MarsMarch_MQTT_MarsMarch_MQTTMqttClient: publish topic: =sys/v1/cooking/C01NCNA0320228303565/trace/event/push
2022-09-27 15:02:48.409 1043-1/com.robotfood.cookv1 D/CookApp: TraceLogRecord: all recode size =0
2022-09-27 15:02:48.409 1189-92/com.marsmarch.cookos I/CookOS: PersistenceConfigProvider: getInt key:http_model defValue:1
2022-09-27 15:02:48.409 1043-88/com.robotfood.cookv1 D/CookApp: TraceLogRecord: reportLog = {"body":{"action":2,"c_time":1664262168405,"link_id":"bf65bbb0-2e55-46d8-823e-cd671c35fbb6_13","link_name":"菜品研发","node_id":0,"node_name":"","status":1,"type":1},"id":"1664262168405","time":1664262168405,"type":"trace_event"}
2022-09-27 15:02:48.410 1043-1/com.robotfood.cookv1 I/CookApp: PersistenceConfigProvider: getString key:operator_id defValue:
2022-09-27 15:02:48.411 1043-1/com.robotfood.cookv1 I/CookApp: PersistenceConfigProvider: getString key:store_id defValue:
2022-09-27 15:02:48.412 1189-92/com.marsmarch.cookos I/CookOS: Analytics: AnalyticsFileCache: Report fail table_name = {"table_name":"pot_first_app_mainpage","body":"{\"click\":1,\"ctime\":1664262168406,\"operator_id\":\"zhangziqiang\",\"store_id\":\"392719\"}"} saved file = true
2022-09-27 15:02:48.413 1043-1/com.robotfood.cookv1 D/CookApp: HomeFragment: user permission = [11600, 11603, 11604, 11600, 11601, 11603, 11604, 14700]
2022-09-27 15:02:48.418 1043-1/com.robotfood.cookv1 D/CookApp: HomeFragment: current wifi rssi -> -47
2022-09-27 15:02:48.422 1189-92/com.marsmarch.cookos I/CookOS: PersistenceConfigProvider: getInt key:http_model defValue:1
2022-09-27 15:02:48.424 1043-1/com.robotfood.cookv1 I/CookApp: PersistenceConfigProvider: getString key:operator_id defValue:
2022-09-27 15:02:48.425 1189-92/com.marsmarch.cookos I/CookOS: Analytics: AnalyticsFileCache: Report fail table_name = {"table_name":"pot_first_research_local","body":"{\"click\":\"2\",\"ctime\":1664262168420,\"operator_id\":\"zhangziqiang\",\"store_id\":\"392719\"}"} saved file = true
2022-09-27 15:02:48.426 1043-1/com.robotfood.cookv1 I/CookApp: PersistenceConfigProvider: getString key:store_id defValue:
2022-09-27 15:02:48.427 1043-1/com.robotfood.cookv1 D/CookApp: DishDevelopFragment: fragment on Destroy
2022-09-27 15:02:48.429 1043-1/com.robotfood.cookv1 D/CookApp: HomeFragment: onResume
2022-09-27 15:02:48.432 968-88/com.marsmarch.cookos D/CookOS: DeviceState: status = 1 ,cookBookid = , time = 0 , errcode =
2022-09-27 15:02:48.433 968-88/com.marsmarch.cookos I/CookOS: ReleaseCookBookManager: queryCategory
2022-09-27 15:02:48.550 1043-1/com.robotfood.cookv1 D/CookApp: HomeViewModel: app receive cookos data, size -> 24
2022-09-27 15:02:48.551 1043-1/com.robotfood.cookv1 D/CookApp: HomeViewModel: stick size is 0, home data size greater than 15,sublist 14
2022-09-27 15:02:48.555 968-44/com.marsmarch.cookos I/CookOS: ReleaseCookBookManager: queryCategory
2022-09-27 15:02:48.682 1043-1/com.robotfood.cookv1 D/CookApp: HomeViewModel: app receive cookos data, size -> 24
2022-09-27 15:02:48.683 1043-1/com.robotfood.cookv1 D/CookApp: HomeViewModel: stick size is 0, home data size greater than 15,sublist 14
2022-09-27 15:03:00.066 968-1/com.marsmarch.cookos D/CookOS: RemoteControlManager: reportMqttState = true
2022-09-27 15:03:00.715 968-86/com.marsmarch.cookos D/CookOS: StatusProcess: messageArrive message = {"id":"z_794649868269666304","task_id":"task_794649868265480192","time":1664262180475637297,"type":"info","body":{"cmd":"command.status.get","params":{"status_type":["info","cpu","memory","cr-status","storage","network","boot-time"]}}}
2022-09-27 15:03:05.767 968-96/com.marsmarch.cookos D/CookOS: MarsMarch_MQTT_MarsMarch_MQTT: response status:200 url: https://robot-dm-robotapi.hi-walle.com/v1/api/robot/report/post
2022-09-27 15:03:05.773 968-96/com.marsmarch.cookos I/CookOS: MarsMarch_MQTT_MarsMarch_MQTT-WebClient: response={"header":{"msg":"OK","code":0,"time":1664262185,"request_id":"c291325fbdabc7f18bd25ad65ff48a16"},"data":null}
2022-09-27 15:03:05.782 968-96/com.marsmarch.cookos D/CookOS: MarsMarch_MQTT_MarsMarch_MQTT: finally url: https://robot-dm-robotapi.hi-walle.com/v1/api/robot/report/post callback: com.marsmarch.network.WebClient$1@15115a2
2022-09-27 15:03:42.559 1043-1/com.robotfood.cookv1 I/CookApp: PersistenceConfigProvider: getString key:operator_id defValue:
2022-09-27 15:03:42.564 1189-92/com.marsmarch.cookos I/CookOS: PersistenceConfigProvider: getInt key:http_model defValue:1
2022-09-27 15:03:42.566 968-88/com.marsmarch.cookos D/CookOS: MarsMarch_MQTT_MarsMarch_MQTTMqttClient: publish topic: =sys/v1/cooking/C01NCNA0320228303565/trace/event/push
2022-09-27 15:03:42.567 1043-1/com.robotfood.cookv1 I/CookApp: PersistenceConfigProvider: getString key:store_id defValue:
2022-09-27 15:03:42.568 1189-92/com.marsmarch.cookos I/CookOS: Analytics: AnalyticsFileCache: Report fail table_name = {"table_name":"pot_first_app_mainpage","body":"{\"click\":4,\"ctime\":1664262222558,\"operator_id\":\"zhangziqiang\",\"store_id\":\"392719\"}"} saved file = true
2022-09-27 15:03:42.568 1043-1/com.robotfood.cookv1 D/CookApp: TraceLinker: reportStartLink with linkName = 菜品研发 linkId = bf65bbb0-2e55-46d8-823e-cd671c35fbb6_14
2022-09-27 15:03:42.569 1043-1/com.robotfood.cookv1 D/CookApp: TraceLogRecord: all recode size =0
2022-09-27 15:03:42.570 1043-88/com.robotfood.cookv1 D/CookApp: TraceLogRecord: reportLog = {"body":{"action":1,"c_time":1664262222559,"link_id":"bf65bbb0-2e55-46d8-823e-cd671c35fbb6_14","link_name":"菜品研发","node_id":0,"node_name":"","status":1,"type":1},"id":"1664262222559","time":1664262222559,"type":"trace_event"}
2022-09-27 15:03:42.571 1043-1/com.robotfood.cookv1 D/CookApp: HomeFragment: onPause
2022-09-27 15:03:42.571 1043-1/com.robotfood.cookv1 D/CookApp: HomeFragment: onStop
2022-09-27 15:03:42.572 1043-1/com.robotfood.cookv1 D/CookApp: DishDevelopFragment: fragment on Attach
2022-09-27 15:03:42.652 1043-1/com.robotfood.cookv1 I/CookApp: PersistenceConfigProvider: getString key:operator_id defValue:
2022-09-27 15:03:42.653 1043-1/com.robotfood.cookv1 I/CookApp: PersistenceConfigProvider: getString key:store_id defValue:
2022-09-27 15:03:42.657 1189-92/com.marsmarch.cookos I/CookOS: PersistenceConfigProvider: getInt key:http_model defValue:1
2022-09-27 15:03:42.658 1189-92/com.marsmarch.cookos I/CookOS: Analytics: AnalyticsFileCache: Report fail table_name = {"table_name":"pot_first_research_local","body":"{\"click\":\"1\",\"ctime\":1664262222651,\"operator_id\":\"zhangziqiang\",\"store_id\":\"392719\"}"} saved file = true
2022-09-27 15:03:42.661 1043-151/com.robotfood.cookv1 D/CookApp: AppUtil: app package name com.robotfood.cookv1
2022-09-27 15:03:42.662 1043-151/com.robotfood.cookv1 D/CookApp: AppUtil: versionCode 12601
2022-09-27 15:03:42.663 1043-1/com.robotfood.cookv1 D/CookApp: HomeFragment: onDestroyView
2022-09-27 15:03:42.664 1043-87/com.robotfood.cookv1 D/CookApp: DevelopRecipeSyncManager: queryLocalRecipe size = 0
2022-09-27 15:03:42.665 1043-164/com.robotfood.cookv1 D/CookApp: RxException: The exception was not handled due to missing onError handler in the subscribe() method call. Further reading: https://github.com/ReactiveX/RxJava/wiki/Error-Handling | java.lang.NullPointerException: Attempt to invoke virtual method 'java.util.List com.robotfood.cook.network.bean.response.RecipeStatusList.getList()' on a null object reference
2022-09-27 15:03:42.665 1043-151/com.robotfood.cookv1 D/CookApp: cookos-: _OkHttp_--> POST http://cr-robotapi-pro.roboofood.com/v2/develop/ware/list/developing
2022-09-27 15:03:42.667 1043-151/com.robotfood.cookv1 D/CookApp: cookos-: _OkHttp_Content-Type: application/json; charset=utf-8
2022-09-27 15:03:42.668 1043-151/com.robotfood.cookv1 D/CookApp: cookos-: _OkHttp_Content-Length: 29
2022-09-27 15:03:42.670 1043-151/com.robotfood.cookv1 D/CookApp: cookos-: _OkHttp_X-Common-Lang: zh
2022-09-27 15:03:42.671 1043-151/com.robotfood.cookv1 D/CookApp: cookos-: _OkHttp_X-Common-Device-ID: C01NCNA0320228303565
2022-09-27 15:03:42.672 1043-151/com.robotfood.cookv1 D/CookApp: cookos-: _OkHttp_X-Request-Source: com.robotfood.cookv1
2022-09-27 15:03:42.672 1043-151/com.robotfood.cookv1 D/CookApp: cookos-: _OkHttp_X-System-Version: 12601
2022-09-27 15:03:42.673 1043-151/com.robotfood.cookv1 D/CookApp: cookos-: _OkHttp_X-App-Version: 12601
2022-09-27 15:03:42.673 1043-151/com.robotfood.cookv1 D/CookApp: cookos-: _OkHttp_X-Request-ID: 9f1fe4cd-64fd-4352-b313-d4a7a073e154
2022-09-27 15:03:42.674 1043-151/com.robotfood.cookv1 D/CookApp: cookos-: _OkHttp_X-Auth-Token: 5f028643-625b-49fa-8186-d5e730d05295
2022-09-27 15:03:42.675 1043-151/com.robotfood.cookv1 D/CookApp: cookos-: _OkHttp_X-System-Timestamp: 1664262222
2022-09-27 15:03:42.676 1043-151/com.robotfood.cookv1 D/CookApp: cookos-: _OkHttp_--> END POST
2022-09-27 15:03:42.677 1043-1/com.robotfood.cookv1 D/CookApp: HomeFragment: fragment on Destroy
2022-09-27 15:03:42.721 1043-151/com.robotfood.cookv1 D/CookApp: cookos-: _OkHttp_<-- 400 Bad Request http://cr-robotapi-pro.roboofood.com/v2/develop/ware/list/developing (56ms)
2022-09-27 15:03:42.722 1043-151/com.robotfood.cookv1 D/CookApp: cookos-: _OkHttp_Date: Tue,
 27 Sep 2022 07:03:42 GMT
2022-09-27 15:03:42.723 1043-151/com.robotfood.cookv1 D/CookApp: cookos-: _OkHttp_Content-Type: application/json; charset=utf-8
2022-09-27 15:03:42.724 1043-151/com.robotfood.cookv1 D/CookApp: cookos-: _OkHttp_Content-Length: 149
2022-09-27 15:03:42.725 1043-151/com.robotfood.cookv1 D/CookApp: cookos-: _OkHttp_Connection: keep-alive
2022-09-27 15:03:42.726 1043-151/com.robotfood.cookv1 D/CookApp: cookos-: _OkHttp_Access-Control-Allow-Origin: *
2022-09-27 15:03:42.726 1043-151/com.robotfood.cookv1 D/CookApp: cookos-: _OkHttp_Access-Control-Allow-Credentials: true
2022-09-27 15:03:42.727 1043-151/com.robotfood.cookv1 D/CookApp: cookos-: _OkHttp_<-- END HTTP
2022-09-27 15:03:42.727 1043-160/com.robotfood.cookv1 E/CookApp: : retrofit2.adapter.rxjava2.HttpException: HTTP 400 Bad Request
2022-09-27 15:03:44.240 1043-164/com.robotfood.cookv1 D/CookApp: AppUtil: app package name com.robotfood.cookv1
2022-09-27 15:03:44.244 1043-164/com.robotfood.cookv1 D/CookApp: AppUtil: versionCode 12601
2022-09-27 15:03:44.245 1043-164/com.robotfood.cookv1 D/CookApp: cookos-: _OkHttp_--> POST http://cr-robotapi-pro.roboofood.com/v2/develop/ware/list/developing
2022-09-27 15:03:44.246 1043-164/com.robotfood.cookv1 D/CookApp: cookos-: _OkHttp_Content-Type: application/json; charset=utf-8
2022-09-27 15:03:44.247 1043-164/com.robotfood.cookv1 D/CookApp: cookos-: _OkHttp_Content-Length: 29
2022-09-27 15:03:44.247 1043-164/com.robotfood.cookv1 D/CookApp: cookos-: _OkHttp_X-Common-Lang: zh
2022-09-27 15:03:44.249 1043-164/com.robotfood.cookv1 D/CookApp: cookos-: _OkHttp_X-Common-Device-ID: C01NCNA0320228303565
2022-09-27 15:03:44.250 1043-164/com.robotfood.cookv1 D/CookApp: cookos-: _OkHttp_X-Request-Source: com.robotfood.cookv1
2022-09-27 15:03:44.251 1043-164/com.robotfood.cookv1 D/CookApp: cookos-: _OkHttp_X-System-Version: 12601
2022-09-27 15:03:44.252 1043-164/com.robotfood.cookv1 D/CookApp: cookos-: _OkHttp_X-App-Version: 12601
2022-09-27 15:03:44.253 1043-164/com.robotfood.cookv1 D/CookApp: cookos-: _OkHttp_X-Request-ID: a9b31fde-ddf5-4fb2-b1e7-dad3d19f1ea3
2022-09-27 15:03:44.256 1043-164/com.robotfood.cookv1 D/CookApp: cookos-: _OkHttp_X-Auth-Token: 5f028643-625b-49fa-8186-d5e730d05295
2022-09-27 15:03:44.257 1043-164/com.robotfood.cookv1 D/CookApp: cookos-: _OkHttp_X-System-Timestamp: 1664262224
2022-09-27 15:03:44.258 1043-164/com.robotfood.cookv1 D/CookApp: cookos-: _OkHttp_--> END POST
2022-09-27 15:03:44.259 1043-1/com.robotfood.cookv1 D/CookApp: HomeFragment: fragment on Attach
2022-09-27 15:03:44.279 1043-1/com.robotfood.cookv1 D/CookApp: TraceLinker: reportEndLink with linkId = bf65bbb0-2e55-46d8-823e-cd671c35fbb6_14
2022-09-27 15:03:44.280 1043-1/com.robotfood.cookv1 D/CookApp: TraceLogRecord: all recode size =0
2022-09-27 15:03:44.282 968-88/com.marsmarch.cookos D/CookOS: MarsMarch_MQTT_MarsMarch_MQTTMqttClient: publish topic: =sys/v1/cooking/C01NCNA0320228303565/trace/event/push
2022-09-27 15:03:44.283 1043-88/com.robotfood.cookv1 D/CookApp: TraceLogRecord: reportLog = {"body":{"action":2,"c_time":1664262224279,"link_id":"bf65bbb0-2e55-46d8-823e-cd671c35fbb6_14","link_name":"菜品研发","node_id":0,"node_name":"","status":1,"type":1},"id":"1664262224279","time":1664262224279,"type":"trace_event"}
2022-09-27 15:03:44.284 1189-92/com.marsmarch.cookos I/CookOS: PersistenceConfigProvider: getInt key:http_model defValue:1
2022-09-27 15:03:44.284 1043-1/com.robotfood.cookv1 I/CookApp: PersistenceConfigProvider: getString key:operator_id defValue:
2022-09-27 15:03:44.286 1189-92/com.marsmarch.cookos I/CookOS: Analytics: AnalyticsFileCache: Report fail table_name = {"table_name":"pot_first_app_mainpage","body":"{\"click\":1,\"ctime\":1664262224280,\"operator_id\":\"zhangziqiang\",\"store_id\":\"392719\"}"} saved file = true
2022-09-27 15:03:44.288 1043-1/com.robotfood.cookv1 I/CookApp: PersistenceConfigProvider: getString key:store_id defValue:
2022-09-27 15:03:44.288 1043-1/com.robotfood.cookv1 D/CookApp: HomeFragment: user permission = [11600, 11603, 11604, 11600, 11601, 11603, 11604, 14700]
2022-09-27 15:03:44.294 1043-1/com.robotfood.cookv1 D/CookApp: HomeFragment: current wifi rssi -> -46
2022-09-27 15:03:44.299 1043-1/com.robotfood.cookv1 I/CookApp: PersistenceConfigProvider: getString key:operator_id defValue:
2022-09-27 15:03:44.301 1189-92/com.marsmarch.cookos I/CookOS: PersistenceConfigProvider: getInt key:http_model defValue:1
2022-09-27 15:03:44.301 1043-1/com.robotfood.cookv1 I/CookApp: PersistenceConfigProvider: getString key:store_id defValue:
2022-09-27 15:03:44.303 1043-1/com.robotfood.cookv1 D/CookApp: DishDevelopFragment: fragment on Destroy
2022-09-27 15:03:44.306 1043-1/com.robotfood.cookv1 D/CookApp: HomeFragment: onResume
2022-09-27 15:03:44.307 1043-164/com.robotfood.cookv1 D/CookApp: cookos-: _OkHttp_<-- HTTP FAILED: java.io.IOException: Canceled
2022-09-27 15:03:44.309 1189-92/com.marsmarch.cookos I/CookOS: Analytics: AnalyticsFileCache: Report fail table_name = {"table_name":"pot_first_research_local","body":"{\"click\":\"2\",\"ctime\":1664262224298,\"operator_id\":\"zhangziqiang\",\"store_id\":\"392719\"}"} saved file = true
2022-09-27 15:03:44.318 968-88/com.marsmarch.cookos D/CookOS: DeviceState: status = 1 ,cookBookid = , time = 0 , errcode =
2022-09-27 15:03:44.319 968-44/com.marsmarch.cookos I/CookOS: ReleaseCookBookManager: queryCategory
2022-09-27 15:03:44.424 1043-1/com.robotfood.cookv1 D/CookApp: HomeViewModel: app receive cookos data, size -> 24
2022-09-27 15:03:44.425 1043-1/com.robotfood.cookv1 D/CookApp: HomeViewModel: stick size is 0, home data size greater than 15,sublist 14
2022-09-27 15:03:44.429 968-44/com.marsmarch.cookos I/CookOS: ReleaseCookBookManager: queryCategory
2022-09-27 15:03:44.574 1043-1/com.robotfood.cookv1 D/CookApp: HomeViewModel: app receive cookos data, size -> 24
2022-09-27 15:03:44.575 1043-1/com.robotfood.cookv1 D/CookApp: HomeViewModel: stick size is 0, home data size greater than 15,sublist 14
2022-09-27 15:03:44.962 1043-1/com.robotfood.cookv1 I/CookApp: PersistenceConfigProvider: getString key:operator_id defValue:
2022-09-27 15:03:44.964 1189-92/com.marsmarch.cookos I/CookOS: PersistenceConfigProvider: getInt key:http_model defValue:1
2022-09-27 15:03:44.969 1043-1/com.robotfood.cookv1 I/CookApp: PersistenceConfigProvider: getString key:store_id defValue:
2022-09-27 15:03:44.969 1189-92/com.marsmarch.cookos I/CookOS: Analytics: AnalyticsFileCache: Report fail table_name = {"table_name":"pot_first_app_mainpage","body":"{\"click\":6,\"ctime\":1664262224961,\"operator_id\":\"zhangziqiang\",\"store_id\":\"392719\"}"} saved file = true
2022-09-27 15:03:44.970 1043-1/com.robotfood.cookv1 I/CookApp: PersistenceConfigProvider: putInt key:http_model
2022-09-27 15:03:44.971 1043-1/com.robotfood.cookv1 I/CookApp: PersistenceConfigProvider: putInt key:http_model
2022-09-27 15:03:44.972 1043-1/com.robotfood.cookv1 I/CookApp: PersistenceConfigProvider: getInt key:http_model defValue:1
2022-09-27 15:03:44.973 1043-1/com.robotfood.cookv1 D/CookApp: HomeFragment: platform: /dev/ttyS1 isHardwareDebug: false httpMode: 1
2022-09-27 15:03:44.973 1043-1/com.robotfood.cookv1 D/CookApp: HomeFragment: onPause
2022-09-27 15:03:44.974 1043-1/com.robotfood.cookv1 D/CookApp: HomeFragment: onStop
2022-09-27 15:03:44.975 1043-1/com.robotfood.cookv1 D/CookApp: SettingFragment: fragment on Attach
2022-09-27 15:03:45.043 968-88/com.marsmarch.cookos V/CookOS: CommandProcess: receive command: {"command_action":"COMMAND_MCU_VERSION"}
2022-09-27 15:03:45.051 1043-1/com.robotfood.cookv1 D/CookApp: UpdateDetailRequest: mcuVersionCode = 0 hard_ware_type = 0
2022-09-27 15:03:45.052 1043-1/com.robotfood.cookv1 D/CookApp: UpdateManager: getUpdateDetail request:UpdateDetailRequest{app_info=[UpdateInfo{up_id='com.robotfood.cookv1', version_no='12601', version_code=12601, up_type=1}, UpdateInfo{up_id='null', version_no='1.26.01', version_code=12601, up_type=2}]}
2022-09-27 15:03:45.054 1043-1/com.robotfood.cookv1 D/CookApp: SettingFragment: current volume -> 8.0, maxVolume -> 15.0
2022-09-27 15:03:45.055 1043-1/com.robotfood.cookv1 D/CookApp: HomeFragment: onDestroyView
2022-09-27 15:03:45.058 1043-151/com.robotfood.cookv1 D/CookApp: AppUtil: app package name com.robotfood.cookv1
2022-09-27 15:03:45.059 1043-151/com.robotfood.cookv1 D/CookApp: AppUtil: versionCode 12601
2022-09-27 15:03:45.060 1043-1/com.robotfood.cookv1 D/CookApp: HomeFragment: fragment on Destroy
2022-09-27 15:03:45.061 1043-151/com.robotfood.cookv1 D/CookApp: cookos-: _OkHttp_--> POST http://cr-robotapi-pro.roboofood.com/v1/sys/upgrade/detail
2022-09-27 15:03:45.062 1043-151/com.robotfood.cookv1 D/CookApp: cookos-: _OkHttp_Content-Type: application/json; charset=UTF-8
2022-09-27 15:03:45.070 1043-151/com.robotfood.cookv1 D/CookApp: cookos-: _OkHttp_Content-Length: 159
2022-09-27 15:03:45.072 1043-151/com.robotfood.cookv1 D/CookApp: cookos-: _OkHttp_X-Common-Lang: zh
2022-09-27 15:03:45.075 1043-151/com.robotfood.cookv1 D/CookApp: cookos-: _OkHttp_X-Common-Device-ID: C01NCNA0320228303565
2022-09-27 15:03:45.082 1043-151/com.robotfood.cookv1 D/CookApp: cookos-: _OkHttp_X-Request-Source: com.robotfood.cookv1
2022-09-27 15:03:45.087 1043-151/com.robotfood.cookv1 D/CookApp: cookos-: _OkHttp_X-System-Version: 12601
2022-09-27 15:03:45.089 1043-151/com.robotfood.cookv1 D/CookApp: cookos-: _OkHttp_X-App-Version: 12601
2022-09-27 15:03:45.091 1043-151/com.robotfood.cookv1 D/CookApp: cookos-: _OkHttp_X-Request-ID: 18766df5-642d-43a2-910a-b1de18d8c5af
2022-09-27 15:03:45.092 1043-151/com.robotfood.cookv1 D/CookApp: cookos-: _OkHttp_X-Auth-Token: 5f028643-625b-49fa-8186-d5e730d05295
2022-09-27 15:03:45.092 1043-151/com.robotfood.cookv1 D/CookApp: cookos-: _OkHttp_X-System-Timestamp: 1664262225
2022-09-27 15:03:45.093 1043-151/com.robotfood.cookv1 D/CookApp: cookos-: _OkHttp_--> END POST
2022-09-27 15:03:45.126 1043-151/com.robotfood.cookv1 D/CookApp: cookos-: _OkHttp_<-- 200 OK http://cr-robotapi-pro.roboofood.com/v1/sys/upgrade/detail (65ms)
2022-09-27 15:03:45.128 1043-151/com.robotfood.cookv1 D/CookApp: cookos-: _OkHttp_Date: Tue,
 27 Sep 2022 07:03:44 GMT
2022-09-27 15:03:45.129 1043-151/com.robotfood.cookv1 D/CookApp: cookos-: _OkHttp_Content-Type: text/plain
2022-09-27 15:03:45.130 1043-151/com.robotfood.cookv1 D/CookApp: cookos-: _OkHttp_Content-Length: 192
2022-09-27 15:03:45.131 1043-151/com.robotfood.cookv1 D/CookApp: cookos-: _OkHttp_Connection: keep-alive
2022-09-27 15:03:45.132 1043-151/com.robotfood.cookv1 D/CookApp: cookos-: _OkHttp_X-Encrypted: 1.0
2022-09-27 15:03:45.133 1043-151/com.robotfood.cookv1 D/CookApp: cookos-: _OkHttp_X-Request-Id: 18766df5-642d-43a2-910a-b1de18d8c5af
2022-09-27 15:03:45.134 1043-151/com.robotfood.cookv1 D/CookApp: cookos-: _OkHttp_Access-Control-Allow-Origin: *
2022-09-27 15:03:45.135 1043-151/com.robotfood.cookv1 D/CookApp: cookos-: _OkHttp_Access-Control-Allow-Credentials: true
2022-09-27 15:03:45.136 1043-151/com.robotfood.cookv1 D/CookApp: cookos-: _OkHttp_<-- END HTTP
2022-09-27 15:03:46.301 1043-1/com.robotfood.cookv1 I/CookApp: PersistenceConfigProvider: getString key:operator_id defValue:
2022-09-27 15:03:46.305 1189-92/com.marsmarch.cookos I/CookOS: PersistenceConfigProvider: getInt key:http_model defValue:1
2022-09-27 15:03:46.307 1043-1/com.robotfood.cookv1 I/CookApp: PersistenceConfigProvider: getString key:store_id defValue:
2022-09-27 15:03:46.308 1043-1/com.robotfood.cookv1 D/CookApp: WifiManagerFragment: fragment on Attach
2022-09-27 15:03:46.309 1189-92/com.marsmarch.cookos I/CookOS: Analytics: AnalyticsFileCache: Report fail table_name = {"table_name":"pot_first_satting_mainpage","body":"{\"click\":6,\"ctime\":1664262226300,\"operator_id\":\"zhangziqiang\",\"store_id\":\"392719\"}"} saved file = true
2022-09-27 15:03:46.330 1043-1/com.robotfood.cookv1 D/CookApp: SettingFragment: fragment on Destroy
2022-09-27 15:03:47.198 1043-1/com.robotfood.cookv1 D/CookApp: wifiState: xianglukeji
2022-09-27 15:03:47.199 1043-1/com.robotfood.cookv1 D/CookApp: wifiState: xianglukeji-guest
2022-09-27 15:03:47.202 1043-1/com.robotfood.cookv1 D/CookApp: wifiState: xianglukeji_2.4G
2022-09-27 15:03:47.204 1043-1/com.robotfood.cookv1 D/CookApp: wifiState: cyc
2022-09-27 15:03:47.207 1043-1/com.robotfood.cookv1 D/CookApp: wifiState: CU_GB3U
2022-09-27 15:03:47.210 1043-1/com.robotfood.cookv1 D/CookApp: wifiState: Xiaomi 12X
2022-09-27 15:03:47.212 1043-1/com.robotfood.cookv1 D/CookApp: wifiState: CMCC-wenjing
2022-09-27 15:03:47.213 1043-1/com.robotfood.cookv1 D/CookApp: wifiState: HUAWEI_E5576_15C5
2022-09-27 15:03:47.215 1043-1/com.robotfood.cookv1 D/CookApp: wifiState: 
2022-09-27 15:03:47.216 1043-1/com.robotfood.cookv1 D/CookApp: wifiState: zonto2306
2022-09-27 15:03:47.244 1043-1/com.robotfood.cookv1 D/CookApp: onBindChildViewHolder: xianglukeji
2022-09-27 15:03:47.258 1043-1/com.robotfood.cookv1 D/CookApp: onBindChildViewHolder: xianglukeji-guest
2022-09-27 15:03:47.265 1043-1/com.robotfood.cookv1 D/CookApp: onBindChildViewHolder: xianglukeji_2.4G
2022-09-27 15:03:47.271 1043-1/com.robotfood.cookv1 D/CookApp: onBindChildViewHolder: cyc
2022-09-27 15:03:47.279 1043-1/com.robotfood.cookv1 D/CookApp: onBindChildViewHolder: CU_GB3U
2022-09-27 15:03:47.286 1043-1/com.robotfood.cookv1 D/CookApp: onBindChildViewHolder: Xiaomi 12X
2022-09-27 15:03:47.293 1043-1/com.robotfood.cookv1 D/CookApp: onBindChildViewHolder: CMCC-wenjing
2022-09-27 15:03:47.299 1043-1/com.robotfood.cookv1 D/CookApp: onBindChildViewHolder: HUAWEI_E5576_15C5
2022-09-27 15:03:47.305 1043-1/com.robotfood.cookv1 D/CookApp: onBindChildViewHolder: 
2022-09-27 15:03:47.311 1043-1/com.robotfood.cookv1 D/CookApp: onBindChildViewHolder: zonto2306
2022-09-27 15:03:48.402 1043-1/com.robotfood.cookv1 D/CookApp: SettingFragment: fragment on Attach
2022-09-27 15:03:48.471 968-88/com.marsmarch.cookos V/CookOS: CommandProcess: receive command: {"command_action":"COMMAND_MCU_VERSION"}
2022-09-27 15:03:48.472 1043-1/com.robotfood.cookv1 D/CookApp: UpdateDetailRequest: mcuVersionCode = 0 hard_ware_type = 0
2022-09-27 15:03:48.476 1043-1/com.robotfood.cookv1 D/CookApp: UpdateManager: getUpdateDetail request:UpdateDetailRequest{app_info=[UpdateInfo{up_id='com.robotfood.cookv1', version_no='12601', version_code=12601, up_type=1}, UpdateInfo{up_id='null', version_no='1.26.01', version_code=12601, up_type=2}]}
2022-09-27 15:03:48.477 1043-1/com.robotfood.cookv1 D/CookApp: SettingFragment: current volume -> 8.0, maxVolume -> 15.0
2022-09-27 15:03:48.484 1043-160/com.robotfood.cookv1 D/CookApp: AppUtil: app package name com.robotfood.cookv1
2022-09-27 15:03:48.486 1043-160/com.robotfood.cookv1 D/CookApp: AppUtil: versionCode 12601
2022-09-27 15:03:48.488 1043-160/com.robotfood.cookv1 D/CookApp: cookos-: _OkHttp_--> POST http://cr-robotapi-pro.roboofood.com/v1/sys/upgrade/detail
2022-09-27 15:03:48.489 1043-160/com.robotfood.cookv1 D/CookApp: cookos-: _OkHttp_Content-Type: application/json; charset=UTF-8
2022-09-27 15:03:48.490 1043-1/com.robotfood.cookv1 D/CookApp: WifiManagerFragment: fragment on Destroy
2022-09-27 15:03:48.491 1043-160/com.robotfood.cookv1 D/CookApp: cookos-: _OkHttp_Content-Length: 159
2022-09-27 15:03:48.492 1043-160/com.robotfood.cookv1 D/CookApp: cookos-: _OkHttp_X-Common-Lang: zh
2022-09-27 15:03:48.495 1043-160/com.robotfood.cookv1 D/CookApp: cookos-: _OkHttp_X-Common-Device-ID: C01NCNA0320228303565
2022-09-27 15:03:48.501 1043-160/com.robotfood.cookv1 D/CookApp: cookos-: _OkHttp_X-Request-Source: com.robotfood.cookv1
2022-09-27 15:03:48.503 1043-160/com.robotfood.cookv1 D/CookApp: cookos-: _OkHttp_X-System-Version: 12601
2022-09-27 15:03:48.505 1043-160/com.robotfood.cookv1 D/CookApp: cookos-: _OkHttp_X-App-Version: 12601
2022-09-27 15:03:48.505 1043-160/com.robotfood.cookv1 D/CookApp: cookos-: _OkHttp_X-Request-ID: aefaf3ea-5984-4952-832e-87ac1a7b2b06
2022-09-27 15:03:48.506 1043-160/com.robotfood.cookv1 D/CookApp: cookos-: _OkHttp_X-Auth-Token: 5f028643-625b-49fa-8186-d5e730d05295
2022-09-27 15:03:48.508 1043-160/com.robotfood.cookv1 D/CookApp: cookos-: _OkHttp_X-System-Timestamp: 1664262228
2022-09-27 15:03:48.509 1043-160/com.robotfood.cookv1 D/CookApp: cookos-: _OkHttp_--> END POST
2022-09-27 15:03:48.532 1043-160/com.robotfood.cookv1 D/CookApp: cookos-: _OkHttp_<-- 200 OK http://cr-robotapi-pro.roboofood.com/v1/sys/upgrade/detail (51ms)
2022-09-27 15:03:48.533 1043-160/com.robotfood.cookv1 D/CookApp: cookos-: _OkHttp_Date: Tue,
 27 Sep 2022 07:03:48 GMT
2022-09-27 15:03:48.534 1043-160/com.robotfood.cookv1 D/CookApp: cookos-: _OkHttp_Content-Type: text/plain
2022-09-27 15:03:48.534 1043-160/com.robotfood.cookv1 D/CookApp: cookos-: _OkHttp_Content-Length: 192
2022-09-27 15:03:48.535 1043-160/com.robotfood.cookv1 D/CookApp: cookos-: _OkHttp_Connection: keep-alive
2022-09-27 15:03:48.537 1043-160/com.robotfood.cookv1 D/CookApp: cookos-: _OkHttp_X-Encrypted: 1.0
2022-09-27 15:03:48.538 1043-160/com.robotfood.cookv1 D/CookApp: cookos-: _OkHttp_X-Request-Id: aefaf3ea-5984-4952-832e-87ac1a7b2b06
2022-09-27 15:03:48.539 1043-160/com.robotfood.cookv1 D/CookApp: cookos-: _OkHttp_Access-Control-Allow-Origin: *
2022-09-27 15:03:48.541 1043-160/com.robotfood.cookv1 D/CookApp: cookos-: _OkHttp_Access-Control-Allow-Credentials: true
2022-09-27 15:03:48.541 1043-160/com.robotfood.cookv1 D/CookApp: cookos-: _OkHttp_<-- END HTTP
