2022-09-27 15:02:11.249 1043-164/com.robotfood.cookv1 D/CookApp: cookos-: _OkHttp_X-Auth-Token: 5f028643-625b-49fa-8186-d5e730d05295
2022-09-27 15:02:11.249 1043-164/com.robotfood.cookv1 D/CookApp: cookos-: _OkHttp_X-System-Timestamp: 1664262131
2022-09-27 15:02:11.250 1043-164/com.robotfood.cookv1 D/CookApp: cookos-: _OkHttp_--> END POST
2022-09-27 15:02:11.251 1043-1/com.robotfood.cookv1 D/CookApp: HomeFragment: fragment on Attach
2022-09-27 15:02:11.269 1043-164/com.robotfood.cookv1 D/CookApp: cookos-: _OkHttp_<-- 400 Bad Request http://cr-robotapi-pro.roboofood.com/v2/develop/ware/list/developing (30ms)
2022-09-27 15:02:11.271 1043-164/com.robotfood.cookv1 D/CookApp: cookos-: _OkHttp_Date: Tue,
 27 Sep 2022 07:02:11 GMT
2022-09-27 15:02:11.273 1043-164/com.robotfood.cookv1 D/CookApp: cookos-: _OkHttp_Content-Type: application/json; charset=utf-8
2022-09-27 15:02:11.273 1043-164/com.robotfood.cookv1 D/CookApp: cookos-: _OkHttp_Content-Length: 149
2022-09-27 15:02:11.278 1189-92/com.marsmarch.cookos I/CookOS: PersistenceConfigProvider: getInt key:http_model defValue:1
2022-09-27 15:02:11.281 1189-92/com.marsmarch.cookos I/CookOS: Analytics: AnalyticsFileCache: Report fail table_name = {"table_name":"pot_first_app_mainpage","body":"{\"click\":1,\"ctime\":1664262131275,\"operator_id\":\"zhangziqiang\",\"store_id\":\"392719\"}"} saved file = true
2022-09-27 15:02:11.282 968-88/com.marsmarch.cookos D/CookOS: DeviceState: status = 1 ,cookBookid = , time = 0 , errcode =
2022-09-27 15:02:11.282 1043-164/com.robotfood.cookv1 D/CookApp: cookos-: _OkHttp_Connection: keep-alive
2022-09-27 15:02:11.282 968-88/com.marsmarch.cookos D/CookOS: MarsMarch_MQTT_MarsMarch_MQTTMqttClient: publish topic: =sys/v1/cooking/C01NCNA0320228303565/trace/event/push
2022-09-27 15:02:11.283 1043-164/com.robotfood.cookv1 D/CookApp: cookos-: _OkHttp_Access-Control-Allow-Origin: *
2022-09-27 15:02:11.285 1043-164/com.robotfood.cookv1 D/CookApp: cookos-: _OkHttp_Access-Control-Allow-Credentials: true
2022-09-27 15:02:11.286 1043-164/com.robotfood.cookv1 D/CookApp: cookos-: _OkHttp_<-- END HTTP
2022-09-27 15:02:11.287 1043-163/com.robotfood.cookv1 E/CookApp: : retrofit2.adapter.rxjava2.HttpException: HTTP 400 Bad Request
2022-09-27 15:02:11.288 1043-1/com.robotfood.cookv1 D/CookApp: TraceLinker: reportEndLink with linkId = bf65bbb0-2e55-46d8-823e-cd671c35fbb6_9
2022-09-27 15:02:11.347 968-88/com.marsmarch.cookos I/CookOS: ReleaseCookBookManager: queryCategory
2022-09-27 15:02:11.347 1189-92/com.marsmarch.cookos I/CookOS: PersistenceConfigProvider: getInt key:http_model defValue:1
2022-09-27 15:02:11.347 1043-1/com.robotfood.cookv1 D/CookApp: TraceLogRecord: all recode size =0
2022-09-27 15:02:11.348 1189-92/com.marsmarch.cookos I/CookOS: Analytics: AnalyticsFileCache: Report fail table_name = {"table_name":"pot_first_research_local","body":"{\"click\":\"2\",\"ctime\":1664262131296,\"operator_id\":\"zhangziqiang\",\"store_id\":\"392719\"}"} saved file = true
2022-09-27 15:02:11.348 1043-88/com.robotfood.cookv1 D/CookApp: TraceLogRecord: reportLog = {"body":{"action":2,"c_time":1664262131274,"link_id":"bf65bbb0-2e55-46d8-823e-cd671c35fbb6_9","link_name":"菜品研发","node_id":0,"node_name":"","status":1,"type":1},"id":"1664262131274","time":1664262131274,"type":"trace_event"}
2022-09-27 15:02:11.349 1043-1/com.robotfood.cookv1 I/CookApp: PersistenceConfigProvider: getString key:operator_id defValue:
2022-09-27 15:02:11.349 1043-1/com.robotfood.cookv1 I/CookApp: PersistenceConfigProvider: getString key:store_id defValue:
2022-09-27 15:02:11.349 1043-1/com.robotfood.cookv1 D/CookApp: HomeFragment: user permission = [11600, 11603, 11604, 11600, 11601, 11603, 11604, 14700]
2022-09-27 15:02:11.350 1043-1/com.robotfood.cookv1 D/CookApp: HomeFragment: current wifi rssi -> -45
2022-09-27 15:02:11.350 1043-1/com.robotfood.cookv1 I/CookApp: PersistenceConfigProvider: getString key:operator_id defValue:
2022-09-27 15:02:11.375 1043-1/com.robotfood.cookv1 I/CookApp: PersistenceConfigProvider: getString key:store_id defValue:
2022-09-27 15:02:11.376 1043-1/com.robotfood.cookv1 D/CookApp: DishDevelopFragment: fragment on Destroy
2022-09-27 15:02:11.377 1043-1/com.robotfood.cookv1 D/CookApp: HomeFragment: onResume
2022-09-27 15:02:11.424 1043-1/com.robotfood.cookv1 D/CookApp: HomeViewModel: app receive cookos data, size -> 24
2022-09-27 15:02:11.424 1043-1/com.robotfood.cookv1 D/CookApp: HomeViewModel: stick size is 0, home data size greater than 15,sublist 14
2022-09-27 15:02:11.429 968-88/com.marsmarch.cookos I/CookOS: ReleaseCookBookManager: queryCategory
2022-09-27 15:02:11.577 1043-1/com.robotfood.cookv1 D/CookApp: HomeViewModel: app receive cookos data, size -> 24
2022-09-27 15:02:11.578 1043-1/com.robotfood.cookv1 D/CookApp: HomeViewModel: stick size is 0, home data size greater than 15,sublist 14
2022-09-27 15:02:12.222 1043-1/com.robotfood.cookv1 D/CookApp: TraceLinker: reportStartLink with linkName = 手动炒制 linkId = bf65bbb0-2e55-46d8-823e-cd671c35fbb6_10
2022-09-27 15:02:12.223 1043-1/com.robotfood.cookv1 D/CookApp: TraceLogRecord: all recode size =0
2022-09-27 15:02:12.227 1189-92/com.marsmarch.cookos I/CookOS: PersistenceConfigProvider: getInt key:http_model defValue:1
2022-09-27 15:02:12.228 1043-1/com.robotfood.cookv1 I/CookApp: PersistenceConfigProvider: getString key:operator_id defValue:
2022-09-27 15:02:12.229 1043-1/com.robotfood.cookv1 I/CookApp: PersistenceConfigProvider: getString key:store_id defValue:
2022-09-27 15:02:12.229 1189-92/com.marsmarch.cookos I/CookOS: Analytics: AnalyticsFileCache: Report fail table_name = {"table_name":"pot_first_app_mainpage","body":"{\"click\":3,\"ctime\":1664262132222,\"operator_id\":\"zhangziqiang\",\"store_id\":\"392719\"}"} saved file = true
2022-09-27 15:02:12.230 968-64/com.marsmarch.cookos D/CookOS: MarsMarch_MQTT_MarsMarch_MQTTMqttClient: publish topic: =sys/v1/cooking/C01NCNA0320228303565/trace/event/push
2022-09-27 15:02:12.231 1043-1/com.robotfood.cookv1 D/CookApp: HomeFragment: onPause
2022-09-27 15:02:12.232 1043-88/com.robotfood.cookv1 D/CookApp: TraceLogRecord: reportLog = {"body":{"action":1,"c_time":1664262132221,"link_id":"bf65bbb0-2e55-46d8-823e-cd671c35fbb6_10","link_name":"手动炒制","node_id":0,"node_name":"","status":1,"type":1},"id":"1664262132221","time":1664262132221,"type":"trace_event"}
2022-09-27 15:02:12.233 1043-1/com.robotfood.cookv1 D/CookApp: HomeFragment: onStop
2022-09-27 15:02:12.234 1043-1/com.robotfood.cookv1 D/CookApp: HandCookV3Fragment: fragment on Attach
2022-09-27 15:02:12.297 1043-1/com.robotfood.cookv1 D/CookApp: HandCookViewModel: pageEvent enter:true
2022-09-27 15:02:12.304 1189-92/com.marsmarch.cookos I/CookOS: PersistenceConfigProvider: getInt key:http_model defValue:1
2022-09-27 15:02:12.304 968-64/com.marsmarch.cookos V/CookOS: CommandProcess: receive command: {"command_action":"COMMAND_HW","command_param1":7,"command_param2":1,"command_param3":0}
2022-09-27 15:02:12.305 1043-1/com.robotfood.cookv1 I/CookApp: PersistenceConfigProvider: getString key:operator_id defValue:
2022-09-27 15:02:12.305 968-64/com.marsmarch.cookos V/CookOS: HardwareManager: Request{seqNumber=9959, actionGroup=7, action=1, arg1=0, arg2=0, arg3=0, arg4=0}
2022-09-27 15:02:12.306 1189-92/com.marsmarch.cookos I/CookOS: Analytics: AnalyticsFileCache: Report fail table_name = {"table_name":"pot_first_manualcook_mainpage","body":"{\"click\":1,\"ctime\":1664262132297,\"operator_id\":\"zhangziqiang\",\"store_id\":\"392719\"}"} saved file = true
2022-09-27 15:02:12.306 968-66/com.marsmarch.cookos V/CookOS: Command: command hex str: 6A6301007B007B00E7260700010000000000000000000000000000000000000016D6
2022-09-27 15:02:12.306 1043-1/com.robotfood.cookv1 I/CookApp: PersistenceConfigProvider: getString key:store_id defValue:
2022-09-27 15:02:12.307 1043-1/com.robotfood.cookv1 I/CookApp: HandCookViewModel: init 
2022-09-27 15:02:12.308 1043-1/com.robotfood.cookv1 D/CookApp: SolidPutManager: init
2022-09-27 15:02:12.326 968-65/com.marsmarch.cookos V/CookOS: SerialReadThread: read hex str: 6A6301007B007B00E72607000100010000000000000000000000000000000000472A
2022-09-27 15:02:12.328 1043-1/com.robotfood.cookv1 I/CookApp: HandCookViewModel: reset
2022-09-27 15:02:12.329 968-65/com.marsmarch.cookos V/CookOS: SerialReadThread: Response{seqNumber=9959, actionGroup=7, action=1, arg1=1, arg2=0, arg3=0, arg4=0}
2022-09-27 15:02:12.329 968-64/com.marsmarch.cookos V/CookOS: CommandProcess: receive command: {"command_action":"COMMAND_HW","command_param1":7,"command_param2":1,"command_param3":0}
2022-09-27 15:02:12.329 968-64/com.marsmarch.cookos V/CookOS: HardwareManager: Request{seqNumber=9960, actionGroup=7, action=1, arg1=0, arg2=0, arg3=0, arg4=0}
2022-09-27 15:02:12.330 968-66/com.marsmarch.cookos V/CookOS: Command: command hex str: 6A6301007B007B00E826070001000000000000000000000000000000000000006716
2022-09-27 15:02:12.340 968-65/com.marsmarch.cookos V/CookOS: SerialReadThread: read hex str: 6A6301007B007B00E8260700010001000000000000000000000000000000000036EA
2022-09-27 15:02:12.340 968-65/com.marsmarch.cookos V/CookOS: SerialReadThread: Response{seqNumber=9960, actionGroup=7, action=1, arg1=1, arg2=0, arg3=0, arg4=0}
2022-09-27 15:02:12.341 968-64/com.marsmarch.cookos V/CookOS: CommandProcess: receive command: {"command_action":"COMMAND_HW","command_param1":7,"command_param2":6,"command_param3":0}
2022-09-27 15:02:12.342 968-64/com.marsmarch.cookos V/CookOS: HardwareManager: Request{seqNumber=9961, actionGroup=7, action=6, arg1=0, arg2=0, arg3=0, arg4=0}
2022-09-27 15:02:12.343 968-66/com.marsmarch.cookos V/CookOS: Command: command hex str: 6A6301007B007B00E926070006000000000000000000000000000000000000008F34
2022-09-27 15:02:12.353 968-65/com.marsmarch.cookos V/CookOS: SerialReadThread: read hex str: 6A6301007B007B00E92607000600010000000000000000000000000000000000DEC8
2022-09-27 15:02:12.354 968-65/com.marsmarch.cookos V/CookOS: SerialReadThread: Response{seqNumber=9961, actionGroup=7, action=6, arg1=1, arg2=0, arg3=0, arg4=0}
2022-09-27 15:02:12.355 1043-1/com.robotfood.cookv1 D/CookApp: ResetComponent: query potPosition -> true, stirPosition -> true
2022-09-27 15:02:12.355 968-64/com.marsmarch.cookos V/CookOS: CommandProcess: receive command: {"command_action":"COMMAND_HW","command_param1":7,"command_param2":4,"command_param3":0}
2022-09-27 15:02:12.365 968-64/com.marsmarch.cookos V/CookOS: HardwareManager: Request{seqNumber=9963, actionGroup=7, action=4, arg1=0, arg2=0, arg3=0, arg4=0}
2022-09-27 15:02:12.366 968-66/com.marsmarch.cookos V/CookOS: Command: command hex str: 6A6301007B007B00EB26070004000000000000000000000000000000000000004FBC
2022-09-27 15:02:12.378 968-65/com.marsmarch.cookos V/CookOS: SerialReadThread: read hex str: 6A6301007B007B00EB2607000400020000000000000000000000000000000000EE04
2022-09-27 15:02:12.379 968-65/com.marsmarch.cookos V/CookOS: SerialReadThread: Response{seqNumber=9963, actionGroup=7, action=4, arg1=2, arg2=0, arg3=0, arg4=0}
2022-09-27 15:02:12.379 1043-1/com.robotfood.cookv1 D/CookApp: ResetComponent: query solidBoxPosition -> true
2022-09-27 15:02:12.394 1043-1/com.robotfood.cookv1 D/CookApp: TraceLinker: reportNode with nodeName = 进入手动炒制 nodeId = 1
2022-09-27 15:02:12.395 968-64/com.marsmarch.cookos D/CookOS: DeviceState: status = 3 ,cookBookid = , time = 0 , errcode =
2022-09-27 15:02:12.396 1043-1/com.robotfood.cookv1 D/CookApp: TraceLogRecord: all recode size =0
2022-09-27 15:02:12.397 968-64/com.marsmarch.cookos D/CookOS: MarsMarch_MQTT_MarsMarch_MQTTMqttClient: publish topic: =sys/v1/cooking/C01NCNA0320228303565/trace/event/push
2022-09-27 15:02:12.397 1043-88/com.robotfood.cookv1 D/CookApp: TraceLogRecord: reportLog = {"body":{"action":1,"c_time":1664262132393,"link_id":"bf65bbb0-2e55-46d8-823e-cd671c35fbb6_10","link_name":"手动炒制","node_id":1,"node_name":"进入手动炒制","status":1,"type":2},"id":"1664262132393","time":1664262132393,"type":"trace_event"}
2022-09-27 15:02:12.401 1043-1/com.robotfood.cookv1 D/CookApp: HomeFragment: onDestroyView
2022-09-27 15:02:12.405 1043-1/com.robotfood.cookv1 D/CookApp: HomeFragment: fragment on Destroy
2022-09-27 15:02:14.470 1043-1/com.robotfood.cookv1 I/CookApp: HandCookViewModel: exit
2022-09-27 15:02:14.472 1043-1/com.robotfood.cookv1 I/CookApp: HandCookViewModel: session cook exit
2022-09-27 15:02:14.493 1043-1/com.robotfood.cookv1 D/CookApp: ForceStopFragment: fragment on Attach
2022-09-27 15:02:14.551 1043-1/com.robotfood.cookv1 D/CookApp: TraceLinker: reportNode with nodeName = 进入停止界面 nodeId = 2
2022-09-27 15:02:14.554 968-88/com.marsmarch.cookos V/CookOS: CommandProcess: receive command: {"command_action":"COMMAND_HW","command_param1":2,"command_param2":1,"command_param3":0}
2022-09-27 15:02:14.556 1043-1/com.robotfood.cookv1 D/CookApp: TraceLogRecord: all recode size =0
2022-09-27 15:02:14.557 1189-92/com.marsmarch.cookos I/CookOS: PersistenceConfigProvider: getInt key:http_model defValue:1
2022-09-27 15:02:14.560 1043-88/com.robotfood.cookv1 D/CookApp: TraceLogRecord: reportLog = {"body":{"action":1,"c_time":1664262134550,"link_id":"bf65bbb0-2e55-46d8-823e-cd671c35fbb6_10","link_name":"手动炒制","node_id":2,"node_name":"进入停止界面","status":1,"type":2},"id":"1664262134550","time":1664262134550,"type":"trace_event"}
2022-09-27 15:02:14.560 968-88/com.marsmarch.cookos V/CookOS: HardwareManager: Request{seqNumber=9974, actionGroup=2, action=1, arg1=0, arg2=0, arg3=0, arg4=0}
2022-09-27 15:02:14.561 1043-1/com.robotfood.cookv1 D/CookApp: HandCookViewModel: pageEvent enter:false
2022-09-27 15:02:14.561 968-64/com.marsmarch.cookos D/CookOS: MarsMarch_MQTT_MarsMarch_MQTTMqttClient: publish topic: =sys/v1/cooking/C01NCNA0320228303565/trace/event/push
2022-09-27 15:02:14.562 968-66/com.marsmarch.cookos V/CookOS: Command: command hex str: 6A6301007B007B00F6260200010000000000000000000000000000000000000013E9
2022-09-27 15:02:14.563 1043-1/com.robotfood.cookv1 I/CookApp: PersistenceConfigProvider: getString key:operator_id defValue:
2022-09-27 15:02:14.569 1043-1/com.robotfood.cookv1 I/CookApp: PersistenceConfigProvider: getString key:store_id defValue:
2022-09-27 15:02:14.574 968-65/com.marsmarch.cookos V/CookOS: SerialReadThread: read hex str: 6A6301007B007B00F6260200010000000000000000000000000000000000000013E9
2022-09-27 15:02:14.575 1189-92/com.marsmarch.cookos I/CookOS: Analytics: AnalyticsFileCache: Report fail table_name = {"table_name":"pot_first_manualcook_mainpage","body":"{\"click\":2,\"ctime\":1664262134555,\"operator_id\":\"zhangziqiang\",\"store_id\":\"392719\"}"} saved file = true
2022-09-27 15:02:14.575 968-65/com.marsmarch.cookos V/CookOS: SerialReadThread: Response{seqNumber=9974, actionGroup=2, action=1, arg1=0, arg2=0, arg3=0, arg4=0}
2022-09-27 15:02:14.576 1043-1/com.robotfood.cookv1 D/CookApp: HandCookV3Fragment: fragment on Destroy
2022-09-27 15:02:14.576 968-88/com.marsmarch.cookos V/CookOS: CommandProcess: receive command: {"command_action":"COMMAND_HW","command_param1":2,"command_param2":2,"command_param3":0,"command_param4":0}
2022-09-27 15:02:14.576 1043-1/com.robotfood.cookv1 I/CookApp: HandCookViewModel: un init 
2022-09-27 15:02:14.577 1043-1/com.robotfood.cookv1 D/CookApp: SolidPutManager: uninit
2022-09-27 15:02:14.577 968-88/com.marsmarch.cookos V/CookOS: HardwareManager: Request{seqNumber=9975, actionGroup=2, action=2, arg1=0, arg2=0, arg3=0, arg4=0}
2022-09-27 15:02:14.578 968-66/com.marsmarch.cookos V/CookOS: Command: command hex str: 6A6301007B007B00F726020002000000000000000000000000000000000000000A4F
2022-09-27 15:02:14.583 968-65/com.marsmarch.cookos V/CookOS: SerialReadThread: read hex str: 6A6301007B007B00F726020002000000000000000000000000000000000000000A4F
2022-09-27 15:02:14.585 968-65/com.marsmarch.cookos V/CookOS: SerialReadThread: Response{seqNumber=9975, actionGroup=2, action=2, arg1=0, arg2=0, arg3=0, arg4=0}
2022-09-27 15:02:14.586 968-88/com.marsmarch.cookos V/CookOS: CommandProcess: receive command: {"command_action":"COMMAND_HW","command_param1":3,"command_param2":2,"command_param3":103,"command_param4":0,"command_param5":0}
2022-09-27 15:02:14.586 968-88/com.marsmarch.cookos V/CookOS: HardwareManager: Request{seqNumber=9976, actionGroup=3, action=2, arg1=103, arg2=0, arg3=0, arg4=0}
2022-09-27 15:02:14.587 968-66/com.marsmarch.cookos V/CookOS: Command: command hex str: 6A6301007B007B00F826030002006700000000000000000000000000000000000428
2022-09-27 15:02:14.598 968-65/com.marsmarch.cookos V/CookOS: SerialReadThread: read hex str: 6A6301007B007B00F826030002006700000000000000000000000000000000000428
2022-09-27 15:02:14.600 968-65/com.marsmarch.cookos V/CookOS: SerialReadThread: Response{seqNumber=9976, actionGroup=3, action=2, arg1=103, arg2=0, arg3=0, arg4=0}
2022-09-27 15:02:14.601 968-88/com.marsmarch.cookos V/CookOS: CommandProcess: receive command: {"command_action":"COMMAND_HW","command_param1":3,"command_param2":2,"command_param3":102,"command_param4":0,"command_param5":0}
2022-09-27 15:02:14.602 968-88/com.marsmarch.cookos V/CookOS: HardwareManager: Request{seqNumber=9977, actionGroup=3, action=2, arg1=102, arg2=0, arg3=0, arg4=0}
2022-09-27 15:02:14.602 968-66/com.marsmarch.cookos V/CookOS: Command: command hex str: 6A6301007B007B00F926030002006600000000000000000000000000000000000841
2022-09-27 15:02:14.612 968-65/com.marsmarch.cookos V/CookOS: SerialReadThread: read hex str: 6A6301007B007B00F926030002006600000000000000000000000000000000000841
2022-09-27 15:02:14.614 968-65/com.marsmarch.cookos V/CookOS: SerialReadThread: Response{seqNumber=9977, actionGroup=3, action=2, arg1=102, arg2=0, arg3=0, arg4=0}
2022-09-27 15:02:14.615 968-88/com.marsmarch.cookos V/CookOS: CommandProcess: receive command: {"command_action":"COMMAND_HW","command_param1":3,"command_param2":2,"command_param3":101,"command_param4":0,"command_param5":0}
2022-09-27 15:02:14.615 968-88/com.marsmarch.cookos V/CookOS: HardwareManager: Request{seqNumber=9978, actionGroup=3, action=2, arg1=101, arg2=0, arg3=0, arg4=0}
2022-09-27 15:02:14.616 968-66/com.marsmarch.cookos V/CookOS: Command: command hex str: 6A6301007B007B00FA26030002006500000000000000000000000000000000001CFA
2022-09-27 15:02:14.627 968-65/com.marsmarch.cookos V/CookOS: SerialReadThread: read hex str: 6A6301007B007B00FA26030002006500000000000000000000000000000000001CFA
2022-09-27 15:02:14.629 968-65/com.marsmarch.cookos V/CookOS: SerialReadThread: Response{seqNumber=9978, actionGroup=3, action=2, arg1=101, arg2=0, arg3=0, arg4=0}
2022-09-27 15:02:14.630 968-88/com.marsmarch.cookos V/CookOS: CommandProcess: receive command: {"command_action":"COMMAND_HW","command_param1":3,"command_param2":2,"command_param3":1,"command_param4":0,"command_param5":0}
2022-09-27 15:02:14.631 968-88/com.marsmarch.cookos V/CookOS: HardwareManager: Request{seqNumber=9979, actionGroup=3, action=2, arg1=1, arg2=0, arg3=0, arg4=0}
2022-09-27 15:02:14.641 968-66/com.marsmarch.cookos V/CookOS: Command: command hex str: 6A6301007B007B00FB26030002000100000000000000000000000000000000001E40
2022-09-27 15:02:14.646 968-65/com.marsmarch.cookos V/CookOS: SerialReadThread: read hex str: 6A6301007B007B00FB26030002000100000000000000000000000000000000001E40
2022-09-27 15:02:14.648 968-65/com.marsmarch.cookos V/CookOS: SerialReadThread: Response{seqNumber=9979, actionGroup=3, action=2, arg1=1, arg2=0, arg3=0, arg4=0}
2022-09-27 15:02:14.650 968-88/com.marsmarch.cookos V/CookOS: CommandProcess: receive command: {"command_action":"COMMAND_HW","command_param1":3,"command_param2":2,"command_param3":2,"command_param4":0,"command_param5":0}
2022-09-27 15:02:14.651 968-88/com.marsmarch.cookos V/CookOS: HardwareManager: Request{seqNumber=9980, actionGroup=3, action=2, arg1=2, arg2=0, arg3=0, arg4=0}
2022-09-27 15:02:14.652 968-66/com.marsmarch.cookos V/CookOS: Command: command hex str: 6A6301007B007B00FC2603000200020000000000000000000000000000000000782E
2022-09-27 15:02:14.662 968-65/com.marsmarch.cookos V/CookOS: SerialReadThread: read hex str: 6A6301007B007B00FC2603000200020000000000000000000000000000000000782E
2022-09-27 15:02:14.663 968-65/com.marsmarch.cookos V/CookOS: SerialReadThread: Response{seqNumber=9980, actionGroup=3, action=2, arg1=2, arg2=0, arg3=0, arg4=0}
2022-09-27 15:02:14.663 968-88/com.marsmarch.cookos V/CookOS: CommandProcess: receive command: {"command_action":"COMMAND_HW","command_param1":3,"command_param2":2,"command_param3":3,"command_param4":0,"command_param5":0}
2022-09-27 15:02:14.664 968-88/com.marsmarch.cookos V/CookOS: HardwareManager: Request{seqNumber=9981, actionGroup=3, action=2, arg1=3, arg2=0, arg3=0, arg4=0}
2022-09-27 15:02:14.665 968-66/com.marsmarch.cookos V/CookOS: Command: command hex str: 6A6301007B007B00FD26030002000300000000000000000000000000000000007447
2022-09-27 15:02:14.675 968-65/com.marsmarch.cookos V/CookOS: SerialReadThread: read hex str: 6A6301007B007B00FD26030002000300000000000000000000000000000000007447
2022-09-27 15:02:14.678 968-65/com.marsmarch.cookos V/CookOS: SerialReadThread: Response{seqNumber=9981, actionGroup=3, action=2, arg1=3, arg2=0, arg3=0, arg4=0}
2022-09-27 15:02:14.679 968-88/com.marsmarch.cookos V/CookOS: CommandProcess: receive command: {"command_action":"COMMAND_HW","command_param1":3,"command_param2":2,"command_param3":4,"command_param4":0,"command_param5":0}
2022-09-27 15:02:14.679 968-88/com.marsmarch.cookos V/CookOS: HardwareManager: Request{seqNumber=9982, actionGroup=3, action=2, arg1=4, arg2=0, arg3=0, arg4=0}
2022-09-27 15:02:14.680 968-66/com.marsmarch.cookos V/CookOS: Command: command hex str: 6A6301007B007B00FE260300020004000000000000000000000000000000000021CD
2022-09-27 15:02:14.692 968-65/com.marsmarch.cookos V/CookOS: SerialReadThread: read hex str: 6A6301007B007B00FE260300020004000000000000000000000000000000000021CD
2022-09-27 15:02:14.692 968-65/com.marsmarch.cookos V/CookOS: SerialReadThread: Response{seqNumber=9982, actionGroup=3, action=2, arg1=4, arg2=0, arg3=0, arg4=0}
2022-09-27 15:02:14.694 968-88/com.marsmarch.cookos V/CookOS: CommandProcess: receive command: {"command_action":"COMMAND_HW","command_param1":3,"command_param2":2,"command_param3":5,"command_param4":0,"command_param5":0}
2022-09-27 15:02:14.695 968-88/com.marsmarch.cookos V/CookOS: HardwareManager: Request{seqNumber=9983, actionGroup=3, action=2, arg1=5, arg2=0, arg3=0, arg4=0}
2022-09-27 15:02:14.696 968-66/com.marsmarch.cookos V/CookOS: Command: command hex str: 6A6301007B007B00FF26030002000500000000000000000000000000000000002DA4
2022-09-27 15:02:14.709 968-65/com.marsmarch.cookos V/CookOS: SerialReadThread: read hex str: 6A6301007B007B00FF26030002000500000000000000000000000000000000002DA4
2022-09-27 15:02:14.711 968-65/com.marsmarch.cookos V/CookOS: SerialReadThread: Response{seqNumber=9983, actionGroup=3, action=2, arg1=5, arg2=0, arg3=0, arg4=0}
2022-09-27 15:02:14.712 968-88/com.marsmarch.cookos V/CookOS: CommandProcess: receive command: {"command_action":"COMMAND_HW","command_param1":3,"command_param2":2,"command_param3":6,"command_param4":0,"command_param5":0}
2022-09-27 15:02:14.713 968-88/com.marsmarch.cookos V/CookOS: HardwareManager: Request{seqNumber=9984, actionGroup=3, action=2, arg1=6, arg2=0, arg3=0, arg4=0}
2022-09-27 15:02:14.713 968-66/com.marsmarch.cookos V/CookOS: Command: command hex str: 6A6301007B007B00002703000200060000000000000000000000000000000000607B
2022-09-27 15:02:14.723 968-65/com.marsmarch.cookos V/CookOS: SerialReadThread: read hex str: 6A6301007B007B00002703000200060000000000000000000000000000000000607B
2022-09-27 15:02:14.724 968-65/com.marsmarch.cookos V/CookOS: SerialReadThread: Response{seqNumber=9984, actionGroup=3, action=2, arg1=6, arg2=0, arg3=0, arg4=0}
2022-09-27 15:02:14.725 968-88/com.marsmarch.cookos V/CookOS: CommandProcess: receive command: {"command_action":"COMMAND_HW","command_param1":7,"command_param2":4,"command_param3":0}
2022-09-27 15:02:14.726 968-88/com.marsmarch.cookos V/CookOS: HardwareManager: Request{seqNumber=9985, actionGroup=7, action=4, arg1=0, arg2=0, arg3=0, arg4=0}
2022-09-27 15:02:14.727 968-66/com.marsmarch.cookos V/CookOS: Command: command hex str: 6A6301007B007B0001270700040000000000000000000000000000000000000010F2
2022-09-27 15:02:14.738 968-65/com.marsmarch.cookos V/CookOS: SerialReadThread: read hex str: 6A6301007B007B00012707000400020000000000000000000000000000000000B14A
2022-09-27 15:02:14.739 968-65/com.marsmarch.cookos V/CookOS: SerialReadThread: Response{seqNumber=9985, actionGroup=7, action=4, arg1=2, arg2=0, arg3=0, arg4=0}
2022-09-27 15:02:14.740 968-88/com.marsmarch.cookos V/CookOS: CommandProcess: receive command: {"command_action":"COMMAND_HW","command_param1":7,"command_param2":6,"command_param3":0}
2022-09-27 15:02:14.749 968-88/com.marsmarch.cookos V/CookOS: HardwareManager: Request{seqNumber=9987, actionGroup=7, action=6, arg1=0, arg2=0, arg3=0, arg4=0}
2022-09-27 15:02:14.750 968-66/com.marsmarch.cookos V/CookOS: Command: command hex str: 6A6301007B007B00032707000600000000000000000000000000000000000000D07A
2022-09-27 15:02:14.761 968-65/com.marsmarch.cookos V/CookOS: SerialReadThread: read hex str: 6A6301007B007B000327070006000100000000000000000000000000000000008186
2022-09-27 15:02:14.762 968-65/com.marsmarch.cookos V/CookOS: SerialReadThread: Response{seqNumber=9987, actionGroup=7, action=6, arg1=1, arg2=0, arg3=0, arg4=0}
2022-09-27 15:02:14.764 968-88/com.marsmarch.cookos V/CookOS: CommandProcess: receive command: {"command_action":"COMMAND_HW","command_param1":7,"command_param2":1,"command_param3":0}
2022-09-27 15:02:14.764 968-88/com.marsmarch.cookos V/CookOS: HardwareManager: Request{seqNumber=9988, actionGroup=7, action=1, arg1=0, arg2=0, arg3=0, arg4=0}
2022-09-27 15:02:14.765 968-66/com.marsmarch.cookos V/CookOS: Command: command hex str: 6A6301007B007B00042707000100000000000000000000000000000000000000F3E7
2022-09-27 15:02:14.776 968-65/com.marsmarch.cookos V/CookOS: SerialReadThread: read hex str: 6A6301007B007B00042707000100010000000000000000000000000000000000A21B
2022-09-27 15:02:14.777 1043-123/com.robotfood.cookv1 D/CookApp: StopCookComponent: query status isBoxMoving -> false,isStirMoving -> false, isPotMoving -> false
2022-09-27 15:02:14.778 968-65/com.marsmarch.cookos V/CookOS: SerialReadThread: Response{seqNumber=9988, actionGroup=7, action=1, arg1=1, arg2=0, arg3=0, arg4=0}
2022-09-27 15:02:14.778 968-88/com.marsmarch.cookos V/CookOS: CommandProcess: receive command: {"command_action":"COMMAND_HW","command_param1":3,"command_param2":1,"command_param3":0}
2022-09-27 15:02:14.779 968-88/com.marsmarch.cookos V/CookOS: HardwareManager: Request{seqNumber=9989, actionGroup=3, action=1, arg1=0, arg2=0, arg3=0, arg4=0}
2022-09-27 15:02:14.779 968-66/com.marsmarch.cookos V/CookOS: Command: command hex str: 6A6301007B007B00052703000100000000000000000000000000000000000000EB81
2022-09-27 15:02:14.791 968-65/com.marsmarch.cookos V/CookOS: SerialReadThread: read hex str: 6A6301007B007B00052703000100000000000000000000000000000000000000EB81
2022-09-27 15:02:14.792 968-65/com.marsmarch.cookos V/CookOS: SerialReadThread: Response{seqNumber=9989, actionGroup=3, action=1, arg1=0, arg2=0, arg3=0, arg4=0}
2022-09-27 15:02:14.792 968-88/com.marsmarch.cookos V/CookOS: CommandProcess: receive command: {"command_action":"COMMAND_HW","command_param1":3,"command_param2":2,"command_param3":103,"command_param4":0,"command_param5":0}
2022-09-27 15:02:14.794 968-88/com.marsmarch.cookos V/CookOS: HardwareManager: Request{seqNumber=9990, actionGroup=3, action=2, arg1=103, arg2=0, arg3=0, arg4=0}
2022-09-27 15:02:14.794 968-66/com.marsmarch.cookos V/CookOS: Command: command hex str: 6A6301007B007B00062703000200670000000000000000000000000000000000E426
2022-09-27 15:02:14.810 968-65/com.marsmarch.cookos V/CookOS: SerialReadThread: read hex str: 6A63010001000100EE3704000200010000000000000000000000000000000000C41D
2022-09-27 15:02:14.811 968-65/com.marsmarch.cookos V/CookOS: SerialReadThread: Response{seqNumber=14318, actionGroup=4, action=2, arg1=1, arg2=0, arg3=0, arg4=0}
2022-09-27 15:02:14.812 968-64/com.marsmarch.cookos V/CookOS: CommandProcess: receive command: {"command_action":"COMMAND_HW","command_param1":7,"command_param2":4,"command_param3":0}
2022-09-27 15:02:14.814 968-65/com.marsmarch.cookos V/CookOS: SerialReadThread: read hex str: 6A6301007B007B00062703000200670000000000000000000000000000000000E426
2022-09-27 15:02:14.815 968-65/com.marsmarch.cookos V/CookOS: SerialReadThread: Response{seqNumber=9990, actionGroup=3, action=2, arg1=103, arg2=0, arg3=0, arg4=0}
2022-09-27 15:02:14.816 968-64/com.marsmarch.cookos V/CookOS: HardwareManager: Request{seqNumber=9991, actionGroup=7, action=4, arg1=0, arg2=0, arg3=0, arg4=0}
2022-09-27 15:02:14.817 968-66/com.marsmarch.cookos V/CookOS: Command: command hex str: 6A6301007B007B00072707000400000000000000000000000000000000000000DB4D
2022-09-27 15:02:14.818 968-88/com.marsmarch.cookos V/CookOS: CommandProcess: receive command: {"command_action":"COMMAND_HW","command_param1":3,"command_param2":2,"command_param3":102,"command_param4":0,"command_param5":0}
2022-09-27 15:02:14.828 968-65/com.marsmarch.cookos V/CookOS: SerialReadThread: read hex str: 6A6301007B007B000727070004000200000000000000000000000000000000007AF5
2022-09-27 15:02:14.829 968-65/com.marsmarch.cookos V/CookOS: SerialReadThread: Response{seqNumber=9991, actionGroup=7, action=4, arg1=2, arg2=0, arg3=0, arg4=0}
2022-09-27 15:02:14.831 1043-59/com.robotfood.cookv1 D/CookApp: StopCookComponent: boxPosition -> 2, action -> ACT_BOX_X
2022-09-27 15:02:14.833 1043-59/com.robotfood.cookv1 D/CookApp: ForceStopViewModel: stopCookComponent finish
2022-09-27 15:02:14.834 1043-1/com.robotfood.cookv1 D/CookApp: TraceLinker: reportNode with nodeName = 退出停止界面 nodeId = 3
2022-09-27 15:02:14.835 968-88/com.marsmarch.cookos V/CookOS: HardwareManager: Request{seqNumber=9992, actionGroup=3, action=2, arg1=102, arg2=0, arg3=0, arg4=0}
2022-09-27 15:02:14.835 1043-1/com.robotfood.cookv1 D/CookApp: TraceLogRecord: all recode size =0
2022-09-27 15:02:14.836 1043-1/com.robotfood.cookv1 D/CookApp: ForceStopFragment: go to home page
2022-09-27 15:02:14.836 968-66/com.marsmarch.cookos V/CookOS: Command: command hex str: 6A6301007B007B00082703000200660000000000000000000000000000000000998F
2022-09-27 15:02:14.837 1043-88/com.robotfood.cookv1 D/CookApp: TraceLogRecord: reportLog = {"body":{"action":1,"c_time":1664262134830,"link_id":"bf65bbb0-2e55-46d8-823e-cd671c35fbb6_10","link_name":"手动炒制","node_id":3,"node_name":"退出停止界面","status":1,"type":2},"id":"1664262134830","time":1664262134830,"type":"trace_event"}
2022-09-27 15:02:14.838 968-64/com.marsmarch.cookos D/CookOS: MarsMarch_MQTT_MarsMarch_MQTTMqttClient: publish topic: =sys/v1/cooking/C01NCNA0320228303565/trace/event/push
2022-09-27 15:02:14.838 1043-1/com.robotfood.cookv1 D/CookApp: HomeFragment: fragment on Attach
2022-09-27 15:02:14.841 968-65/com.marsmarch.cookos V/CookOS: SerialReadThread: read hex str: 6A6301007B007B00082703000200660000000000000000000000000000000000998F
2022-09-27 15:02:14.842 968-65/com.marsmarch.cookos V/CookOS: SerialReadThread: Response{seqNumber=9992, actionGroup=3, action=2, arg1=102, arg2=0, arg3=0, arg4=0}
2022-09-27 15:02:14.844 968-88/com.marsmarch.cookos V/CookOS: CommandProcess: receive command: {"command_action":"COMMAND_HW","command_param1":3,"command_param2":2,"command_param3":101,"command_param4":0,"command_param5":0}
2022-09-27 15:02:14.845 968-88/com.marsmarch.cookos V/CookOS: HardwareManager: Request{seqNumber=9993, actionGroup=3, action=2, arg1=101, arg2=0, arg3=0, arg4=0}
2022-09-27 15:02:14.845 968-66/com.marsmarch.cookos V/CookOS: Command: command hex str: 6A6301007B007B00092703000200650000000000000000000000000000000000345E
2022-09-27 15:02:14.855 968-65/com.marsmarch.cookos V/CookOS: SerialReadThread: read hex str: 6A6301007B007B00092703000200650000000000000000000000000000000000345E
2022-09-27 15:02:14.856 968-65/com.marsmarch.cookos V/CookOS: SerialReadThread: Response{seqNumber=9993, actionGroup=3, action=2, arg1=101, arg2=0, arg3=0, arg4=0}
2022-09-27 15:02:14.858 968-88/com.marsmarch.cookos V/CookOS: CommandProcess: receive command: {"command_action":"COMMAND_HW","command_param1":3,"command_param2":2,"command_param3":1,"command_param4":0,"command_param5":0}
2022-09-27 15:02:14.859 968-88/com.marsmarch.cookos V/CookOS: HardwareManager: Request{seqNumber=9994, actionGroup=3, action=2, arg1=1, arg2=0, arg3=0, arg4=0}
2022-09-27 15:02:14.860 968-66/com.marsmarch.cookos V/CookOS: Command: command hex str: 6A6301007B007B000A27030002000100000000000000000000000000000000008F8E
2022-09-27 15:02:14.863 1043-1/com.robotfood.cookv1 D/CookApp: TraceLinker: reportEndLink with linkId = bf65bbb0-2e55-46d8-823e-cd671c35fbb6_10
2022-09-27 15:02:14.865 1043-1/com.robotfood.cookv1 D/CookApp: TraceLogRecord: all recode size =0
2022-09-27 15:02:14.868 1043-88/com.robotfood.cookv1 D/CookApp: TraceLogRecord: reportLog = {"body":{"action":2,"c_time":1664262134863,"link_id":"bf65bbb0-2e55-46d8-823e-cd671c35fbb6_10","link_name":"手动炒制","node_id":0,"node_name":"","status":1,"type":1},"id":"1664262134863","time":1664262134863,"type":"trace_event"}
2022-09-27 15:02:14.869 1189-92/com.marsmarch.cookos I/CookOS: PersistenceConfigProvider: getInt key:http_model defValue:1
2022-09-27 15:02:14.869 1043-1/com.robotfood.cookv1 I/CookApp: PersistenceConfigProvider: getString key:operator_id defValue:
2022-09-27 15:02:14.870 1043-1/com.robotfood.cookv1 I/CookApp: PersistenceConfigProvider: getString key:store_id defValue:
2022-09-27 15:02:14.871 968-65/com.marsmarch.cookos V/CookOS: SerialReadThread: read hex str: 6A6301007B007B000A27030002000100000000000000000000000000000000008F8E
2022-09-27 15:02:14.871 1189-92/com.marsmarch.cookos I/CookOS: Analytics: AnalyticsFileCache: Report fail table_name = {"table_name":"pot_first_app_mainpage","body":"{\"click\":1,\"ctime\":1664262134864,\"operator_id\":\"zhangziqiang\",\"store_id\":\"392719\"}"} saved file = true
2022-09-27 15:02:14.872 968-65/com.marsmarch.cookos V/CookOS: SerialReadThread: Response{seqNumber=9994, actionGroup=3, action=2, arg1=1, arg2=0, arg3=0, arg4=0}
2022-09-27 15:02:14.873 1043-1/com.robotfood.cookv1 D/CookApp: HomeFragment: user permission = [11600, 11603, 11604, 11600, 11601, 11603, 11604, 14700]
2022-09-27 15:02:14.875 968-88/com.marsmarch.cookos V/CookOS: CommandProcess: receive command: {"command_action":"COMMAND_HW","command_param1":3,"command_param2":2,"command_param3":2,"command_param4":0,"command_param5":0}
2022-09-27 15:02:14.876 968-88/com.marsmarch.cookos V/CookOS: HardwareManager: Request{seqNumber=9995, actionGroup=3, action=2, arg1=2, arg2=0, arg3=0, arg4=0}
2022-09-27 15:02:14.877 968-66/com.marsmarch.cookos V/CookOS: Command: command hex str: 6A6301007B007B000B2703000200020000000000000000000000000000000000225F
2022-09-27 15:02:14.878 1043-1/com.robotfood.cookv1 D/CookApp: HomeFragment: current wifi rssi -> -51
2022-09-27 15:02:14.882 1043-1/com.robotfood.cookv1 D/CookApp: ForceStopFragment: fragment on Destroy
2022-09-27 15:02:14.885 1043-1/com.robotfood.cookv1 D/CookApp: HomeFragment: onResume
2022-09-27 15:02:14.888 968-65/com.marsmarch.cookos V/CookOS: SerialReadThread: read hex str: 6A6301007B007B000B2703000200020000000000000000000000000000000000225F
2022-09-27 15:02:14.889 968-65/com.marsmarch.cookos V/CookOS: SerialReadThread: Response{seqNumber=9995, actionGroup=3, action=2, arg1=2, arg2=0, arg3=0, arg4=0}
2022-09-27 15:02:14.891 968-88/com.marsmarch.cookos V/CookOS: CommandProcess: receive command: {"command_action":"COMMAND_HW","command_param1":3,"command_param2":2,"command_param3":3,"command_param4":0,"command_param5":0}
2022-09-27 15:02:14.892 968-88/com.marsmarch.cookos V/CookOS: HardwareManager: Request{seqNumber=9996, actionGroup=3, action=2, arg1=3, arg2=0, arg3=0, arg4=0}
2022-09-27 15:02:14.894 968-66/com.marsmarch.cookos V/CookOS: Command: command hex str: 6A6301007B007B000C2703000200030000000000000000000000000000000000E589
2022-09-27 15:02:14.904 968-65/com.marsmarch.cookos V/CookOS: SerialReadThread: read hex str: 6A6301007B007B000C2703000200030000000000000000000000000000000000E589
2022-09-27 15:02:14.905 968-65/com.marsmarch.cookos V/CookOS: SerialReadThread: Response{seqNumber=9996, actionGroup=3, action=2, arg1=3, arg2=0, arg3=0, arg4=0}
2022-09-27 15:02:14.908 968-88/com.marsmarch.cookos V/CookOS: CommandProcess: receive command: {"command_action":"COMMAND_HW","command_param1":3,"command_param2":2,"command_param3":4,"command_param4":0,"command_param5":0}
2022-09-27 15:02:14.909 968-88/com.marsmarch.cookos V/CookOS: HardwareManager: Request{seqNumber=9997, actionGroup=3, action=2, arg1=4, arg2=0, arg3=0, arg4=0}
2022-09-27 15:02:14.910 968-66/com.marsmarch.cookos V/CookOS: Command: command hex str: 6A6301007B007B000D27030002000400000000000000000000000000000000000969
2022-09-27 15:02:14.920 968-65/com.marsmarch.cookos V/CookOS: SerialReadThread: read hex str: 6A6301007B007B000D27030002000400000000000000000000000000000000000969
2022-09-27 15:02:14.922 968-65/com.marsmarch.cookos V/CookOS: SerialReadThread: Response{seqNumber=9997, actionGroup=3, action=2, arg1=4, arg2=0, arg3=0, arg4=0}
2022-09-27 15:02:14.923 968-88/com.marsmarch.cookos V/CookOS: CommandProcess: receive command: {"command_action":"COMMAND_HW","command_param1":3,"command_param2":2,"command_param3":5,"command_param4":0,"command_param5":0}
2022-09-27 15:02:14.924 968-88/com.marsmarch.cookos V/CookOS: HardwareManager: Request{seqNumber=9998, actionGroup=3, action=2, arg1=5, arg2=0, arg3=0, arg4=0}
2022-09-27 15:02:14.926 968-66/com.marsmarch.cookos V/CookOS: Command: command hex str: 6A6301007B007B000E2703000200050000000000000000000000000000000000BC6A
2022-09-27 15:02:14.935 968-65/com.marsmarch.cookos V/CookOS: SerialReadThread: read hex str: 6A6301007B007B000E2703000200050000000000000000000000000000000000BC6A
2022-09-27 15:02:14.936 968-65/com.marsmarch.cookos V/CookOS: SerialReadThread: Response{seqNumber=9998, actionGroup=3, action=2, arg1=5, arg2=0, arg3=0, arg4=0}
2022-09-27 15:02:14.937 968-88/com.marsmarch.cookos V/CookOS: CommandProcess: receive command: {"command_action":"COMMAND_HW","command_param1":3,"command_param2":2,"command_param3":6,"command_param4":0,"command_param5":0}
2022-09-27 15:02:14.939 968-88/com.marsmarch.cookos V/CookOS: HardwareManager: Request{seqNumber=9999, actionGroup=3, action=2, arg1=6, arg2=0, arg3=0, arg4=0}
2022-09-27 15:02:14.940 968-66/com.marsmarch.cookos V/CookOS: Command: command hex str: 6A6301007B007B000F270300020006000000000000000000000000000000000011BB
2022-09-27 15:02:14.951 968-65/com.marsmarch.cookos V/CookOS: SerialReadThread: read hex str: 6A6301007B007B000F270300020006000000000000000000000000000000000011BB
2022-09-27 15:02:14.952 968-65/com.marsmarch.cookos V/CookOS: SerialReadThread: Response{seqNumber=9999, actionGroup=3, action=2, arg1=6, arg2=0, arg3=0, arg4=0}
2022-09-27 15:02:14.993 968-64/com.marsmarch.cookos D/CookOS: DeviceState: status = 1 ,cookBookid = , time = 0 , errcode =
2022-09-27 15:02:14.994 968-64/com.marsmarch.cookos D/CookOS: MarsMarch_MQTT_MarsMarch_MQTTMqttClient: publish topic: =sys/v1/cooking/C01NCNA0320228303565/trace/event/push
2022-09-27 15:02:15.256 968-64/com.marsmarch.cookos I/CookOS: ReleaseCookBookManager: queryCategory
2022-09-27 15:02:15.414 1043-1/com.robotfood.cookv1 D/CookApp: HomeViewModel: app receive cookos data, size -> 24
2022-09-27 15:02:15.415 1043-1/com.robotfood.cookv1 D/CookApp: HomeViewModel: stick size is 0, home data size greater than 15,sublist 14
2022-09-27 15:02:15.419 968-64/com.marsmarch.cookos I/CookOS: ReleaseCookBookManager: queryCategory
2022-09-27 15:02:15.595 1043-1/com.robotfood.cookv1 D/CookApp: HomeViewModel: app receive cookos data, size -> 24
2022-09-27 15:02:15.596 1043-1/com.robotfood.cookv1 D/CookApp: HomeViewModel: stick size is 0, home data size greater than 15,sublist 14
2022-09-27 15:02:16.166 1043-1/com.robotfood.cookv1 I/CookApp: PersistenceConfigProvider: getString key:operator_id defValue:
2022-09-27 15:02:16.169 1043-1/com.robotfood.cookv1 I/CookApp: PersistenceConfigProvider: getString key:store_id defValue:
2022-09-27 15:02:16.169 1189-92/com.marsmarch.cookos I/CookOS: PersistenceConfigProvider: getInt key:http_model defValue:1
2022-09-27 15:02:16.174 1043-1/com.robotfood.cookv1 D/CookApp: HomeFragment: onPause
2022-09-27 15:02:16.183 1189-92/com.marsmarch.cookos I/CookOS: Analytics: AnalyticsFileCache: Report fail table_name = {"table_name":"pot_first_app_mainpage","body":"{\"click\":8,\"ctime\":1664262136165,\"operator_id\":\"zhangziqiang\",\"store_id\":\"392719\"}"} saved file = true
2022-09-27 15:02:16.184 1043-1/com.robotfood.cookv1 D/CookApp: HomeFragment: onStop
2022-09-27 15:02:16.185 1043-1/com.robotfood.cookv1 D/CookApp: DailyConserveFragment: fragment on Attach
2022-09-27 15:02:16.330 1043-1/com.robotfood.cookv1 D/CookApp: HomeFragment: onDestroyView
2022-09-27 15:02:16.334 1043-1/com.robotfood.cookv1 D/CookApp: HomeFragment: fragment on Destroy
2022-09-27 15:02:18.220 1043-1/com.robotfood.cookv1 D/CookApp: HomeFragment: fragment on Attach
2022-09-27 15:02:18.252 1043-1/com.robotfood.cookv1 I/CookApp: PersistenceConfigProvider: getString key:operator_id defValue:
2022-09-27 15:02:18.253 968-88/com.marsmarch.cookos D/CookOS: DeviceState: status = 1 ,cookBookid = , time = 0 , errcode =
2022-09-27 15:02:18.255 1043-1/com.robotfood.cookv1 I/CookApp: PersistenceConfigProvider: getString key:store_id defValue:
2022-09-27 15:02:18.256 1043-1/com.robotfood.cookv1 D/CookApp: HomeFragment: user permission = [11600, 11603, 11604, 11600, 11601, 11603, 11604, 14700]
2022-09-27 15:02:18.259 1189-92/com.marsmarch.cookos I/CookOS: PersistenceConfigProvider: getInt key:http_model defValue:1
2022-09-27 15:02:18.260 1189-92/com.marsmarch.cookos I/CookOS: Analytics: AnalyticsFileCache: Report fail table_name = {"table_name":"pot_first_app_mainpage","body":"{\"click\":1,\"ctime\":1664262138251,\"operator_id\":\"zhangziqiang\",\"store_id\":\"392719\"}"} saved file = true
2022-09-27 15:02:18.261 968-88/com.marsmarch.cookos I/CookOS: ReleaseCookBookManager: queryCategory
2022-09-27 15:02:18.265 1043-1/com.robotfood.cookv1 D/CookApp: HomeFragment: current wifi rssi -> -48
2022-09-27 15:02:18.271 1043-1/com.robotfood.cookv1 D/CookApp: DailyConserveFragment: fragment on Destroy
2022-09-27 15:02:18.274 1043-1/com.robotfood.cookv1 D/CookApp: HomeFragment: onResume
2022-09-27 15:02:18.388 1043-1/com.robotfood.cookv1 D/CookApp: HomeViewModel: app receive cookos data, size -> 24
2022-09-27 15:02:18.389 1043-1/com.robotfood.cookv1 D/CookApp: HomeViewModel: stick size is 0, home data size greater than 15,sublist 14
2022-09-27 15:02:18.393 968-64/com.marsmarch.cookos I/CookOS: ReleaseCookBookManager: queryCategory
2022-09-27 15:02:18.537 1043-1/com.robotfood.cookv1 D/CookApp: HomeViewModel: app receive cookos data, size -> 24
2022-09-27 15:02:18.541 1043-1/com.robotfood.cookv1 D/CookApp: HomeViewModel: stick size is 0, home data size greater than 15,sublist 14
2022-09-27 15:02:19.031 1043-1/com.robotfood.cookv1 I/CookApp: PersistenceConfigProvider: getString key:operator_id defValue:
2022-09-27 15:02:19.031 1189-92/com.marsmarch.cookos I/CookOS: PersistenceConfigProvider: getInt key:http_model defValue:1
2022-09-27 15:02:19.032 1043-1/com.robotfood.cookv1 I/CookApp: PersistenceConfigProvider: getString key:store_id defValue:
2022-09-27 15:02:19.033 1043-1/com.robotfood.cookv1 D/CookApp: TraceLinker: reportStartLink with linkName = 菜品研发 linkId = bf65bbb0-2e55-46d8-823e-cd671c35fbb6_11
2022-09-27 15:02:19.034 968-88/com.marsmarch.cookos D/CookOS: MarsMarch_MQTT_MarsMarch_MQTTMqttClient: publish topic: =sys/v1/cooking/C01NCNA0320228303565/trace/event/push
2022-09-27 15:02:19.035 1043-1/com.robotfood.cookv1 D/CookApp: TraceLogRecord: all recode size =0
2022-09-27 15:02:19.035 1189-92/com.marsmarch.cookos I/CookOS: Analytics: AnalyticsFileCache: Report fail table_name = {"table_name":"pot_first_app_mainpage","body":"{\"click\":4,\"ctime\":1664262139027,\"operator_id\":\"zhangziqiang\",\"store_id\":\"392719\"}"} saved file = true
2022-09-27 15:02:19.036 1043-88/com.robotfood.cookv1 D/CookApp: TraceLogRecord: reportLog = {"body":{"action":1,"c_time":1664262139028,"link_id":"bf65bbb0-2e55-46d8-823e-cd671c35fbb6_11","link_name":"菜品研发","node_id":0,"node_name":"","status":1,"type":1},"id":"1664262139028","time":1664262139028,"type":"trace_event"}
2022-09-27 15:02:19.037 1043-1/com.robotfood.cookv1 D/CookApp: HomeFragment: onPause
2022-09-27 15:02:19.040 1043-1/com.robotfood.cookv1 D/CookApp: HomeFragment: onStop
2022-09-27 15:02:19.041 1043-1/com.robotfood.cookv1 D/CookApp: DishDevelopFragment: fragment on Attach
2022-09-27 15:02:19.126 1043-1/com.robotfood.cookv1 I/CookApp: PersistenceConfigProvider: getString key:operator_id defValue:
2022-09-27 15:02:19.127 1043-1/com.robotfood.cookv1 I/CookApp: PersistenceConfigProvider: getString key:store_id defValue:
2022-09-27 15:02:19.128 1189-92/com.marsmarch.cookos I/CookOS: PersistenceConfigProvider: getInt key:http_model defValue:1
2022-09-27 15:02:19.136 1043-164/com.robotfood.cookv1 D/CookApp: AppUtil: app package name com.robotfood.cookv1
2022-09-27 15:02:19.137 1189-92/com.marsmarch.cookos I/CookOS: Analytics: AnalyticsFileCache: Report fail table_name = {"table_name":"pot_first_research_local","body":"{\"click\":\"1\",\"ctime\":1664262139125,\"operator_id\":\"zhangziqiang\",\"store_id\":\"392719\"}"} saved file = true
2022-09-27 15:02:19.138 1043-164/com.robotfood.cookv1 D/CookApp: AppUtil: versionCode 12601
2022-09-27 15:02:19.139 1043-164/com.robotfood.cookv1 D/CookApp: cookos-: _OkHttp_--> POST http://cr-robotapi-pro.roboofood.com/v2/develop/ware/list/developing
2022-09-27 15:02:19.141 1043-164/com.robotfood.cookv1 D/CookApp: cookos-: _OkHttp_Content-Type: application/json; charset=utf-8
2022-09-27 15:02:19.143 1043-164/com.robotfood.cookv1 D/CookApp: cookos-: _OkHttp_Content-Length: 29
2022-09-27 15:02:19.144 1043-164/com.robotfood.cookv1 D/CookApp: cookos-: _OkHttp_X-Common-Lang: zh
2022-09-27 15:02:19.145 1043-164/com.robotfood.cookv1 D/CookApp: cookos-: _OkHttp_X-Common-Device-ID: C01NCNA0320228303565
2022-09-27 15:02:19.146 1043-164/com.robotfood.cookv1 D/CookApp: cookos-: _OkHttp_X-Request-Source: com.robotfood.cookv1
2022-09-27 15:02:19.146 1043-164/com.robotfood.cookv1 D/CookApp: cookos-: _OkHttp_X-System-Version: 12601
2022-09-27 15:02:19.147 1043-164/com.robotfood.cookv1 D/CookApp: cookos-: _OkHttp_X-App-Version: 12601
2022-09-27 15:02:19.147 1043-164/com.robotfood.cookv1 D/CookApp: cookos-: _OkHttp_X-Request-ID: cbf269a4-bf97-4eb2-9e01-b8836c72ff0c
2022-09-27 15:02:19.148 1043-164/com.robotfood.cookv1 D/CookApp: cookos-: _OkHttp_X-Auth-Token: 5f028643-625b-49fa-8186-d5e730d05295
2022-09-27 15:02:19.149 1043-164/com.robotfood.cookv1 D/CookApp: cookos-: _OkHttp_X-System-Timestamp: 1664262139
2022-09-27 15:02:19.150 1043-164/com.robotfood.cookv1 D/CookApp: cookos-: _OkHttp_--> END POST
2022-09-27 15:02:19.151 1043-1/com.robotfood.cookv1 D/CookApp: HomeFragment: onDestroyView
2022-09-27 15:02:19.153 1043-60/com.robotfood.cookv1 D/CookApp: DevelopRecipeSyncManager: queryLocalRecipe size = 0
2022-09-27 15:02:19.154 1043-151/com.robotfood.cookv1 D/CookApp: RxException: The exception was not handled due to missing onError handler in the subscribe() method call. Further reading: https://github.com/ReactiveX/RxJava/wiki/Error-Handling | java.lang.NullPointerException: Attempt to invoke virtual method 'java.util.List com.robotfood.cook.network.bean.response.RecipeStatusList.getList()' on a null object reference
2022-09-27 15:02:19.157 1043-1/com.robotfood.cookv1 D/CookApp: HomeFragment: fragment on Destroy
2022-09-27 15:02:19.160 1043-164/com.robotfood.cookv1 D/CookApp: cookos-: _OkHttp_<-- 400 Bad Request http://cr-robotapi-pro.roboofood.com/v2/develop/ware/list/developing (26ms)
2022-09-27 15:02:19.161 1043-164/com.robotfood.cookv1 D/CookApp: cookos-: _OkHttp_Date: Tue,
 27 Sep 2022 07:02:18 GMT
2022-09-27 15:02:19.162 1043-164/com.robotfood.cookv1 D/CookApp: cookos-: _OkHttp_Content-Type: application/json; charset=utf-8
2022-09-27 15:02:19.162 1043-164/com.robotfood.cookv1 D/CookApp: cookos-: _OkHttp_Content-Length: 149
2022-09-27 15:02:19.163 1043-164/com.robotfood.cookv1 D/CookApp: cookos-: _OkHttp_Connection: keep-alive
2022-09-27 15:02:19.164 1043-164/com.robotfood.cookv1 D/CookApp: cookos-: _OkHttp_Access-Control-Allow-Origin: *
2022-09-27 15:02:19.165 1043-164/com.robotfood.cookv1 D/CookApp: cookos-: _OkHttp_Access-Control-Allow-Credentials: true
2022-09-27 15:02:19.166 1043-164/com.robotfood.cookv1 D/CookApp: cookos-: _OkHttp_<-- END HTTP
2022-09-27 15:02:19.166 1043-163/com.robotfood.cookv1 E/CookApp: : retrofit2.adapter.rxjava2.HttpException: HTTP 400 Bad Request
2022-09-27 15:02:24.050 1043-1/com.robotfood.cookv1 D/CookApp: TraceLinker: reportNode with nodeName = 刷新列表 nodeId = 1
2022-09-27 15:02:24.051 1043-1/com.robotfood.cookv1 D/CookApp: TraceLogRecord: all recode size =0
2022-09-27 15:02:24.054 968-88/com.marsmarch.cookos D/CookOS: MarsMarch_MQTT_MarsMarch_MQTTMqttClient: publish topic: =sys/v1/cooking/C01NCNA0320228303565/trace/event/push
2022-09-27 15:02:24.054 1043-88/com.robotfood.cookv1 D/CookApp: TraceLogRecord: reportLog = {"body":{"action":1,"c_time":1664262144049,"link_id":"bf65bbb0-2e55-46d8-823e-cd671c35fbb6_11","link_name":"菜品研发","node_id":1,"node_name":"刷新列表","status":1,"type":2},"id":"1664262144049","time":1664262144049,"type":"trace_event"}
2022-09-27 15:02:24.056 1043-151/com.robotfood.cookv1 D/CookApp: AppUtil: app package name com.robotfood.cookv1
2022-09-27 15:02:24.058 1043-151/com.robotfood.cookv1 D/CookApp: AppUtil: versionCode 12601
2022-09-27 15:02:24.060 1043-163/com.robotfood.cookv1 D/CookApp: AppUtil: app package name com.robotfood.cookv1
2022-09-27 15:02:24.065 1043-151/com.robotfood.cookv1 D/CookApp: cookos-: _OkHttp_--> POST http://cr-robotapi-pro.roboofood.com/v2/develop/ware/list/developing
