2022-09-27 15:02:24.067 1043-151/com.robotfood.cookv1 D/CookApp: cookos-: _OkHttp_Content-Type: application/json; charset=utf-8
2022-09-27 15:02:24.068 1043-151/com.robotfood.cookv1 D/CookApp: cookos-: _OkHttp_Content-Length: 29
2022-09-27 15:02:24.069 1043-151/com.robotfood.cookv1 D/CookApp: cookos-: _OkHttp_X-Common-Lang: zh
2022-09-27 15:02:24.070 1043-163/com.robotfood.cookv1 D/CookApp: AppUtil: versionCode 12601
2022-09-27 15:02:24.070 1043-151/com.robotfood.cookv1 D/CookApp: cookos-: _OkHttp_X-Common-Device-ID: C01NCNA0320228303565
2022-09-27 15:02:24.071 1043-151/com.robotfood.cookv1 D/CookApp: cookos-: _OkHttp_X-Request-Source: com.robotfood.cookv1
2022-09-27 15:02:24.072 1043-151/com.robotfood.cookv1 D/CookApp: cookos-: _OkHttp_X-System-Version: 12601
2022-09-27 15:02:24.073 1043-151/com.robotfood.cookv1 D/CookApp: cookos-: _OkHttp_X-App-Version: 12601
2022-09-27 15:02:24.075 1043-151/com.robotfood.cookv1 D/CookApp: cookos-: _OkHttp_X-Request-ID: 504ca948-d176-4750-8316-006cb0f7cec3
2022-09-27 15:02:24.077 1043-151/com.robotfood.cookv1 D/CookApp: cookos-: _OkHttp_X-Auth-Token: 5f028643-625b-49fa-8186-d5e730d05295
2022-09-27 15:02:24.078 1043-163/com.robotfood.cookv1 D/CookApp: cookos-: _OkHttp_--> POST http://cr-robotapi-pro.roboofood.com/v2/develop/ware/list/developing
2022-09-27 15:02:24.079 1043-151/com.robotfood.cookv1 D/CookApp: cookos-: _OkHttp_X-System-Timestamp: 1664262144
2022-09-27 15:02:24.080 1043-163/com.robotfood.cookv1 D/CookApp: cookos-: _OkHttp_Content-Type: application/json; charset=utf-8
2022-09-27 15:02:24.082 1043-151/com.robotfood.cookv1 D/CookApp: cookos-: _OkHttp_--> END POST
2022-09-27 15:02:24.083 1043-163/com.robotfood.cookv1 D/CookApp: cookos-: _OkHttp_Content-Length: 29
2022-09-27 15:02:24.085 1043-163/com.robotfood.cookv1 D/CookApp: cookos-: _OkHttp_X-Common-Lang: zh
2022-09-27 15:02:24.085 1043-163/com.robotfood.cookv1 D/CookApp: cookos-: _OkHttp_X-Common-Device-ID: C01NCNA0320228303565
2022-09-27 15:02:24.086 1043-163/com.robotfood.cookv1 D/CookApp: cookos-: _OkHttp_X-Request-Source: com.robotfood.cookv1
2022-09-27 15:02:24.087 1043-163/com.robotfood.cookv1 D/CookApp: cookos-: _OkHttp_X-System-Version: 12601
2022-09-27 15:02:24.091 1043-163/com.robotfood.cookv1 D/CookApp: cookos-: _OkHttp_X-App-Version: 12601
2022-09-27 15:02:24.094 1043-163/com.robotfood.cookv1 D/CookApp: cookos-: _OkHttp_X-Request-ID: ae9de4e8-85f0-4e85-8015-a41b427dfcde
2022-09-27 15:02:24.094 1043-163/com.robotfood.cookv1 D/CookApp: cookos-: _OkHttp_X-Auth-Token: 5f028643-625b-49fa-8186-d5e730d05295
2022-09-27 15:02:24.098 1043-163/com.robotfood.cookv1 D/CookApp: cookos-: _OkHttp_X-System-Timestamp: 1664262144
2022-09-27 15:02:24.098 1043-163/com.robotfood.cookv1 D/CookApp: cookos-: _OkHttp_--> END POST
2022-09-27 15:02:24.109 1043-151/com.robotfood.cookv1 D/CookApp: cookos-: _OkHttp_<-- 400 Bad Request http://cr-robotapi-pro.roboofood.com/v2/develop/ware/list/developing (45ms)
2022-09-27 15:02:24.110 1043-151/com.robotfood.cookv1 D/CookApp: cookos-: _OkHttp_Date: Tue,
 27 Sep 2022 07:02:23 GMT
2022-09-27 15:02:24.111 1043-151/com.robotfood.cookv1 D/CookApp: cookos-: _OkHttp_Content-Type: application/json; charset=utf-8
2022-09-27 15:02:24.112 1043-151/com.robotfood.cookv1 D/CookApp: cookos-: _OkHttp_Content-Length: 149
2022-09-27 15:02:24.113 1043-151/com.robotfood.cookv1 D/CookApp: cookos-: _OkHttp_Connection: keep-alive
2022-09-27 15:02:24.115 1043-151/com.robotfood.cookv1 D/CookApp: cookos-: _OkHttp_Access-Control-Allow-Origin: *
2022-09-27 15:02:24.116 1043-151/com.robotfood.cookv1 D/CookApp: cookos-: _OkHttp_Access-Control-Allow-Credentials: true
2022-09-27 15:02:24.117 1043-151/com.robotfood.cookv1 D/CookApp: cookos-: _OkHttp_<-- END HTTP
2022-09-27 15:02:24.117 1043-163/com.robotfood.cookv1 D/CookApp: cookos-: _OkHttp_<-- 400 Bad Request http://cr-robotapi-pro.roboofood.com/v2/develop/ware/list/developing (46ms)
2022-09-27 15:02:24.118 1043-163/com.robotfood.cookv1 D/CookApp: cookos-: _OkHttp_Date: Tue,
 27 Sep 2022 07:02:23 GMT
2022-09-27 15:02:24.119 1043-163/com.robotfood.cookv1 D/CookApp: cookos-: _OkHttp_Content-Type: application/json; charset=utf-8
2022-09-27 15:02:24.119 1043-163/com.robotfood.cookv1 D/CookApp: cookos-: _OkHttp_Content-Length: 149
2022-09-27 15:02:24.120 1043-163/com.robotfood.cookv1 D/CookApp: cookos-: _OkHttp_Connection: keep-alive
2022-09-27 15:02:24.121 1043-163/com.robotfood.cookv1 D/CookApp: cookos-: _OkHttp_Access-Control-Allow-Origin: *
2022-09-27 15:02:24.121 1043-163/com.robotfood.cookv1 D/CookApp: cookos-: _OkHttp_Access-Control-Allow-Credentials: true
2022-09-27 15:02:24.125 1043-163/com.robotfood.cookv1 D/CookApp: cookos-: _OkHttp_<-- END HTTP
2022-09-27 15:02:24.126 1043-160/com.robotfood.cookv1 E/CookApp: : retrofit2.adapter.rxjava2.HttpException: HTTP 400 Bad Request
2022-09-27 15:02:24.127 1043-164/com.robotfood.cookv1 E/CookApp: : retrofit2.adapter.rxjava2.HttpException: HTTP 400 Bad Request
2022-09-27 15:02:24.546 1043-1/com.robotfood.cookv1 D/CookApp: TraceLinker: reportNode with nodeName = 刷新列表 nodeId = 2
2022-09-27 15:02:24.547 968-88/com.marsmarch.cookos D/CookOS: MarsMarch_MQTT_MarsMarch_MQTTMqttClient: publish topic: =sys/v1/cooking/C01NCNA0320228303565/trace/event/push
2022-09-27 15:02:24.548 1043-1/com.robotfood.cookv1 D/CookApp: TraceLogRecord: all recode size =0
2022-09-27 15:02:24.549 1043-88/com.robotfood.cookv1 D/CookApp: TraceLogRecord: reportLog = {"body":{"action":1,"c_time":1664262144544,"link_id":"bf65bbb0-2e55-46d8-823e-cd671c35fbb6_11","link_name":"菜品研发","node_id":2,"node_name":"刷新列表","status":1,"type":2},"id":"1664262144544","time":1664262144544,"type":"trace_event"}
2022-09-27 15:02:24.550 1043-160/com.robotfood.cookv1 D/CookApp: AppUtil: app package name com.robotfood.cookv1
2022-09-27 15:02:24.551 1043-160/com.robotfood.cookv1 D/CookApp: AppUtil: versionCode 12601
2022-09-27 15:02:24.553 1043-164/com.robotfood.cookv1 D/CookApp: AppUtil: app package name com.robotfood.cookv1
2022-09-27 15:02:24.561 1043-160/com.robotfood.cookv1 D/CookApp: cookos-: _OkHttp_--> POST http://cr-robotapi-pro.roboofood.com/v2/develop/ware/list/developing
2022-09-27 15:02:24.562 1043-160/com.robotfood.cookv1 D/CookApp: cookos-: _OkHttp_Content-Type: application/json; charset=utf-8
2022-09-27 15:02:24.562 1043-160/com.robotfood.cookv1 D/CookApp: cookos-: _OkHttp_Content-Length: 29
2022-09-27 15:02:24.563 1043-160/com.robotfood.cookv1 D/CookApp: cookos-: _OkHttp_X-Common-Lang: zh
2022-09-27 15:02:24.564 1043-160/com.robotfood.cookv1 D/CookApp: cookos-: _OkHttp_X-Common-Device-ID: C01NCNA0320228303565
2022-09-27 15:02:24.565 1043-160/com.robotfood.cookv1 D/CookApp: cookos-: _OkHttp_X-Request-Source: com.robotfood.cookv1
2022-09-27 15:02:24.565 1043-160/com.robotfood.cookv1 D/CookApp: cookos-: _OkHttp_X-System-Version: 12601
2022-09-27 15:02:24.566 1043-164/com.robotfood.cookv1 D/CookApp: AppUtil: versionCode 12601
2022-09-27 15:02:24.567 1043-160/com.robotfood.cookv1 D/CookApp: cookos-: _OkHttp_X-App-Version: 12601
2022-09-27 15:02:24.568 1043-160/com.robotfood.cookv1 D/CookApp: cookos-: _OkHttp_X-Request-ID: 1a78dcdf-9fad-4b11-85c4-812495e26897
2022-09-27 15:02:24.569 1043-160/com.robotfood.cookv1 D/CookApp: cookos-: _OkHttp_X-Auth-Token: 5f028643-625b-49fa-8186-d5e730d05295
2022-09-27 15:02:24.570 1043-160/com.robotfood.cookv1 D/CookApp: cookos-: _OkHttp_X-System-Timestamp: 1664262144
2022-09-27 15:02:24.570 1043-160/com.robotfood.cookv1 D/CookApp: cookos-: _OkHttp_--> END POST
2022-09-27 15:02:24.571 1043-164/com.robotfood.cookv1 D/CookApp: cookos-: _OkHttp_--> POST http://cr-robotapi-pro.roboofood.com/v2/develop/ware/list/developing
2022-09-27 15:02:24.572 1043-164/com.robotfood.cookv1 D/CookApp: cookos-: _OkHttp_Content-Type: application/json; charset=utf-8
2022-09-27 15:02:24.573 1043-164/com.robotfood.cookv1 D/CookApp: cookos-: _OkHttp_Content-Length: 29
2022-09-27 15:02:24.574 1043-164/com.robotfood.cookv1 D/CookApp: cookos-: _OkHttp_X-Common-Lang: zh
2022-09-27 15:02:24.574 1043-164/com.robotfood.cookv1 D/CookApp: cookos-: _OkHttp_X-Common-Device-ID: C01NCNA0320228303565
2022-09-27 15:02:24.576 1043-164/com.robotfood.cookv1 D/CookApp: cookos-: _OkHttp_X-Request-Source: com.robotfood.cookv1
2022-09-27 15:02:24.577 1043-164/com.robotfood.cookv1 D/CookApp: cookos-: _OkHttp_X-System-Version: 12601
2022-09-27 15:02:24.579 1043-164/com.robotfood.cookv1 D/CookApp: cookos-: _OkHttp_X-App-Version: 12601
2022-09-27 15:02:24.579 1043-164/com.robotfood.cookv1 D/CookApp: cookos-: _OkHttp_X-Request-ID: 911d5289-37bf-4177-8d3b-ef628627fa82
2022-09-27 15:02:24.580 1043-164/com.robotfood.cookv1 D/CookApp: cookos-: _OkHttp_X-Auth-Token: 5f028643-625b-49fa-8186-d5e730d05295
2022-09-27 15:02:24.580 1043-164/com.robotfood.cookv1 D/CookApp: cookos-: _OkHttp_X-System-Timestamp: 1664262144
2022-09-27 15:02:24.581 1043-164/com.robotfood.cookv1 D/CookApp: cookos-: _OkHttp_--> END POST
2022-09-27 15:02:24.596 1043-160/com.robotfood.cookv1 D/CookApp: cookos-: _OkHttp_<-- 400 Bad Request http://cr-robotapi-pro.roboofood.com/v2/develop/ware/list/developing (36ms)
2022-09-27 15:02:24.598 1043-160/com.robotfood.cookv1 D/CookApp: cookos-: _OkHttp_Date: Tue,
 27 Sep 2022 07:02:24 GMT
2022-09-27 15:02:24.599 1043-160/com.robotfood.cookv1 D/CookApp: cookos-: _OkHttp_Content-Type: application/json; charset=utf-8
2022-09-27 15:02:24.600 1043-160/com.robotfood.cookv1 D/CookApp: cookos-: _OkHttp_Content-Length: 149
2022-09-27 15:02:24.601 1043-160/com.robotfood.cookv1 D/CookApp: cookos-: _OkHttp_Connection: keep-alive
2022-09-27 15:02:24.602 1043-160/com.robotfood.cookv1 D/CookApp: cookos-: _OkHttp_Access-Control-Allow-Origin: *
2022-09-27 15:02:24.603 1043-160/com.robotfood.cookv1 D/CookApp: cookos-: _OkHttp_Access-Control-Allow-Credentials: true
2022-09-27 15:02:24.603 1043-160/com.robotfood.cookv1 D/CookApp: cookos-: _OkHttp_<-- END HTTP
2022-09-27 15:02:24.604 1043-164/com.robotfood.cookv1 D/CookApp: cookos-: _OkHttp_<-- 400 Bad Request http://cr-robotapi-pro.roboofood.com/v2/develop/ware/list/developing (36ms)
2022-09-27 15:02:24.605 1043-164/com.robotfood.cookv1 D/CookApp: cookos-: _OkHttp_Date: Tue,
 27 Sep 2022 07:02:24 GMT
2022-09-27 15:02:24.608 1043-164/com.robotfood.cookv1 D/CookApp: cookos-: _OkHttp_Content-Type: application/json; charset=utf-8
2022-09-27 15:02:24.609 1043-164/com.robotfood.cookv1 D/CookApp: cookos-: _OkHttp_Content-Length: 149
2022-09-27 15:02:24.610 1043-164/com.robotfood.cookv1 D/CookApp: cookos-: _OkHttp_Connection: keep-alive
2022-09-27 15:02:24.611 1043-164/com.robotfood.cookv1 D/CookApp: cookos-: _OkHttp_Access-Control-Allow-Origin: *
2022-09-27 15:02:24.612 1043-164/com.robotfood.cookv1 D/CookApp: cookos-: _OkHttp_Access-Control-Allow-Credentials: true
2022-09-27 15:02:24.615 1043-164/com.robotfood.cookv1 D/CookApp: cookos-: _OkHttp_<-- END HTTP
2022-09-27 15:02:24.616 1043-151/com.robotfood.cookv1 E/CookApp: : retrofit2.adapter.rxjava2.HttpException: HTTP 400 Bad Request
2022-09-27 15:02:24.617 1043-163/com.robotfood.cookv1 E/CookApp: : retrofit2.adapter.rxjava2.HttpException: HTTP 400 Bad Request
2022-09-27 15:02:25.880 1043-151/com.robotfood.cookv1 D/CookApp: AppUtil: app package name com.robotfood.cookv1
2022-09-27 15:02:25.881 1043-151/com.robotfood.cookv1 D/CookApp: AppUtil: versionCode 12601
2022-09-27 15:02:25.882 1043-151/com.robotfood.cookv1 D/CookApp: cookos-: _OkHttp_--> POST http://cr-robotapi-pro.roboofood.com/v2/develop/ware/list/developing
2022-09-27 15:02:25.883 1043-151/com.robotfood.cookv1 D/CookApp: cookos-: _OkHttp_Content-Type: application/json; charset=utf-8
2022-09-27 15:02:25.884 1043-151/com.robotfood.cookv1 D/CookApp: cookos-: _OkHttp_Content-Length: 29
2022-09-27 15:02:25.885 1043-151/com.robotfood.cookv1 D/CookApp: cookos-: _OkHttp_X-Common-Lang: zh
2022-09-27 15:02:25.886 1043-151/com.robotfood.cookv1 D/CookApp: cookos-: _OkHttp_X-Common-Device-ID: C01NCNA0320228303565
2022-09-27 15:02:25.891 1043-151/com.robotfood.cookv1 D/CookApp: cookos-: _OkHttp_X-Request-Source: com.robotfood.cookv1
2022-09-27 15:02:25.892 1043-151/com.robotfood.cookv1 D/CookApp: cookos-: _OkHttp_X-System-Version: 12601
2022-09-27 15:02:25.894 1043-151/com.robotfood.cookv1 D/CookApp: cookos-: _OkHttp_X-App-Version: 12601
2022-09-27 15:02:25.895 1043-151/com.robotfood.cookv1 D/CookApp: cookos-: _OkHttp_X-Request-ID: b3ce0453-ae26-40fb-99dd-2c5cb513bfb3
2022-09-27 15:02:25.896 1043-151/com.robotfood.cookv1 D/CookApp: cookos-: _OkHttp_X-Auth-Token: 5f028643-625b-49fa-8186-d5e730d05295
2022-09-27 15:02:25.897 1043-151/com.robotfood.cookv1 D/CookApp: cookos-: _OkHttp_X-System-Timestamp: 1664262145
2022-09-27 15:02:25.898 1043-151/com.robotfood.cookv1 D/CookApp: cookos-: _OkHttp_--> END POST
2022-09-27 15:02:25.898 1043-1/com.robotfood.cookv1 D/CookApp: HomeFragment: fragment on Attach
2022-09-27 15:02:25.916 1043-1/com.robotfood.cookv1 D/CookApp: TraceLinker: reportEndLink with linkId = bf65bbb0-2e55-46d8-823e-cd671c35fbb6_11
2022-09-27 15:02:25.917 1043-1/com.robotfood.cookv1 D/CookApp: TraceLogRecord: all recode size =0
2022-09-27 15:02:25.918 1043-88/com.robotfood.cookv1 D/CookApp: TraceLogRecord: reportLog = {"body":{"action":2,"c_time":1664262145915,"link_id":"bf65bbb0-2e55-46d8-823e-cd671c35fbb6_11","link_name":"菜品研发","node_id":0,"node_name":"","status":1,"type":1},"id":"1664262145915","time":1664262145915,"type":"trace_event"}
2022-09-27 15:02:25.920 1043-1/com.robotfood.cookv1 I/CookApp: PersistenceConfigProvider: getString key:operator_id defValue:
2022-09-27 15:02:25.921 968-64/com.marsmarch.cookos D/CookOS: DeviceState: status = 1 ,cookBookid = , time = 0 , errcode =
2022-09-27 15:02:25.921 1189-92/com.marsmarch.cookos I/CookOS: PersistenceConfigProvider: getInt key:http_model defValue:1
2022-09-27 15:02:25.922 1043-1/com.robotfood.cookv1 I/CookApp: PersistenceConfigProvider: getString key:store_id defValue:
2022-09-27 15:02:25.923 1043-1/com.robotfood.cookv1 D/CookApp: HomeFragment: user permission = [11600, 11603, 11604, 11600, 11601, 11603, 11604, 14700]
2022-09-27 15:02:25.923 1189-92/com.marsmarch.cookos I/CookOS: Analytics: AnalyticsFileCache: Report fail table_name = {"table_name":"pot_first_app_mainpage","body":"{\"click\":1,\"ctime\":1664262145916,\"operator_id\":\"zhangziqiang\",\"store_id\":\"392719\"}"} saved file = true
2022-09-27 15:02:25.925 968-88/com.marsmarch.cookos D/CookOS: MarsMarch_MQTT_MarsMarch_MQTTMqttClient: publish topic: =sys/v1/cooking/C01NCNA0320228303565/trace/event/push
2022-09-27 15:02:25.927 1043-1/com.robotfood.cookv1 D/CookApp: HomeFragment: current wifi rssi -> -48
2022-09-27 15:02:25.930 1043-1/com.robotfood.cookv1 I/CookApp: PersistenceConfigProvider: getString key:operator_id defValue:
2022-09-27 15:02:25.933 1189-92/com.marsmarch.cookos I/CookOS: PersistenceConfigProvider: getInt key:http_model defValue:1
2022-09-27 15:02:25.935 1043-1/com.robotfood.cookv1 I/CookApp: PersistenceConfigProvider: getString key:store_id defValue:
2022-09-27 15:02:25.936 1189-92/com.marsmarch.cookos I/CookOS: Analytics: AnalyticsFileCache: Report fail table_name = {"table_name":"pot_first_research_local","body":"{\"click\":\"2\",\"ctime\":1664262145929,\"operator_id\":\"zhangziqiang\",\"store_id\":\"392719\"}"} saved file = true
2022-09-27 15:02:25.937 1043-1/com.robotfood.cookv1 D/CookApp: DishDevelopFragment: fragment on Destroy
2022-09-27 15:02:25.939 1043-151/com.robotfood.cookv1 D/CookApp: cookos-: _OkHttp_<-- HTTP FAILED: java.io.IOException: Canceled
2022-09-27 15:02:25.940 1043-1/com.robotfood.cookv1 D/CookApp: HomeFragment: onResume
2022-09-27 15:02:25.957 968-88/com.marsmarch.cookos I/CookOS: ReleaseCookBookManager: queryCategory
2022-09-27 15:02:26.060 1043-1/com.robotfood.cookv1 D/CookApp: HomeViewModel: app receive cookos data, size -> 24
2022-09-27 15:02:26.061 1043-1/com.robotfood.cookv1 D/CookApp: HomeViewModel: stick size is 0, home data size greater than 15,sublist 14
2022-09-27 15:02:26.065 968-64/com.marsmarch.cookos I/CookOS: ReleaseCookBookManager: queryCategory
2022-09-27 15:02:26.254 1043-1/com.robotfood.cookv1 D/CookApp: HomeViewModel: app receive cookos data, size -> 24
2022-09-27 15:02:26.255 1043-1/com.robotfood.cookv1 D/CookApp: HomeViewModel: stick size is 0, home data size greater than 15,sublist 14
2022-09-27 15:02:27.096 1043-1/com.robotfood.cookv1 I/CookApp: PersistenceConfigProvider: getString key:operator_id defValue:
2022-09-27 15:02:27.097 1043-1/com.robotfood.cookv1 I/CookApp: PersistenceConfigProvider: getString key:store_id defValue:
2022-09-27 15:02:27.099 1189-92/com.marsmarch.cookos I/CookOS: PersistenceConfigProvider: getInt key:http_model defValue:1
2022-09-27 15:02:27.100 1043-1/com.robotfood.cookv1 I/CookApp: PersistenceConfigProvider: putInt key:http_model
2022-09-27 15:02:27.101 1043-1/com.robotfood.cookv1 I/CookApp: PersistenceConfigProvider: putInt key:http_model
2022-09-27 15:02:27.102 1043-1/com.robotfood.cookv1 I/CookApp: PersistenceConfigProvider: getInt key:http_model defValue:1
2022-09-27 15:02:27.103 1043-1/com.robotfood.cookv1 D/CookApp: HomeFragment: platform: /dev/ttyS1 isHardwareDebug: false httpMode: 1
2022-09-27 15:02:27.104 1189-92/com.marsmarch.cookos I/CookOS: Analytics: AnalyticsFileCache: Report fail table_name = {"table_name":"pot_first_app_mainpage","body":"{\"click\":6,\"ctime\":1664262147096,\"operator_id\":\"zhangziqiang\",\"store_id\":\"392719\"}"} saved file = true
2022-09-27 15:02:27.106 1043-1/com.robotfood.cookv1 D/CookApp: HomeFragment: onPause
2022-09-27 15:02:27.107 1043-1/com.robotfood.cookv1 D/CookApp: HomeFragment: onStop
2022-09-27 15:02:27.108 1043-1/com.robotfood.cookv1 D/CookApp: SettingFragment: fragment on Attach
2022-09-27 15:02:27.177 968-88/com.marsmarch.cookos V/CookOS: CommandProcess: receive command: {"command_action":"COMMAND_MCU_VERSION"}
2022-09-27 15:02:27.177 1043-1/com.robotfood.cookv1 D/CookApp: UpdateDetailRequest: mcuVersionCode = 0 hard_ware_type = 0
2022-09-27 15:02:27.178 1043-1/com.robotfood.cookv1 D/CookApp: UpdateManager: getUpdateDetail request:UpdateDetailRequest{app_info=[UpdateInfo{up_id='com.robotfood.cookv1', version_no='12601', version_code=12601, up_type=1}, UpdateInfo{up_id='null', version_no='1.26.01', version_code=12601, up_type=2}]}
2022-09-27 15:02:27.179 1043-1/com.robotfood.cookv1 D/CookApp: SettingFragment: current volume -> 8.0, maxVolume -> 15.0
2022-09-27 15:02:27.183 1043-1/com.robotfood.cookv1 D/CookApp: HomeFragment: onDestroyView
2022-09-27 15:02:27.188 1043-1/com.robotfood.cookv1 D/CookApp: HomeFragment: fragment on Destroy
2022-09-27 15:02:27.194 1043-164/com.robotfood.cookv1 D/CookApp: AppUtil: app package name com.robotfood.cookv1
2022-09-27 15:02:27.196 1043-164/com.robotfood.cookv1 D/CookApp: AppUtil: versionCode 12601
2022-09-27 15:02:27.197 1043-164/com.robotfood.cookv1 D/CookApp: cookos-: _OkHttp_--> POST http://cr-robotapi-pro.roboofood.com/v1/sys/upgrade/detail
2022-09-27 15:02:27.198 1043-164/com.robotfood.cookv1 D/CookApp: cookos-: _OkHttp_Content-Type: application/json; charset=UTF-8
2022-09-27 15:02:27.199 1043-164/com.robotfood.cookv1 D/CookApp: cookos-: _OkHttp_Content-Length: 159
2022-09-27 15:02:27.200 1043-164/com.robotfood.cookv1 D/CookApp: cookos-: _OkHttp_X-Common-Lang: zh
2022-09-27 15:02:27.201 1043-164/com.robotfood.cookv1 D/CookApp: cookos-: _OkHttp_X-Common-Device-ID: C01NCNA0320228303565
2022-09-27 15:02:27.202 1043-164/com.robotfood.cookv1 D/CookApp: cookos-: _OkHttp_X-Request-Source: com.robotfood.cookv1
2022-09-27 15:02:27.203 1043-164/com.robotfood.cookv1 D/CookApp: cookos-: _OkHttp_X-System-Version: 12601
2022-09-27 15:02:27.204 1043-164/com.robotfood.cookv1 D/CookApp: cookos-: _OkHttp_X-App-Version: 12601
2022-09-27 15:02:27.205 1043-164/com.robotfood.cookv1 D/CookApp: cookos-: _OkHttp_X-Request-ID: 7dee5c0b-b89d-44f1-b3a0-8100da11a3b7
2022-09-27 15:02:27.208 1043-164/com.robotfood.cookv1 D/CookApp: cookos-: _OkHttp_X-Auth-Token: 5f028643-625b-49fa-8186-d5e730d05295
2022-09-27 15:02:27.209 1043-164/com.robotfood.cookv1 D/CookApp: cookos-: _OkHttp_X-System-Timestamp: 1664262147
2022-09-27 15:02:27.209 1043-164/com.robotfood.cookv1 D/CookApp: cookos-: _OkHttp_--> END POST
2022-09-27 15:02:27.496 1043-164/com.robotfood.cookv1 D/CookApp: cookos-: _OkHttp_<-- 200 OK http://cr-robotapi-pro.roboofood.com/v1/sys/upgrade/detail (302ms)
2022-09-27 15:02:27.497 1043-164/com.robotfood.cookv1 D/CookApp: cookos-: _OkHttp_Date: Tue,
 27 Sep 2022 07:02:27 GMT
2022-09-27 15:02:27.497 1043-164/com.robotfood.cookv1 D/CookApp: cookos-: _OkHttp_Content-Type: text/plain
2022-09-27 15:02:27.498 1043-164/com.robotfood.cookv1 D/CookApp: cookos-: _OkHttp_Content-Length: 192
2022-09-27 15:02:27.499 1043-164/com.robotfood.cookv1 D/CookApp: cookos-: _OkHttp_Connection: keep-alive
2022-09-27 15:02:27.500 1043-164/com.robotfood.cookv1 D/CookApp: cookos-: _OkHttp_X-Encrypted: 1.0
2022-09-27 15:02:27.501 1043-164/com.robotfood.cookv1 D/CookApp: cookos-: _OkHttp_X-Request-Id: 7dee5c0b-b89d-44f1-b3a0-8100da11a3b7
2022-09-27 15:02:27.505 1043-164/com.robotfood.cookv1 D/CookApp: cookos-: _OkHttp_Access-Control-Allow-Origin: *
2022-09-27 15:02:27.506 1043-164/com.robotfood.cookv1 D/CookApp: cookos-: _OkHttp_Access-Control-Allow-Credentials: true
2022-09-27 15:02:27.507 1043-164/com.robotfood.cookv1 D/CookApp: cookos-: _OkHttp_<-- END HTTP
2022-09-27 15:02:28.970 1043-1/com.robotfood.cookv1 I/CookApp: PersistenceConfigProvider: getString key:operator_id defValue:
2022-09-27 15:02:28.972 1189-92/com.marsmarch.cookos I/CookOS: PersistenceConfigProvider: getInt key:http_model defValue:1
2022-09-27 15:02:28.974 1043-1/com.robotfood.cookv1 I/CookApp: PersistenceConfigProvider: getString key:store_id defValue:
2022-09-27 15:02:28.976 1043-1/com.robotfood.cookv1 D/CookApp: WifiManagerFragment: fragment on Attach
2022-09-27 15:02:28.976 1189-92/com.marsmarch.cookos I/CookOS: Analytics: AnalyticsFileCache: Report fail table_name = {"table_name":"pot_first_satting_mainpage","body":"{\"click\":6,\"ctime\":1664262148969,\"operator_id\":\"zhangziqiang\",\"store_id\":\"392719\"}"} saved file = true
2022-09-27 15:02:28.999 1043-1/com.robotfood.cookv1 D/CookApp: SettingFragment: fragment on Destroy
2022-09-27 15:02:29.875 1043-1/com.robotfood.cookv1 D/CookApp: wifiState: xianglukeji
2022-09-27 15:02:29.881 1043-1/com.robotfood.cookv1 D/CookApp: wifiState: xianglukeji-guest
2022-09-27 15:02:29.882 1043-1/com.robotfood.cookv1 D/CookApp: wifiState: xianglukeji_2.4G
2022-09-27 15:02:29.884 1043-1/com.robotfood.cookv1 D/CookApp: wifiState: cyc
2022-09-27 15:02:29.885 1043-1/com.robotfood.cookv1 D/CookApp: wifiState: STB_GB3U
2022-09-27 15:02:29.887 1043-1/com.robotfood.cookv1 D/CookApp: wifiState: CU_GB3U
2022-09-27 15:02:29.888 1043-1/com.robotfood.cookv1 D/CookApp: wifiState: 
2022-09-27 15:02:29.889 1043-1/com.robotfood.cookv1 D/CookApp: wifiState: hkjz
2022-09-27 15:02:29.890 1043-1/com.robotfood.cookv1 D/CookApp: wifiState: Xiaomi 12X
2022-09-27 15:02:29.892 1043-1/com.robotfood.cookv1 D/CookApp: wifiState: CMCC-wenjing
2022-09-27 15:02:29.921 1043-1/com.robotfood.cookv1 D/CookApp: onBindChildViewHolder: xianglukeji
2022-09-27 15:02:29.937 1043-1/com.robotfood.cookv1 D/CookApp: onBindChildViewHolder: xianglukeji-guest
2022-09-27 15:02:29.945 1043-1/com.robotfood.cookv1 D/CookApp: onBindChildViewHolder: xianglukeji_2.4G
2022-09-27 15:02:29.951 1043-1/com.robotfood.cookv1 D/CookApp: onBindChildViewHolder: cyc
2022-09-27 15:02:29.959 1043-1/com.robotfood.cookv1 D/CookApp: onBindChildViewHolder: STB_GB3U
2022-09-27 15:02:29.966 1043-1/com.robotfood.cookv1 D/CookApp: onBindChildViewHolder: CU_GB3U
2022-09-27 15:02:29.975 1043-1/com.robotfood.cookv1 D/CookApp: onBindChildViewHolder: 
2022-09-27 15:02:29.980 1043-1/com.robotfood.cookv1 D/CookApp: onBindChildViewHolder: hkjz
2022-09-27 15:02:29.986 1043-1/com.robotfood.cookv1 D/CookApp: onBindChildViewHolder: Xiaomi 12X
2022-09-27 15:02:29.993 1043-1/com.robotfood.cookv1 D/CookApp: onBindChildViewHolder: CMCC-wenjing
2022-09-27 15:02:32.960 1043-1/com.robotfood.cookv1 D/CookApp: SettingFragment: fragment on Attach
2022-09-27 15:02:33.022 968-88/com.marsmarch.cookos V/CookOS: CommandProcess: receive command: {"command_action":"COMMAND_MCU_VERSION"}
2022-09-27 15:02:33.023 1043-1/com.robotfood.cookv1 D/CookApp: UpdateDetailRequest: mcuVersionCode = 0 hard_ware_type = 0
2022-09-27 15:02:33.024 1043-1/com.robotfood.cookv1 D/CookApp: UpdateManager: getUpdateDetail request:UpdateDetailRequest{app_info=[UpdateInfo{up_id='com.robotfood.cookv1', version_no='12601', version_code=12601, up_type=1}, UpdateInfo{up_id='null', version_no='1.26.01', version_code=12601, up_type=2}]}
2022-09-27 15:02:33.025 1043-1/com.robotfood.cookv1 D/CookApp: SettingFragment: current volume -> 8.0, maxVolume -> 15.0
2022-09-27 15:02:33.027 1043-163/com.robotfood.cookv1 D/CookApp: AppUtil: app package name com.robotfood.cookv1
2022-09-27 15:02:33.029 1043-163/com.robotfood.cookv1 D/CookApp: AppUtil: versionCode 12601
2022-09-27 15:02:33.031 1043-163/com.robotfood.cookv1 D/CookApp: cookos-: _OkHttp_--> POST http://cr-robotapi-pro.roboofood.com/v1/sys/upgrade/detail
2022-09-27 15:02:33.032 1043-163/com.robotfood.cookv1 D/CookApp: cookos-: _OkHttp_Content-Type: application/json; charset=UTF-8
2022-09-27 15:02:33.033 1043-1/com.robotfood.cookv1 D/CookApp: WifiManagerFragment: fragment on Destroy
2022-09-27 15:02:33.034 1043-163/com.robotfood.cookv1 D/CookApp: cookos-: _OkHttp_Content-Length: 159
2022-09-27 15:02:33.038 1043-163/com.robotfood.cookv1 D/CookApp: cookos-: _OkHttp_X-Common-Lang: zh
2022-09-27 15:02:33.039 1043-163/com.robotfood.cookv1 D/CookApp: cookos-: _OkHttp_X-Common-Device-ID: C01NCNA0320228303565
2022-09-27 15:02:33.040 1043-163/com.robotfood.cookv1 D/CookApp: cookos-: _OkHttp_X-Request-Source: com.robotfood.cookv1
2022-09-27 15:02:33.041 1043-163/com.robotfood.cookv1 D/CookApp: cookos-: _OkHttp_X-System-Version: 12601
2022-09-27 15:02:33.042 1043-163/com.robotfood.cookv1 D/CookApp: cookos-: _OkHttp_X-App-Version: 12601
2022-09-27 15:02:33.043 1043-163/com.robotfood.cookv1 D/CookApp: cookos-: _OkHttp_X-Request-ID: e0982ff5-b8a6-4277-87bd-a3f96d6a2beb
2022-09-27 15:02:33.044 1043-163/com.robotfood.cookv1 D/CookApp: cookos-: _OkHttp_X-Auth-Token: 5f028643-625b-49fa-8186-d5e730d05295
2022-09-27 15:02:33.045 1043-163/com.robotfood.cookv1 D/CookApp: cookos-: _OkHttp_X-System-Timestamp: 1664262153
2022-09-27 15:02:33.047 1043-163/com.robotfood.cookv1 D/CookApp: cookos-: _OkHttp_--> END POST
2022-09-27 15:02:33.124 1043-163/com.robotfood.cookv1 D/CookApp: cookos-: _OkHttp_<-- 200 OK http://cr-robotapi-pro.roboofood.com/v1/sys/upgrade/detail (92ms)
2022-09-27 15:02:33.126 1043-163/com.robotfood.cookv1 D/CookApp: cookos-: _OkHttp_Date: Tue,
 27 Sep 2022 07:02:32 GMT
2022-09-27 15:02:33.127 1043-163/com.robotfood.cookv1 D/CookApp: cookos-: _OkHttp_Content-Type: text/plain
2022-09-27 15:02:33.127 1043-163/com.robotfood.cookv1 D/CookApp: cookos-: _OkHttp_Content-Length: 192
2022-09-27 15:02:33.128 1043-163/com.robotfood.cookv1 D/CookApp: cookos-: _OkHttp_Connection: keep-alive
2022-09-27 15:02:33.129 1043-163/com.robotfood.cookv1 D/CookApp: cookos-: _OkHttp_X-Encrypted: 1.0
2022-09-27 15:02:33.129 1043-163/com.robotfood.cookv1 D/CookApp: cookos-: _OkHttp_X-Request-Id: e0982ff5-b8a6-4277-87bd-a3f96d6a2beb
2022-09-27 15:02:33.130 1043-163/com.robotfood.cookv1 D/CookApp: cookos-: _OkHttp_Access-Control-Allow-Origin: *
2022-09-27 15:02:33.131 1043-163/com.robotfood.cookv1 D/CookApp: cookos-: _OkHttp_Access-Control-Allow-Credentials: true
2022-09-27 15:02:33.132 1043-163/com.robotfood.cookv1 D/CookApp: cookos-: _OkHttp_<-- END HTTP
2022-09-27 15:02:33.565 1043-1/com.robotfood.cookv1 D/CookApp: HomeFragment: fragment on Attach
2022-09-27 15:02:33.593 1043-1/com.robotfood.cookv1 I/CookApp: PersistenceConfigProvider: getString key:operator_id defValue:
2022-09-27 15:02:33.595 1043-1/com.robotfood.cookv1 I/CookApp: PersistenceConfigProvider: getString key:store_id defValue:
2022-09-27 15:02:33.596 968-88/com.marsmarch.cookos D/CookOS: DeviceState: status = 1 ,cookBookid = , time = 0 , errcode =
2022-09-27 15:02:33.597 1043-1/com.robotfood.cookv1 D/CookApp: HomeFragment: user permission = [11600, 11603, 11604, 11600, 11601, 11603, 11604, 14700]
2022-09-27 15:02:33.597 1189-92/com.marsmarch.cookos I/CookOS: PersistenceConfigProvider: getInt key:http_model defValue:1
2022-09-27 15:02:33.600 1189-92/com.marsmarch.cookos I/CookOS: Analytics: AnalyticsFileCache: Report fail table_name = {"table_name":"pot_first_app_mainpage","body":"{\"click\":1,\"ctime\":1664262153592,\"operator_id\":\"zhangziqiang\",\"store_id\":\"392719\"}"} saved file = true
2022-09-27 15:02:33.605 968-88/com.marsmarch.cookos I/CookOS: ReleaseCookBookManager: queryCategory
2022-09-27 15:02:33.607 1043-1/com.robotfood.cookv1 D/CookApp: HomeFragment: current wifi rssi -> -47
2022-09-27 15:02:33.612 1043-1/com.robotfood.cookv1 D/CookApp: SettingFragment: fragment on Destroy
2022-09-27 15:02:33.614 1043-1/com.robotfood.cookv1 D/CookApp: HomeFragment: onResume
2022-09-27 15:02:33.715 1043-1/com.robotfood.cookv1 D/CookApp: HomeViewModel: app receive cookos data, size -> 24
2022-09-27 15:02:33.716 1043-1/com.robotfood.cookv1 D/CookApp: HomeViewModel: stick size is 0, home data size greater than 15,sublist 14
2022-09-27 15:02:33.720 968-88/com.marsmarch.cookos I/CookOS: ReleaseCookBookManager: queryCategory
2022-09-27 15:02:33.897 1043-1/com.robotfood.cookv1 D/CookApp: HomeViewModel: app receive cookos data, size -> 24
2022-09-27 15:02:33.899 1043-1/com.robotfood.cookv1 D/CookApp: HomeViewModel: stick size is 0, home data size greater than 15,sublist 14
2022-09-27 15:02:42.000 1043-1/com.robotfood.cookv1 D/CookApp: TraceLinker: reportStartLink with linkName = 手动炒制 linkId = bf65bbb0-2e55-46d8-823e-cd671c35fbb6_12
2022-09-27 15:02:42.001 1043-1/com.robotfood.cookv1 D/CookApp: TraceLogRecord: all recode size =0
2022-09-27 15:02:42.003 1043-1/com.robotfood.cookv1 I/CookApp: PersistenceConfigProvider: getString key:operator_id defValue:
2022-09-27 15:02:42.004 1189-92/com.marsmarch.cookos I/CookOS: PersistenceConfigProvider: getInt key:http_model defValue:1
2022-09-27 15:02:42.007 1043-88/com.robotfood.cookv1 D/CookApp: TraceLogRecord: reportLog = {"body":{"action":1,"c_time":1664262161999,"link_id":"bf65bbb0-2e55-46d8-823e-cd671c35fbb6_12","link_name":"手动炒制","node_id":0,"node_name":"","status":1,"type":1},"id":"1664262161999","time":1664262161999,"type":"trace_event"}
2022-09-27 15:02:42.009 968-64/com.marsmarch.cookos D/CookOS: MarsMarch_MQTT_MarsMarch_MQTTMqttClient: publish topic: =sys/v1/cooking/C01NCNA0320228303565/trace/event/push
2022-09-27 15:02:42.009 1189-92/com.marsmarch.cookos I/CookOS: Analytics: AnalyticsFileCache: Report fail table_name = {"table_name":"pot_first_app_mainpage","body":"{\"click\":3,\"ctime\":1664262162000,\"operator_id\":\"zhangziqiang\",\"store_id\":\"392719\"}"} saved file = true
2022-09-27 15:02:42.010 1043-1/com.robotfood.cookv1 I/CookApp: PersistenceConfigProvider: getString key:store_id defValue:
2022-09-27 15:02:42.011 1043-1/com.robotfood.cookv1 D/CookApp: HomeFragment: onPause
2022-09-27 15:02:42.012 1043-1/com.robotfood.cookv1 D/CookApp: HomeFragment: onStop
2022-09-27 15:02:42.013 1043-1/com.robotfood.cookv1 D/CookApp: HandCookV3Fragment: fragment on Attach
2022-09-27 15:02:42.075 1043-1/com.robotfood.cookv1 D/CookApp: HandCookViewModel: pageEvent enter:true
2022-09-27 15:02:42.076 1043-1/com.robotfood.cookv1 I/CookApp: PersistenceConfigProvider: getString key:operator_id defValue:
2022-09-27 15:02:42.077 1189-92/com.marsmarch.cookos I/CookOS: PersistenceConfigProvider: getInt key:http_model defValue:1
2022-09-27 15:02:42.077 1043-1/com.robotfood.cookv1 I/CookApp: PersistenceConfigProvider: getString key:store_id defValue:
2022-09-27 15:02:42.079 968-88/com.marsmarch.cookos V/CookOS: CommandProcess: receive command: {"command_action":"COMMAND_HW","command_param1":7,"command_param2":1,"command_param3":0}
2022-09-27 15:02:42.080 1043-1/com.robotfood.cookv1 I/CookApp: HandCookViewModel: init 
2022-09-27 15:02:42.081 1189-92/com.marsmarch.cookos I/CookOS: Analytics: AnalyticsFileCache: Report fail table_name = {"table_name":"pot_first_manualcook_mainpage","body":"{\"click\":1,\"ctime\":1664262162074,\"operator_id\":\"zhangziqiang\",\"store_id\":\"392719\"}"} saved file = true
2022-09-27 15:02:42.081 1043-1/com.robotfood.cookv1 D/CookApp: SolidPutManager: init
2022-09-27 15:02:42.081 968-88/com.marsmarch.cookos V/CookOS: HardwareManager: Request{seqNumber=10125, actionGroup=7, action=1, arg1=0, arg2=0, arg3=0, arg4=0}
2022-09-27 15:02:42.082 968-66/com.marsmarch.cookos V/CookOS: Command: command hex str: 6A6301007B007B008D27070001000000000000000000000000000000000000002E76
2022-09-27 15:02:42.092 968-65/com.marsmarch.cookos V/CookOS: SerialReadThread: read hex str: 6A6301007B007B008D27070001000100000000000000000000000000000000007F8A
2022-09-27 15:02:42.093 968-65/com.marsmarch.cookos V/CookOS: SerialReadThread: Response{seqNumber=10125, actionGroup=7, action=1, arg1=1, arg2=0, arg3=0, arg4=0}
2022-09-27 15:02:42.094 1043-1/com.robotfood.cookv1 I/CookApp: HandCookViewModel: reset
2022-09-27 15:02:42.094 968-88/com.marsmarch.cookos V/CookOS: CommandProcess: receive command: {"command_action":"COMMAND_HW","command_param1":7,"command_param2":1,"command_param3":0}
2022-09-27 15:02:42.096 968-88/com.marsmarch.cookos V/CookOS: HardwareManager: Request{seqNumber=10126, actionGroup=7, action=1, arg1=0, arg2=0, arg3=0, arg4=0}
2022-09-27 15:02:42.097 968-66/com.marsmarch.cookos V/CookOS: Command: command hex str: 6A6301007B007B008E2707000100000000000000000000000000000000000000CA89
2022-09-27 15:02:42.107 968-65/com.marsmarch.cookos V/CookOS: SerialReadThread: read hex str: 6A6301007B007B008E27070001000100000000000000000000000000000000009B75
2022-09-27 15:02:42.108 968-65/com.marsmarch.cookos V/CookOS: SerialReadThread: Response{seqNumber=10126, actionGroup=7, action=1, arg1=1, arg2=0, arg3=0, arg4=0}
2022-09-27 15:02:42.108 968-88/com.marsmarch.cookos V/CookOS: CommandProcess: receive command: {"command_action":"COMMAND_HW","command_param1":7,"command_param2":6,"command_param3":0}
2022-09-27 15:02:42.109 968-88/com.marsmarch.cookos V/CookOS: HardwareManager: Request{seqNumber=10127, actionGroup=7, action=6, arg1=0, arg2=0, arg3=0, arg4=0}
2022-09-27 15:02:42.110 968-66/com.marsmarch.cookos V/CookOS: Command: command hex str: 6A6301007B007B008F270700060000000000000000000000000000000000000022AB
2022-09-27 15:02:42.121 968-65/com.marsmarch.cookos V/CookOS: SerialReadThread: read hex str: 6A6301007B007B008F27070006000100000000000000000000000000000000007357
2022-09-27 15:02:42.122 968-65/com.marsmarch.cookos V/CookOS: SerialReadThread: Response{seqNumber=10127, actionGroup=7, action=6, arg1=1, arg2=0, arg3=0, arg4=0}
2022-09-27 15:02:42.122 1043-1/com.robotfood.cookv1 D/CookApp: ResetComponent: query potPosition -> true, stirPosition -> true
2022-09-27 15:02:42.124 968-88/com.marsmarch.cookos V/CookOS: CommandProcess: receive command: {"command_action":"COMMAND_HW","command_param1":7,"command_param2":4,"command_param3":0}
2022-09-27 15:02:42.125 968-88/com.marsmarch.cookos V/CookOS: HardwareManager: Request{seqNumber=10128, actionGroup=7, action=4, arg1=0, arg2=0, arg3=0, arg4=0}
2022-09-27 15:02:42.125 968-66/com.marsmarch.cookos V/CookOS: Command: command hex str: 6A6301007B007B00902707000400000000000000000000000000000000000000E71C
2022-09-27 15:02:42.135 968-65/com.marsmarch.cookos V/CookOS: SerialReadThread: read hex str: 6A6301007B007B0090270700040002000000000000000000000000000000000046A4
2022-09-27 15:02:42.136 968-65/com.marsmarch.cookos V/CookOS: SerialReadThread: Response{seqNumber=10128, actionGroup=7, action=4, arg1=2, arg2=0, arg3=0, arg4=0}
2022-09-27 15:02:42.137 1043-1/com.robotfood.cookv1 D/CookApp: ResetComponent: query solidBoxPosition -> true
2022-09-27 15:02:42.153 1043-1/com.robotfood.cookv1 D/CookApp: TraceLinker: reportNode with nodeName = 进入手动炒制 nodeId = 1
2022-09-27 15:02:42.153 968-88/com.marsmarch.cookos D/CookOS: DeviceState: status = 3 ,cookBookid = , time = 0 , errcode =
2022-09-27 15:02:42.154 1043-1/com.robotfood.cookv1 D/CookApp: TraceLogRecord: all recode size =0
2022-09-27 15:02:42.155 1043-88/com.robotfood.cookv1 D/CookApp: TraceLogRecord: reportLog = {"body":{"action":1,"c_time":1664262162152,"link_id":"bf65bbb0-2e55-46d8-823e-cd671c35fbb6_12","link_name":"手动炒制","node_id":1,"node_name":"进入手动炒制","status":1,"type":2},"id":"1664262162152","time":1664262162152,"type":"trace_event"}
2022-09-27 15:02:42.158 968-88/com.marsmarch.cookos D/CookOS: MarsMarch_MQTT_MarsMarch_MQTTMqttClient: publish topic: =sys/v1/cooking/C01NCNA0320228303565/trace/event/push
2022-09-27 15:02:42.162 1043-1/com.robotfood.cookv1 D/CookApp: HomeFragment: onDestroyView
2022-09-27 15:02:42.168 1043-1/com.robotfood.cookv1 D/CookApp: HomeFragment: fragment on Destroy
2022-09-27 15:02:45.782 1043-1/com.robotfood.cookv1 I/CookApp: HandCookViewModel: exit
2022-09-27 15:02:45.783 1043-1/com.robotfood.cookv1 I/CookApp: HandCookViewModel: session cook exit
2022-09-27 15:02:45.809 1043-1/com.robotfood.cookv1 D/CookApp: ForceStopFragment: fragment on Attach
2022-09-27 15:02:45.871 1043-1/com.robotfood.cookv1 D/CookApp: TraceLinker: reportNode with nodeName = 进入停止界面 nodeId = 2
2022-09-27 15:02:45.872 1043-1/com.robotfood.cookv1 D/CookApp: TraceLogRecord: all recode size =0
2022-09-27 15:02:45.873 968-64/com.marsmarch.cookos V/CookOS: CommandProcess: receive command: {"command_action":"COMMAND_HW","command_param1":2,"command_param2":1,"command_param3":0}
2022-09-27 15:02:45.874 968-64/com.marsmarch.cookos V/CookOS: HardwareManager: Request{seqNumber=10147, actionGroup=2, action=1, arg1=0, arg2=0, arg3=0, arg4=0}
2022-09-27 15:02:45.879 1043-88/com.robotfood.cookv1 D/CookApp: TraceLogRecord: reportLog = {"body":{"action":1,"c_time":1664262165870,"link_id":"bf65bbb0-2e55-46d8-823e-cd671c35fbb6_12","link_name":"手动炒制","node_id":2,"node_name":"进入停止界面","status":1,"type":2},"id":"1664262165870","time":1664262165870,"type":"trace_event"}
2022-09-27 15:02:45.880 1043-1/com.robotfood.cookv1 D/CookApp: HandCookViewModel: pageEvent enter:false
2022-09-27 15:02:45.881 1189-92/com.marsmarch.cookos I/CookOS: PersistenceConfigProvider: getInt key:http_model defValue:1
2022-09-27 15:02:45.883 1189-92/com.marsmarch.cookos I/CookOS: Analytics: AnalyticsFileCache: Report fail table_name = {"table_name":"pot_first_manualcook_mainpage","body":"{\"click\":2,\"ctime\":1664262165876,\"operator_id\":\"zhangziqiang\",\"store_id\":\"392719\"}"} saved file = true
2022-09-27 15:02:45.883 1043-1/com.robotfood.cookv1 I/CookApp: PersistenceConfigProvider: getString key:operator_id defValue:
2022-09-27 15:02:45.884 968-66/com.marsmarch.cookos V/CookOS: Command: command hex str: 6A6301007B007B00A327020001000000000000000000000000000000000000000E77
2022-09-27 15:02:45.884 1043-1/com.robotfood.cookv1 I/CookApp: PersistenceConfigProvider: getString key:store_id defValue:
2022-09-27 15:02:45.885 968-88/com.marsmarch.cookos D/CookOS: MarsMarch_MQTT_MarsMarch_MQTTMqttClient: publish topic: =sys/v1/cooking/C01NCNA0320228303565/trace/event/push
2022-09-27 15:02:45.886 1043-1/com.robotfood.cookv1 D/CookApp: HandCookV3Fragment: fragment on Destroy
2022-09-27 15:02:45.887 968-65/com.marsmarch.cookos V/CookOS: SerialReadThread: read hex str: 6A6301007B007B00A327020001000000000000000000000000000000000000000E77
2022-09-27 15:02:45.889 1043-1/com.robotfood.cookv1 I/CookApp: HandCookViewModel: un init 
2022-09-27 15:02:45.890 1043-1/com.robotfood.cookv1 D/CookApp: SolidPutManager: uninit
2022-09-27 15:02:45.892 968-65/com.marsmarch.cookos V/CookOS: SerialReadThread: Response{seqNumber=10147, actionGroup=2, action=1, arg1=0, arg2=0, arg3=0, arg4=0}
2022-09-27 15:02:45.896 968-64/com.marsmarch.cookos V/CookOS: CommandProcess: receive command: {"command_action":"COMMAND_HW","command_param1":2,"command_param2":2,"command_param3":0,"command_param4":0}
2022-09-27 15:02:45.898 968-64/com.marsmarch.cookos V/CookOS: HardwareManager: Request{seqNumber=10148, actionGroup=2, action=2, arg1=0, arg2=0, arg3=0, arg4=0}
2022-09-27 15:02:45.899 968-66/com.marsmarch.cookos V/CookOS: Command: command hex str: 6A6301007B007B00A42702000200000000000000000000000000000000000000DC6E
2022-09-27 15:02:45.903 968-65/com.marsmarch.cookos V/CookOS: SerialReadThread: read hex str: 6A6301007B007B00A42702000200000000000000000000000000000000000000DC6E
2022-09-27 15:02:45.904 968-65/com.marsmarch.cookos V/CookOS: SerialReadThread: Response{seqNumber=10148, actionGroup=2, action=2, arg1=0, arg2=0, arg3=0, arg4=0}
2022-09-27 15:02:45.906 968-64/com.marsmarch.cookos V/CookOS: CommandProcess: receive command: {"command_action":"COMMAND_HW","command_param1":3,"command_param2":2,"command_param3":103,"command_param4":0,"command_param5":0}
2022-09-27 15:02:45.907 968-64/com.marsmarch.cookos V/CookOS: HardwareManager: Request{seqNumber=10149, actionGroup=3, action=2, arg1=103, arg2=0, arg3=0, arg4=0}
2022-09-27 15:02:45.909 968-66/com.marsmarch.cookos V/CookOS: Command: command hex str: 6A6301007B007B00A52703000200670000000000000000000000000000000000FE5C
2022-09-27 15:02:45.918 968-65/com.marsmarch.cookos V/CookOS: SerialReadThread: read hex str: 6A6301007B007B00A52703000200670000000000000000000000000000000000FE5C
2022-09-27 15:02:45.919 968-65/com.marsmarch.cookos V/CookOS: SerialReadThread: Response{seqNumber=10149, actionGroup=3, action=2, arg1=103, arg2=0, arg3=0, arg4=0}
2022-09-27 15:02:45.920 968-64/com.marsmarch.cookos V/CookOS: CommandProcess: receive command: {"command_action":"COMMAND_HW","command_param1":3,"command_param2":2,"command_param3":102,"command_param4":0,"command_param5":0}
2022-09-27 15:02:45.921 968-64/com.marsmarch.cookos V/CookOS: HardwareManager: Request{seqNumber=10150, actionGroup=3, action=2, arg1=102, arg2=0, arg3=0, arg4=0}
2022-09-27 15:02:45.921 968-66/com.marsmarch.cookos V/CookOS: Command: command hex str: 6A6301007B007B00A627030002006600000000000000000000000000000000004B5F
2022-09-27 15:02:45.932 968-65/com.marsmarch.cookos V/CookOS: SerialReadThread: read hex str: 6A6301007B007B00A627030002006600000000000000000000000000000000004B5F
2022-09-27 15:02:45.934 968-65/com.marsmarch.cookos V/CookOS: SerialReadThread: Response{seqNumber=10150, actionGroup=3, action=2, arg1=102, arg2=0, arg3=0, arg4=0}
2022-09-27 15:02:45.936 968-64/com.marsmarch.cookos V/CookOS: CommandProcess: receive command: {"command_action":"COMMAND_HW","command_param1":3,"command_param2":2,"command_param3":101,"command_param4":0,"command_param5":0}
2022-09-27 15:02:45.937 968-64/com.marsmarch.cookos V/CookOS: HardwareManager: Request{seqNumber=10151, actionGroup=3, action=2, arg1=101, arg2=0, arg3=0, arg4=0}
2022-09-27 15:02:45.939 968-66/com.marsmarch.cookos V/CookOS: Command: command hex str: 6A6301007B007B00A72703000200650000000000000000000000000000000000E68E
2022-09-27 15:02:45.947 968-65/com.marsmarch.cookos V/CookOS: SerialReadThread: read hex str: 6A6301007B007B00A72703000200650000000000000000000000000000000000E68E
2022-09-27 15:02:45.948 968-65/com.marsmarch.cookos V/CookOS: SerialReadThread: Response{seqNumber=10151, actionGroup=3, action=2, arg1=101, arg2=0, arg3=0, arg4=0}
2022-09-27 15:02:45.949 968-64/com.marsmarch.cookos V/CookOS: CommandProcess: receive command: {"command_action":"COMMAND_HW","command_param1":3,"command_param2":2,"command_param3":1,"command_param4":0,"command_param5":0}
2022-09-27 15:02:45.950 968-64/com.marsmarch.cookos V/CookOS: HardwareManager: Request{seqNumber=10152, actionGroup=3, action=2, arg1=1, arg2=0, arg3=0, arg4=0}
2022-09-27 15:02:45.951 968-66/com.marsmarch.cookos V/CookOS: Command: command hex str: 6A6301007B007B00A82703000200010000000000000000000000000000000000C861
2022-09-27 15:02:45.962 968-65/com.marsmarch.cookos V/CookOS: SerialReadThread: read hex str: 6A6301007B007B00A82703000200010000000000000000000000000000000000C861
2022-09-27 15:02:45.963 968-65/com.marsmarch.cookos V/CookOS: SerialReadThread: Response{seqNumber=10152, actionGroup=3, action=2, arg1=1, arg2=0, arg3=0, arg4=0}
2022-09-27 15:02:45.964 968-64/com.marsmarch.cookos V/CookOS: CommandProcess: receive command: {"command_action":"COMMAND_HW","command_param1":3,"command_param2":2,"command_param3":2,"command_param4":0,"command_param5":0}
2022-09-27 15:02:45.965 968-64/com.marsmarch.cookos V/CookOS: HardwareManager: Request{seqNumber=10153, actionGroup=3, action=2, arg1=2, arg2=0, arg3=0, arg4=0}
2022-09-27 15:02:45.967 968-66/com.marsmarch.cookos V/CookOS: Command: command hex str: 6A6301007B007B00A9270300020002000000000000000000000000000000000065B0
2022-09-27 15:02:45.979 968-65/com.marsmarch.cookos V/CookOS: SerialReadThread: read hex str: 6A6301007B007B00A9270300020002000000000000000000000000000000000065B0
2022-09-27 15:02:45.979 968-65/com.marsmarch.cookos V/CookOS: SerialReadThread: Response{seqNumber=10153, actionGroup=3, action=2, arg1=2, arg2=0, arg3=0, arg4=0}
2022-09-27 15:02:45.980 968-64/com.marsmarch.cookos V/CookOS: CommandProcess: receive command: {"command_action":"COMMAND_HW","command_param1":3,"command_param2":2,"command_param3":3,"command_param4":0,"command_param5":0}
2022-09-27 15:02:45.981 968-64/com.marsmarch.cookos V/CookOS: HardwareManager: Request{seqNumber=10154, actionGroup=3, action=2, arg1=3, arg2=0, arg3=0, arg4=0}
2022-09-27 15:02:45.982 968-66/com.marsmarch.cookos V/CookOS: Command: command hex str: 6A6301007B007B00AA2703000200030000000000000000000000000000000000D0B3
2022-09-27 15:02:45.994 968-65/com.marsmarch.cookos V/CookOS: SerialReadThread: read hex str: 6A6301007B007B00AA2703000200030000000000000000000000000000000000D0B3
2022-09-27 15:02:45.995 968-65/com.marsmarch.cookos V/CookOS: SerialReadThread: Response{seqNumber=10154, actionGroup=3, action=2, arg1=3, arg2=0, arg3=0, arg4=0}
2022-09-27 15:02:45.996 968-64/com.marsmarch.cookos V/CookOS: CommandProcess: receive command: {"command_action":"COMMAND_HW","command_param1":3,"command_param2":2,"command_param3":4,"command_param4":0,"command_param5":0}
2022-09-27 15:02:45.997 968-64/com.marsmarch.cookos V/CookOS: HardwareManager: Request{seqNumber=10155, actionGroup=3, action=2, arg1=4, arg2=0, arg3=0, arg4=0}
2022-09-27 15:02:45.998 968-66/com.marsmarch.cookos V/CookOS: Command: command hex str: 6A6301007B007B00AB27030002000400000000000000000000000000000000003C53
2022-09-27 15:02:46.009 968-65/com.marsmarch.cookos V/CookOS: SerialReadThread: read hex str: 6A6301007B007B00AB27030002000400000000000000000000000000000000003C53
2022-09-27 15:02:46.011 968-65/com.marsmarch.cookos V/CookOS: SerialReadThread: Response{seqNumber=10155, actionGroup=3, action=2, arg1=4, arg2=0, arg3=0, arg4=0}
2022-09-27 15:02:46.013 968-64/com.marsmarch.cookos V/CookOS: CommandProcess: receive command: {"command_action":"COMMAND_HW","command_param1":3,"command_param2":2,"command_param3":5,"command_param4":0,"command_param5":0}
2022-09-27 15:02:46.014 968-64/com.marsmarch.cookos V/CookOS: HardwareManager: Request{seqNumber=10156, actionGroup=3, action=2, arg1=5, arg2=0, arg3=0, arg4=0}
2022-09-27 15:02:46.014 968-66/com.marsmarch.cookos V/CookOS: Command: command hex str: 6A6301007B007B00AC2703000200050000000000000000000000000000000000FB85
2022-09-27 15:02:46.029 968-65/com.marsmarch.cookos V/CookOS: SerialReadThread: read hex str: 6A6301007B007B00AC2703000200050000000000000000000000000000000000FB85
2022-09-27 15:02:46.030 968-65/com.marsmarch.cookos V/CookOS: SerialReadThread: Response{seqNumber=10156, actionGroup=3, action=2, arg1=5, arg2=0, arg3=0, arg4=0}
2022-09-27 15:02:46.032 968-64/com.marsmarch.cookos V/CookOS: CommandProcess: receive command: {"command_action":"COMMAND_HW","command_param1":3,"command_param2":2,"command_param3":6,"command_param4":0,"command_param5":0}
2022-09-27 15:02:46.033 968-64/com.marsmarch.cookos V/CookOS: HardwareManager: Request{seqNumber=10157, actionGroup=3, action=2, arg1=6, arg2=0, arg3=0, arg4=0}
2022-09-27 15:02:46.035 968-66/com.marsmarch.cookos V/CookOS: Command: command hex str: 6A6301007B007B00AD27030002000600000000000000000000000000000000005654
2022-09-27 15:02:46.044 968-65/com.marsmarch.cookos V/CookOS: SerialReadThread: read hex str: 6A6301007B007B00AD27030002000600000000000000000000000000000000005654
2022-09-27 15:02:46.044 968-65/com.marsmarch.cookos V/CookOS: SerialReadThread: Response{seqNumber=10157, actionGroup=3, action=2, arg1=6, arg2=0, arg3=0, arg4=0}
2022-09-27 15:02:46.045 968-64/com.marsmarch.cookos V/CookOS: CommandProcess: receive command: {"command_action":"COMMAND_HW","command_param1":7,"command_param2":4,"command_param3":0}
2022-09-27 15:02:46.046 968-64/com.marsmarch.cookos V/CookOS: HardwareManager: Request{seqNumber=10158, actionGroup=7, action=4, arg1=0, arg2=0, arg3=0, arg4=0}
2022-09-27 15:02:46.047 968-66/com.marsmarch.cookos V/CookOS: Command: command hex str: 6A6301007B007B00AE27070004000000000000000000000000000000000000009FB7
2022-09-27 15:02:46.058 968-65/com.marsmarch.cookos V/CookOS: SerialReadThread: read hex str: 6A6301007B007B00AE27070004000200000000000000000000000000000000003E0F
2022-09-27 15:02:46.059 968-65/com.marsmarch.cookos V/CookOS: SerialReadThread: Response{seqNumber=10158, actionGroup=7, action=4, arg1=2, arg2=0, arg3=0, arg4=0}
2022-09-27 15:02:46.060 968-64/com.marsmarch.cookos V/CookOS: CommandProcess: receive command: {"command_action":"COMMAND_HW","command_param1":7,"command_param2":6,"command_param3":0}
2022-09-27 15:02:46.061 968-64/com.marsmarch.cookos V/CookOS: HardwareManager: Request{seqNumber=10159, actionGroup=7, action=6, arg1=0, arg2=0, arg3=0, arg4=0}
2022-09-27 15:02:46.063 968-66/com.marsmarch.cookos V/CookOS: Command: command hex str: 6A6301007B007B00AF2707000600000000000000000000000000000000000000BBC0
2022-09-27 15:02:46.073 968-65/com.marsmarch.cookos V/CookOS: SerialReadThread: read hex str: 6A6301007B007B00AF2707000600010000000000000000000000000000000000EA3C
